../Core/FreeRTOS-Kernel/tasks.c:1620:20:prvCreateTask	48	static
../Core/FreeRTOS-Kernel/tasks.c:1718:16:xTaskCreate	40	static
../Core/FreeRTOS-Kernel/tasks.c:1793:13:prvInitialiseNewTask	40	static,ignoring_inline_asm
../Core/FreeRTOS-Kernel/tasks.c:2019:17:prvAddNewTaskToReadyList	24	static,ignoring_inline_asm
../Core/FreeRTOS-Kernel/tasks.c:2191:10:vTaskDelete	32	static,ignoring_inline_asm
../Core/FreeRTOS-Kernel/tasks.c:2343:16:xTaskDelayUntil	48	static,ignoring_inline_asm
../Core/FreeRTOS-Kernel/tasks.c:2435:10:vTaskDelay	24	static,ignoring_inline_asm
../Core/FreeRTOS-Kernel/tasks.c:2485:16:eTaskGetState	48	static,ignoring_inline_asm
../Core/FreeRTOS-Kernel/tasks.c:2617:17:uxTaskPriorityGet	24	static
../Core/FreeRTOS-Kernel/tasks.c:2643:17:uxTaskPriorityGetFromISR	40	static,ignoring_inline_asm
../Core/FreeRTOS-Kernel/tasks.c:2691:17:uxTaskBasePriorityGet	24	static
../Core/FreeRTOS-Kernel/tasks.c:2717:17:uxTaskBasePriorityGetFromISR	40	static,ignoring_inline_asm
../Core/FreeRTOS-Kernel/tasks.c:2765:10:vTaskPrioritySet	40	static,ignoring_inline_asm
../Core/FreeRTOS-Kernel/tasks.c:3121:10:vTaskSuspend	32	static,ignoring_inline_asm
../Core/FreeRTOS-Kernel/tasks.c:3283:23:prvTaskIsTaskSuspended	32	static,ignoring_inline_asm
../Core/FreeRTOS-Kernel/tasks.c:3353:10:vTaskResume	32	static,ignoring_inline_asm
../Core/FreeRTOS-Kernel/tasks.c:3414:16:xTaskResumeFromISR	48	static,ignoring_inline_asm
../Core/FreeRTOS-Kernel/tasks.c:3511:19:prvCreateIdleTasks	48	static
../Core/FreeRTOS-Kernel/tasks.c:3665:6:vTaskStartScheduler	24	static,ignoring_inline_asm
../Core/FreeRTOS-Kernel/tasks.c:3767:6:vTaskEndScheduler	16	static,ignoring_inline_asm
../Core/FreeRTOS-Kernel/tasks.c:3810:6:vTaskSuspendAll	4	static,ignoring_inline_asm
../Core/FreeRTOS-Kernel/tasks.c:3955:12:xTaskResumeAll	40	static,ignoring_inline_asm
../Core/FreeRTOS-Kernel/tasks.c:4105:12:xTaskGetTickCount	16	static
../Core/FreeRTOS-Kernel/tasks.c:4124:12:xTaskGetTickCountFromISR	16	static
../Core/FreeRTOS-Kernel/tasks.c:4159:13:uxTaskGetNumberOfTasks	4	static
../Core/FreeRTOS-Kernel/tasks.c:4171:8:pcTaskGetName	24	static,ignoring_inline_asm
../Core/FreeRTOS-Kernel/tasks.c:4384:17:uxTaskGetSystemState	32	static
../Core/FreeRTOS-Kernel/tasks.c:4545:12:xTaskCatchUpTicks	24	static,ignoring_inline_asm
../Core/FreeRTOS-Kernel/tasks.c:4669:12:xTaskIncrementTick	48	static,ignoring_inline_asm
../Core/FreeRTOS-Kernel/tasks.c:5055:10:vTaskSwitchContext	32	static,ignoring_inline_asm
../Core/FreeRTOS-Kernel/tasks.c:5242:6:vTaskPlaceOnEventList	24	static,ignoring_inline_asm
../Core/FreeRTOS-Kernel/tasks.c:5271:6:vTaskPlaceOnUnorderedEventList	40	static,ignoring_inline_asm
../Core/FreeRTOS-Kernel/tasks.c:5340:12:xTaskRemoveFromEventList	48	static,ignoring_inline_asm
../Core/FreeRTOS-Kernel/tasks.c:5433:6:vTaskRemoveFromUnorderedEventList	40	static,ignoring_inline_asm
../Core/FreeRTOS-Kernel/tasks.c:5505:6:vTaskSetTimeOutState	24	static,ignoring_inline_asm
../Core/FreeRTOS-Kernel/tasks.c:5521:6:vTaskInternalSetTimeOutState	16	static
../Core/FreeRTOS-Kernel/tasks.c:5533:12:xTaskCheckForTimeOut	40	static,ignoring_inline_asm
../Core/FreeRTOS-Kernel/tasks.c:5602:6:vTaskMissedYield	4	static
../Core/FreeRTOS-Kernel/tasks.c:5615:17:uxTaskGetTaskNumber	24	static
../Core/FreeRTOS-Kernel/tasks.c:5642:10:vTaskSetTaskNumber	24	static
../Core/FreeRTOS-Kernel/tasks.c:5747:8:prvIdleTask	16	static,ignoring_inline_asm
../Core/FreeRTOS-Kernel/tasks.c:6010:13:prvInitialiseTaskLists	16	static
../Core/FreeRTOS-Kernel/tasks.c:6042:13:prvCheckTasksWaitingTermination	16	static
../Core/FreeRTOS-Kernel/tasks.c:6120:10:vTaskGetInfo	32	static
../Core/FreeRTOS-Kernel/tasks.c:6267:24:prvListTasksWithinSingleList	40	static
../Core/FreeRTOS-Kernel/tasks.c:6306:35:prvTaskCheckFreeStackSpace	24	static
../Core/FreeRTOS-Kernel/tasks.c:6402:17:prvDeleteTCB	16	static
../Core/FreeRTOS-Kernel/tasks.c:6455:13:prvResetNextTaskUnblockTime	4	static
../Core/FreeRTOS-Kernel/tasks.c:6479:22:xTaskGetCurrentTaskHandle	16	static
../Core/FreeRTOS-Kernel/tasks.c:6514:18:xTaskGetCurrentTaskHandleForCore	24	static
../Core/FreeRTOS-Kernel/tasks.c:6579:16:xTaskPriorityInherit	32	static
../Core/FreeRTOS-Kernel/tasks.c:6682:16:xTaskPriorityDisinherit	40	static,ignoring_inline_asm
../Core/FreeRTOS-Kernel/tasks.c:6776:10:vTaskPriorityDisinheritAfterTimeout	48	static,ignoring_inline_asm
../Core/FreeRTOS-Kernel/tasks.c:7568:12:uxTaskResetEventItemValue	16	static
../Core/FreeRTOS-Kernel/tasks.c:7588:18:pvTaskIncrementMutexHeldCount	16	static
../Core/FreeRTOS-Kernel/tasks.c:7613:14:ulTaskGenericNotifyTake	40	static,ignoring_inline_asm
../Core/FreeRTOS-Kernel/tasks.c:7716:16:xTaskGenericNotifyWait	40	static,ignoring_inline_asm
../Core/FreeRTOS-Kernel/tasks.c:7831:16:xTaskGenericNotify	64	static,ignoring_inline_asm
../Core/FreeRTOS-Kernel/tasks.c:7951:16:xTaskGenericNotifyFromISR	80	static,ignoring_inline_asm
../Core/FreeRTOS-Kernel/tasks.c:8117:10:vTaskGenericNotifyGiveFromISR	72	static,ignoring_inline_asm
../Core/FreeRTOS-Kernel/tasks.c:8233:16:xTaskGenericNotifyStateClear	32	static,ignoring_inline_asm
../Core/FreeRTOS-Kernel/tasks.c:8271:14:ulTaskGenericNotifyValueClear	40	static,ignoring_inline_asm
../Core/FreeRTOS-Kernel/tasks.c:8414:13:prvAddCurrentTaskToDelayedList	40	static
../Core/FreeRTOS-Kernel/tasks.c:8644:6:vTaskResetState	16	static
