Archive member included to satisfy reference by file (symbol)

C:/ST/STM32CubeIDE_1.17.0/STM32CubeIDE/plugins/com.st.stm32cube.ide.mcu.externaltools.gnu-tools-for-stm32.12.3.rel1.win32_1.1.0.202410251130/tools/bin/../lib/gcc/arm-none-eabi/12.3.1/../../../../arm-none-eabi/lib/thumb/v7e-m+fp/hard\libc_nano.a(libc_a-exit.o)
                              C:/ST/STM32CubeIDE_1.17.0/STM32CubeIDE/plugins/com.st.stm32cube.ide.mcu.externaltools.gnu-tools-for-stm32.12.3.rel1.win32_1.1.0.202410251130/tools/bin/../lib/gcc/arm-none-eabi/12.3.1/../../../../arm-none-eabi/lib/thumb/v7e-m+fp/hard/crt0.o (exit)
C:/ST/STM32CubeIDE_1.17.0/STM32CubeIDE/plugins/com.st.stm32cube.ide.mcu.externaltools.gnu-tools-for-stm32.12.3.rel1.win32_1.1.0.202410251130/tools/bin/../lib/gcc/arm-none-eabi/12.3.1/../../../../arm-none-eabi/lib/thumb/v7e-m+fp/hard\libc_nano.a(libc_a-rand.o)
                              ./Core/Src/main.o (rand)
C:/ST/STM32CubeIDE_1.17.0/STM32CubeIDE/plugins/com.st.stm32cube.ide.mcu.externaltools.gnu-tools-for-stm32.12.3.rel1.win32_1.1.0.202410251130/tools/bin/../lib/gcc/arm-none-eabi/12.3.1/../../../../arm-none-eabi/lib/thumb/v7e-m+fp/hard\libc_nano.a(libc_a-findfp.o)
                              C:/ST/STM32CubeIDE_1.17.0/STM32CubeIDE/plugins/com.st.stm32cube.ide.mcu.externaltools.gnu-tools-for-stm32.12.3.rel1.win32_1.1.0.202410251130/tools/bin/../lib/gcc/arm-none-eabi/12.3.1/../../../../arm-none-eabi/lib/thumb/v7e-m+fp/hard\libc_nano.a(libc_a-exit.o) (__stdio_exit_handler)
C:/ST/STM32CubeIDE_1.17.0/STM32CubeIDE/plugins/com.st.stm32cube.ide.mcu.externaltools.gnu-tools-for-stm32.12.3.rel1.win32_1.1.0.202410251130/tools/bin/../lib/gcc/arm-none-eabi/12.3.1/../../../../arm-none-eabi/lib/thumb/v7e-m+fp/hard\libc_nano.a(libc_a-fwalk.o)
                              C:/ST/STM32CubeIDE_1.17.0/STM32CubeIDE/plugins/com.st.stm32cube.ide.mcu.externaltools.gnu-tools-for-stm32.12.3.rel1.win32_1.1.0.202410251130/tools/bin/../lib/gcc/arm-none-eabi/12.3.1/../../../../arm-none-eabi/lib/thumb/v7e-m+fp/hard\libc_nano.a(libc_a-findfp.o) (_fwalk_sglue)
C:/ST/STM32CubeIDE_1.17.0/STM32CubeIDE/plugins/com.st.stm32cube.ide.mcu.externaltools.gnu-tools-for-stm32.12.3.rel1.win32_1.1.0.202410251130/tools/bin/../lib/gcc/arm-none-eabi/12.3.1/../../../../arm-none-eabi/lib/thumb/v7e-m+fp/hard\libc_nano.a(libc_a-stdio.o)
                              C:/ST/STM32CubeIDE_1.17.0/STM32CubeIDE/plugins/com.st.stm32cube.ide.mcu.externaltools.gnu-tools-for-stm32.12.3.rel1.win32_1.1.0.202410251130/tools/bin/../lib/gcc/arm-none-eabi/12.3.1/../../../../arm-none-eabi/lib/thumb/v7e-m+fp/hard\libc_nano.a(libc_a-findfp.o) (__sread)
C:/ST/STM32CubeIDE_1.17.0/STM32CubeIDE/plugins/com.st.stm32cube.ide.mcu.externaltools.gnu-tools-for-stm32.12.3.rel1.win32_1.1.0.202410251130/tools/bin/../lib/gcc/arm-none-eabi/12.3.1/../../../../arm-none-eabi/lib/thumb/v7e-m+fp/hard\libc_nano.a(libc_a-memset.o)
                              C:/ST/STM32CubeIDE_1.17.0/STM32CubeIDE/plugins/com.st.stm32cube.ide.mcu.externaltools.gnu-tools-for-stm32.12.3.rel1.win32_1.1.0.202410251130/tools/bin/../lib/gcc/arm-none-eabi/12.3.1/../../../../arm-none-eabi/lib/thumb/v7e-m+fp/hard/crt0.o (memset)
C:/ST/STM32CubeIDE_1.17.0/STM32CubeIDE/plugins/com.st.stm32cube.ide.mcu.externaltools.gnu-tools-for-stm32.12.3.rel1.win32_1.1.0.202410251130/tools/bin/../lib/gcc/arm-none-eabi/12.3.1/../../../../arm-none-eabi/lib/thumb/v7e-m+fp/hard\libc_nano.a(libc_a-closer.o)
                              C:/ST/STM32CubeIDE_1.17.0/STM32CubeIDE/plugins/com.st.stm32cube.ide.mcu.externaltools.gnu-tools-for-stm32.12.3.rel1.win32_1.1.0.202410251130/tools/bin/../lib/gcc/arm-none-eabi/12.3.1/../../../../arm-none-eabi/lib/thumb/v7e-m+fp/hard\libc_nano.a(libc_a-stdio.o) (_close_r)
C:/ST/STM32CubeIDE_1.17.0/STM32CubeIDE/plugins/com.st.stm32cube.ide.mcu.externaltools.gnu-tools-for-stm32.12.3.rel1.win32_1.1.0.202410251130/tools/bin/../lib/gcc/arm-none-eabi/12.3.1/../../../../arm-none-eabi/lib/thumb/v7e-m+fp/hard\libc_nano.a(libc_a-reent.o)
                              C:/ST/STM32CubeIDE_1.17.0/STM32CubeIDE/plugins/com.st.stm32cube.ide.mcu.externaltools.gnu-tools-for-stm32.12.3.rel1.win32_1.1.0.202410251130/tools/bin/../lib/gcc/arm-none-eabi/12.3.1/../../../../arm-none-eabi/lib/thumb/v7e-m+fp/hard\libc_nano.a(libc_a-closer.o) (errno)
C:/ST/STM32CubeIDE_1.17.0/STM32CubeIDE/plugins/com.st.stm32cube.ide.mcu.externaltools.gnu-tools-for-stm32.12.3.rel1.win32_1.1.0.202410251130/tools/bin/../lib/gcc/arm-none-eabi/12.3.1/../../../../arm-none-eabi/lib/thumb/v7e-m+fp/hard\libc_nano.a(libc_a-impure.o)
                              C:/ST/STM32CubeIDE_1.17.0/STM32CubeIDE/plugins/com.st.stm32cube.ide.mcu.externaltools.gnu-tools-for-stm32.12.3.rel1.win32_1.1.0.202410251130/tools/bin/../lib/gcc/arm-none-eabi/12.3.1/../../../../arm-none-eabi/lib/thumb/v7e-m+fp/hard\libc_nano.a(libc_a-rand.o) (_impure_ptr)
[...]
Memory Configuration

Name             Origin             Length             Attributes
CCMRAM           0x10000000         0x00010000         xrw
RAM              0x20000000         0x00020000         xrw
FLASH            0x08000000         0x00100000         xr
*default*        0x00000000         0xffffffff

Linker script and memory map

LOAD C:/ST/STM32CubeIDE_1.17.0/STM32CubeIDE/plugins/com.st.stm32cube.ide.mcu.externaltools.gnu-tools-for-stm32.12.3.rel1.win32_1.1.0.202410251130/tools/bin/../lib/gcc/arm-none-eabi/12.3.1/thumb/v7e-m+fp/hard/crti.o
LOAD C:/ST/STM32CubeIDE_1.17.0/STM32CubeIDE/plugins/com.st.stm32cube.ide.mcu.externaltools.gnu-tools-for-stm32.12.3.rel1.win32_1.1.0.202410251130/tools/bin/../lib/gcc/arm-none-eabi/12.3.1/thumb/v7e-m+fp/hard/crtbegin.o
LOAD C:/ST/STM32CubeIDE_1.17.0/STM32CubeIDE/plugins/com.st.stm32cube.ide.mcu.externaltools.gnu-tools-for-stm32.12.3.rel1.win32_1.1.0.202410251130/tools/bin/../lib/gcc/arm-none-eabi/12.3.1/../../../../arm-none-eabi/lib/thumb/v7e-m+fp/hard/crt0.o
LOAD ./Core/FreeRTOS-Kernel/croutine.o
LOAD ./Core/FreeRTOS-Kernel/event_groups.o
LOAD ./Core/FreeRTOS-Kernel/list.o
LOAD ./Core/FreeRTOS-Kernel/queue.o
LOAD ./Core/FreeRTOS-Kernel/stream_buffer.o
LOAD ./Core/FreeRTOS-Kernel/tasks.o
LOAD ./Core/FreeRTOS-Kernel/timers.o
LOAD ./Core/FreeRTOS-Kernel/portable/GCC/ARM_CM4F/port.o
LOAD ./Core/FreeRTOS-Kernel/portable/MemMang/heap_1.o
LOAD ./Core/Src/main.o
LOAD ./Core/Src/stm32f4xx_hal_msp.o
LOAD ./Core/Src/stm32f4xx_hal_timebase_tim.o
LOAD ./Core/Src/stm32f4xx_it.o
LOAD ./Core/Src/syscalls.o
LOAD ./Core/Src/sysmem.o
LOAD ./Core/Src/system_stm32f4xx.o
LOAD ./Core/Startup/startup_stm32f407vgtx.o
LOAD ./Drivers/STM32F4xx_HAL_Driver/Src/stm32f4xx_hal.o
LOAD ./Drivers/STM32F4xx_HAL_Driver/Src/stm32f4xx_hal_cortex.o
LOAD ./Drivers/STM32F4xx_HAL_Driver/Src/stm32f4xx_hal_dma.o
LOAD ./Drivers/STM32F4xx_HAL_Driver/Src/stm32f4xx_hal_dma_ex.o
LOAD ./Drivers/STM32F4xx_HAL_Driver/Src/stm32f4xx_hal_exti.o
LOAD ./Drivers/STM32F4xx_HAL_Driver/Src/stm32f4xx_hal_flash.o
LOAD ./Drivers/STM32F4xx_HAL_Driver/Src/stm32f4xx_hal_flash_ex.o
LOAD ./Drivers/STM32F4xx_HAL_Driver/Src/stm32f4xx_hal_flash_ramfunc.o
LOAD ./Drivers/STM32F4xx_HAL_Driver/Src/stm32f4xx_hal_gpio.o
LOAD ./Drivers/STM32F4xx_HAL_Driver/Src/stm32f4xx_hal_pwr.o
LOAD ./Drivers/STM32F4xx_HAL_Driver/Src/stm32f4xx_hal_pwr_ex.o
LOAD ./Drivers/STM32F4xx_HAL_Driver/Src/stm32f4xx_hal_rcc.o
LOAD ./Drivers/STM32F4xx_HAL_Driver/Src/stm32f4xx_hal_rcc_ex.o
LOAD ./Drivers/STM32F4xx_HAL_Driver/Src/stm32f4xx_hal_tim.o
LOAD ./Drivers/STM32F4xx_HAL_Driver/Src/stm32f4xx_hal_tim_ex.o
START GROUP
LOAD C:/ST/STM32CubeIDE_1.17.0/STM32CubeIDE/plugins/com.st.stm32cube.ide.mcu.externaltools.gnu-tools-for-stm32.12.3.rel1.win32_1.1.0.202410251130/tools/bin/../lib/gcc/arm-none-eabi/12.3.1/../../../../arm-none-eabi/lib/thumb/v7e-m+fp/hard\libc_nano.a
LOAD C:/ST/STM32CubeIDE_1.17.0/STM32CubeIDE/plugins/com.st.stm32cube.ide.mcu.externaltools.gnu-tools-for-stm32.12.3.rel1.win32_1.1.0.202410251130/tools/bin/../lib/gcc/arm-none-eabi/12.3.1/../../../../arm-none-eabi/lib/thumb/v7e-m+fp/hard\libm.a
END GROUP
START GROUP
LOAD C:/ST/STM32CubeIDE_1.17.0/STM32CubeIDE/plugins/com.st.stm32cube.ide.mcu.externaltools.gnu-tools-for-stm32.12.3.rel1.win32_1.1.0.202410251130/tools/bin/../lib/gcc/arm-none-eabi/12.3.1/thumb/v7e-m+fp/hard\libgcc.a
LOAD C:/ST/STM32CubeIDE_1.17.0/STM32CubeIDE/plugins/com.st.stm32cube.ide.mcu.externaltools.gnu-tools-for-stm32.12.3.rel1.win32_1.1.0.202410251130/tools/bin/../lib/gcc/arm-none-eabi/12.3.1/../../../../arm-none-eabi/lib/thumb/v7e-m+fp/hard\libc_nano.a
END GROUP
START GROUP
LOAD C:/ST/STM32CubeIDE_1.17.0/STM32CubeIDE/plugins/com.st.stm32cube.ide.mcu.externaltools.gnu-tools-for-stm32.12.3.rel1.win32_1.1.0.202410251130/tools/bin/../lib/gcc/arm-none-eabi/12.3.1/thumb/v7e-m+fp/hard\libgcc.a
LOAD C:/ST/STM32CubeIDE_1.17.0/STM32CubeIDE/plugins/com.st.stm32cube.ide.mcu.externaltools.gnu-tools-for-stm32.12.3.rel1.win32_1.1.0.202410251130/tools/bin/../lib/gcc/arm-none-eabi/12.3.1/../../../../arm-none-eabi/lib/thumb/v7e-m+fp/hard\libc_nano.a
LOAD C:/ST/STM32CubeIDE_1.17.0/STM32CubeIDE/plugins/com.st.stm32cube.ide.mcu.externaltools.gnu-tools-for-stm32.12.3.rel1.win32_1.1.0.202410251130/tools/bin/../lib/gcc/arm-none-eabi/12.3.1/../../../../arm-none-eabi/lib/thumb/v7e-m+fp/hard\libnosys.a
END GROUP
START GROUP
LOAD C:/ST/STM32CubeIDE_1.17.0/STM32CubeIDE/plugins/com.st.stm32cube.ide.mcu.externaltools.gnu-tools-for-stm32.12.3.rel1.win32_1.1.0.202410251130/tools/bin/../lib/gcc/arm-none-eabi/12.3.1/thumb/v7e-m+fp/hard\libgcc.a
LOAD C:/ST/STM32CubeIDE_1.17.0/STM32CubeIDE/plugins/com.st.stm32cube.ide.mcu.externaltools.gnu-tools-for-stm32.12.3.rel1.win32_1.1.0.202410251130/tools/bin/../lib/gcc/arm-none-eabi/12.3.1/../../../../arm-none-eabi/lib/thumb/v7e-m+fp/hard\libc_nano.a
LOAD C:/ST/STM32CubeIDE_1.17.0/STM32CubeIDE/plugins/com.st.stm32cube.ide.mcu.externaltools.gnu-tools-for-stm32.12.3.rel1.win32_1.1.0.202410251130/tools/bin/../lib/gcc/arm-none-eabi/12.3.1/../../../../arm-none-eabi/lib/thumb/v7e-m+fp/hard\libnosys.a
END GROUP
LOAD C:/ST/STM32CubeIDE_1.17.0/STM32CubeIDE/plugins/com.st.stm32cube.ide.mcu.externaltools.gnu-tools-for-stm32.12.3.rel1.win32_1.1.0.202410251130/tools/bin/../lib/gcc/arm-none-eabi/12.3.1/thumb/v7e-m+fp/hard/crtend.o
LOAD C:/ST/STM32CubeIDE_1.17.0/STM32CubeIDE/plugins/com.st.stm32cube.ide.mcu.externaltools.gnu-tools-for-stm32.12.3.rel1.win32_1.1.0.202410251130/tools/bin/../lib/gcc/arm-none-eabi/12.3.1/thumb/v7e-m+fp/hard/crtn.o
                0x20020000                        _estack = (ORIGIN (RAM) + LENGTH (RAM))
                0x00000200                        _Min_Heap_Size = 0x200
                0x00000400                        _Min_Stack_Size = 0x400

.isr_vector     0x08000000      0x188
                0x08000000                        . = ALIGN (0x4)
 *(.isr_vector)
 .isr_vector    0x08000000      0x188 ./Core/Startup/startup_stm32f407vgtx.o
                0x08000000                g_pfnVectors
                0x08000188                        . = ALIGN (0x4)

.text           0x08000190     0x50c0
                0x08000190                        . = ALIGN (0x4)
 *(.text)
 .text          0x08000190       0x40 C:/ST/STM32CubeIDE_1.17.0/STM32CubeIDE/plugins/com.st.stm32cube.ide.mcu.externaltools.gnu-tools-for-stm32.12.3.rel1.win32_1.1.0.202410251130/tools/bin/../lib/gcc/arm-none-eabi/12.3.1/thumb/v7e-m+fp/hard/crtbegin.o
 .text          0x080001d0       0xa0 C:/ST/STM32CubeIDE_1.17.0/STM32CubeIDE/plugins/com.st.stm32cube.ide.mcu.externaltools.gnu-tools-for-stm32.12.3.rel1.win32_1.1.0.202410251130/tools/bin/../lib/gcc/arm-none-eabi/12.3.1/../../../../arm-none-eabi/lib/thumb/v7e-m+fp/hard\libc_nano.a(libc_a-memchr.o)
                0x080001d0                memchr
 .text          0x08000270       0x30 C:/ST/STM32CubeIDE_1.17.0/STM32CubeIDE/plugins/com.st.stm32cube.ide.mcu.externaltools.gnu-tools-for-stm32.12.3.rel1.win32_1.1.0.202410251130/tools/bin/../lib/gcc/arm-none-eabi/12.3.1/thumb/v7e-m+fp/hard\libgcc.a(_aeabi_uldivmod.o)
                0x08000270                __aeabi_uldivmod
 .text          0x080002a0      0x2bc C:/ST/STM32CubeIDE_1.17.0/STM32CubeIDE/plugins/com.st.stm32cube.ide.mcu.externaltools.gnu-tools-for-stm32.12.3.rel1.win32_1.1.0.202410251130/tools/bin/../lib/gcc/arm-none-eabi/12.3.1/thumb/v7e-m+fp/hard\libgcc.a(_udivmoddi4.o)
                0x080002a0                __udivmoddi4
 .text          0x0800055c        0x4 C:/ST/STM32CubeIDE_1.17.0/STM32CubeIDE/plugins/com.st.stm32cube.ide.mcu.externaltools.gnu-tools-for-stm32.12.3.rel1.win32_1.1.0.202410251130/tools/bin/../lib/gcc/arm-none-eabi/12.3.1/thumb/v7e-m+fp/hard\libgcc.a(_dvmd_tls.o)
                0x0800055c                __aeabi_idiv0
                0x0800055c                __aeabi_ldiv0
 *(.text*)
 .text.vListInitialise
                0x08000560       0x40 ./Core/FreeRTOS-Kernel/list.o
                0x08000560                vListInitialise
 .text.vListInitialiseItem
                0x080005a0       0x1a ./Core/FreeRTOS-Kernel/list.o
                0x080005a0                vListInitialiseItem
 .text.vListInsert
                0x080005ba       0x72 ./Core/FreeRTOS-Kernel/list.o
                0x080005ba                vListInsert
 .text.uxListRemove
                0x0800062c       0x54 ./Core/FreeRTOS-Kernel/list.o
                0x0800062c                uxListRemove
 .text.xQueueGenericReset
                0x08000680      0x124 ./Core/FreeRTOS-Kernel/queue.o
                0x08000680                xQueueGenericReset
 .text.xQueueGenericCreate
                0x080007a4       0x9e ./Core/FreeRTOS-Kernel/queue.o
                0x080007a4                xQueueGenericCreate
 .text.prvInitialiseNewQueue
                0x08000842       0x46 ./Core/FreeRTOS-Kernel/queue.o
 .text.xQueueGenericSend
                0x08000888      0x1d4 ./Core/FreeRTOS-Kernel/queue.o
                0x08000888                xQueueGenericSend
 .text.xQueueReceive
                0x08000a5c      0x194 ./Core/FreeRTOS-Kernel/queue.o
                0x08000a5c                xQueueReceive
 .text.prvCopyDataToQueue
                0x08000bf0       0xd4 ./Core/FreeRTOS-Kernel/queue.o
 .text.prvCopyDataFromQueue
                0x08000cc4       0x4c ./Core/FreeRTOS-Kernel/queue.o
 .text.prvUnlockQueue
                0x08000d10       0xa4 ./Core/FreeRTOS-Kernel/queue.o
 .text.prvIsQueueEmpty
                0x08000db4       0x2c ./Core/FreeRTOS-Kernel/queue.o
 .text.prvIsQueueFull
                0x08000de0       0x30 ./Core/FreeRTOS-Kernel/queue.o
 .text.prvCreateTask
                0x08000e10       0x78 ./Core/FreeRTOS-Kernel/tasks.o
 .text.xTaskCreate
                0x08000e88       0x46 ./Core/FreeRTOS-Kernel/tasks.o
                0x08000e88                xTaskCreate
 .text.prvInitialiseNewTask
                0x08000ece      0x120 ./Core/FreeRTOS-Kernel/tasks.o
 *fill*         0x08000fee        0x2 
 .text.prvAddNewTaskToReadyList
                0x08000ff0      0x130 ./Core/FreeRTOS-Kernel/tasks.o
 .text.vTaskDelay
                0x08001120       0x6c ./Core/FreeRTOS-Kernel/tasks.o
                0x08001120                vTaskDelay
 .text.prvCreateIdleTasks
                0x0800118c       0x94 ./Core/FreeRTOS-Kernel/tasks.o
 .text.vTaskStartScheduler
                0x08001220       0x7c ./Core/FreeRTOS-Kernel/tasks.o
                0x08001220                vTaskStartScheduler
 .text.vTaskSuspendAll
                0x0800129c       0x1c ./Core/FreeRTOS-Kernel/tasks.o
                0x0800129c                vTaskSuspendAll
 .text.xTaskResumeAll
                0x080012b8      0x210 ./Core/FreeRTOS-Kernel/tasks.o
                0x080012b8                xTaskResumeAll
 .text.xTaskIncrementTick
                0x080014c8      0x234 ./Core/FreeRTOS-Kernel/tasks.o
                0x080014c8                xTaskIncrementTick
 .text.vTaskSwitchContext
                0x080016fc       0xbc ./Core/FreeRTOS-Kernel/tasks.o
                0x080016fc                vTaskSwitchContext
 .text.vTaskPlaceOnEventList
                0x080017b8       0x4c ./Core/FreeRTOS-Kernel/tasks.o
                0x080017b8                vTaskPlaceOnEventList
 .text.xTaskRemoveFromEventList
                0x08001804      0x1b4 ./Core/FreeRTOS-Kernel/tasks.o
                0x08001804                xTaskRemoveFromEventList
 .text.vTaskInternalSetTimeOutState
                0x080019b8       0x2c ./Core/FreeRTOS-Kernel/tasks.o
                0x080019b8                vTaskInternalSetTimeOutState
 .text.xTaskCheckForTimeOut
                0x080019e4       0xd0 ./Core/FreeRTOS-Kernel/tasks.o
                0x080019e4                xTaskCheckForTimeOut
 .text.vTaskMissedYield
                0x08001ab4       0x18 ./Core/FreeRTOS-Kernel/tasks.o
                0x08001ab4                vTaskMissedYield
 .text.prvIdleTask
                0x08001acc       0x30 ./Core/FreeRTOS-Kernel/tasks.o
 .text.prvInitialiseTaskLists
                0x08001afc       0x80 ./Core/FreeRTOS-Kernel/tasks.o
 .text.prvCheckTasksWaitingTermination
                0x08001b7c       0x5c ./Core/FreeRTOS-Kernel/tasks.o
 .text.prvDeleteTCB
                0x08001bd8       0x20 ./Core/FreeRTOS-Kernel/tasks.o
 .text.prvResetNextTaskUnblockTime
                0x08001bf8       0x38 ./Core/FreeRTOS-Kernel/tasks.o
 .text.xTaskPriorityDisinherit
                0x08001c30      0x150 ./Core/FreeRTOS-Kernel/tasks.o
                0x08001c30                xTaskPriorityDisinherit
 .text.prvAddCurrentTaskToDelayedList
                0x08001d80      0x104 ./Core/FreeRTOS-Kernel/tasks.o
 .text.pxPortInitialiseStack
                0x08001e84       0x68 ./Core/FreeRTOS-Kernel/portable/GCC/ARM_CM4F/port.o
                0x08001e84                pxPortInitialiseStack
 .text.prvTaskExitError
                0x08001eec       0x5c ./Core/FreeRTOS-Kernel/portable/GCC/ARM_CM4F/port.o
 *fill*         0x08001f48        0x8 
 .text.SVC_Handler
                0x08001f50       0x28 ./Core/FreeRTOS-Kernel/portable/GCC/ARM_CM4F/port.o
                0x08001f50                SVC_Handler
 .text.prvPortStartFirstTask
                0x08001f78       0x2c ./Core/FreeRTOS-Kernel/portable/GCC/ARM_CM4F/port.o
 .text.xPortStartScheduler
                0x08001fa4      0x1e0 ./Core/FreeRTOS-Kernel/portable/GCC/ARM_CM4F/port.o
                0x08001fa4                xPortStartScheduler
 .text.vPortEnterCritical
                0x08002184       0x64 ./Core/FreeRTOS-Kernel/portable/GCC/ARM_CM4F/port.o
                0x08002184                vPortEnterCritical
 .text.vPortExitCritical
                0x080021e8       0x54 ./Core/FreeRTOS-Kernel/portable/GCC/ARM_CM4F/port.o
                0x080021e8                vPortExitCritical
 *fill*         0x0800223c        0x4 
 .text.PendSV_Handler
                0x08002240       0x68 ./Core/FreeRTOS-Kernel/portable/GCC/ARM_CM4F/port.o
                0x08002240                PendSV_Handler
 .text.SysTick_Handler
                0x080022a8       0x44 ./Core/FreeRTOS-Kernel/portable/GCC/ARM_CM4F/port.o
                0x080022a8                SysTick_Handler
 .text.vPortSetupTimerInterrupt
                0x080022ec       0x38 ./Core/FreeRTOS-Kernel/portable/GCC/ARM_CM4F/port.o
                0x080022ec                vPortSetupTimerInterrupt
 .text.vPortEnableVFP
                0x08002324       0x18 ./Core/FreeRTOS-Kernel/portable/GCC/ARM_CM4F/port.o
 .text.pvPortMalloc
                0x0800233c       0xa8 ./Core/FreeRTOS-Kernel/portable/MemMang/heap_1.o
                0x0800233c                pvPortMalloc
 .text.vPortFree
                0x080023e4       0x32 ./Core/FreeRTOS-Kernel/portable/MemMang/heap_1.o
                0x080023e4                vPortFree
 *fill*         0x08002416        0x2 
 .text.main     0x08002418       0xa4 ./Core/Src/main.o
                0x08002418                main
 .text.SystemClock_Config
                0x080024bc       0xbc ./Core/Src/main.o
                0x080024bc                SystemClock_Config
 .text.MX_GPIO_Init
                0x08002578       0xa4 ./Core/Src/main.o
 .text.prvStartDefaultTask
                0x0800261c       0xdc ./Core/Src/main.o
 .text.prvStartTask02
                0x080026f8      0x35c ./Core/Src/main.o
 .text.prvStartTask03
                0x08002a54       0x10 ./Core/Src/main.o
 .text.HAL_TIM_PeriodElapsedCallback
                0x08002a64       0x24 ./Core/Src/main.o
                0x08002a64                HAL_TIM_PeriodElapsedCallback
 .text.Error_Handler
                0x08002a88        0xc ./Core/Src/main.o
                0x08002a88                Error_Handler
 .text.HAL_MspInit
                0x08002a94       0x50 ./Core/Src/stm32f4xx_hal_msp.o
                0x08002a94                HAL_MspInit
 .text.HAL_InitTick
                0x08002ae4       0xe4 ./Core/Src/stm32f4xx_hal_timebase_tim.o
                0x08002ae4                HAL_InitTick
 .text.NMI_Handler
                0x08002bc8        0x8 ./Core/Src/stm32f4xx_it.o
                0x08002bc8                NMI_Handler
 .text.HardFault_Handler
                0x08002bd0        0x8 ./Core/Src/stm32f4xx_it.o
                0x08002bd0                HardFault_Handler
 .text.MemManage_Handler
                0x08002bd8        0x8 ./Core/Src/stm32f4xx_it.o
                0x08002bd8                MemManage_Handler
 .text.BusFault_Handler
                0x08002be0        0x8 ./Core/Src/stm32f4xx_it.o
                0x08002be0                BusFault_Handler
 .text.UsageFault_Handler
                0x08002be8        0x8 ./Core/Src/stm32f4xx_it.o
                0x08002be8                UsageFault_Handler
 .text.DebugMon_Handler
                0x08002bf0        0xe ./Core/Src/stm32f4xx_it.o
                0x08002bf0                DebugMon_Handler
 *fill*         0x08002bfe        0x2 
 .text.TIM1_UP_TIM10_IRQHandler
                0x08002c00       0x14 ./Core/Src/stm32f4xx_it.o
                0x08002c00                TIM1_UP_TIM10_IRQHandler
 .text._getpid  0x08002c14       0x10 ./Core/Src/syscalls.o
                0x08002c14                _getpid
 .text._kill    0x08002c24       0x20 ./Core/Src/syscalls.o
                0x08002c24                _kill
 .text._exit    0x08002c44       0x16 ./Core/Src/syscalls.o
                0x08002c44                _exit
 .text._read    0x08002c5a       0x3a ./Core/Src/syscalls.o
                0x08002c5a                _read
 .text._write   0x08002c94       0x38 ./Core/Src/syscalls.o
                0x08002c94                _write
 .text._close   0x08002ccc       0x18 ./Core/Src/syscalls.o
                0x08002ccc                _close
 .text._fstat   0x08002ce4       0x20 ./Core/Src/syscalls.o
                0x08002ce4                _fstat
 .text._isatty  0x08002d04       0x16 ./Core/Src/syscalls.o
                0x08002d04                _isatty
 .text._lseek   0x08002d1a       0x1a ./Core/Src/syscalls.o
                0x08002d1a                _lseek
 .text._sbrk    0x08002d34       0x6c ./Core/Src/sysmem.o
                0x08002d34                _sbrk
 .text.SystemInit
                0x08002da0       0x24 ./Core/Src/system_stm32f4xx.o
                0x08002da0                SystemInit
 .text.Reset_Handler
                0x08002dc4       0x50 ./Core/Startup/startup_stm32f407vgtx.o
                0x08002dc4                Reset_Handler
 .text.Default_Handler
                0x08002e14        0x2 ./Core/Startup/startup_stm32f407vgtx.o
                0x08002e14                RTC_Alarm_IRQHandler
                0x08002e14                HASH_RNG_IRQHandler
                0x08002e14                EXTI2_IRQHandler
                0x08002e14                TIM8_CC_IRQHandler
                0x08002e14                TIM1_CC_IRQHandler
                0x08002e14                DMA2_Stream5_IRQHandler
                0x08002e14                DMA1_Stream5_IRQHandler
                0x08002e14                PVD_IRQHandler
                0x08002e14                SDIO_IRQHandler
                0x08002e14                TAMP_STAMP_IRQHandler
                0x08002e14                CAN2_RX1_IRQHandler
                0x08002e14                EXTI3_IRQHandler
                0x08002e14                TIM8_TRG_COM_TIM14_IRQHandler
                0x08002e14                TIM8_UP_TIM13_IRQHandler
                0x08002e14                I2C3_ER_IRQHandler
                0x08002e14                EXTI0_IRQHandler
                0x08002e14                I2C2_EV_IRQHandler
                0x08002e14                DMA1_Stream2_IRQHandler
                0x08002e14                CAN1_RX0_IRQHandler
                0x08002e14                FPU_IRQHandler
                0x08002e14                OTG_HS_WKUP_IRQHandler
                0x08002e14                CAN2_SCE_IRQHandler
                0x08002e14                DMA2_Stream2_IRQHandler
                0x08002e14                SPI1_IRQHandler
                0x08002e14                TIM6_DAC_IRQHandler
                0x08002e14                TIM1_BRK_TIM9_IRQHandler
                0x08002e14                DCMI_IRQHandler
                0x08002e14                CAN2_RX0_IRQHandler
                0x08002e14                DMA2_Stream3_IRQHandler
                0x08002e14                USART6_IRQHandler
                0x08002e14                USART3_IRQHandler
                0x08002e14                CAN1_RX1_IRQHandler
                0x08002e14                UART5_IRQHandler
                0x08002e14                DMA2_Stream0_IRQHandler
                0x08002e14                TIM4_IRQHandler
                0x08002e14                I2C1_EV_IRQHandler
                0x08002e14                DMA1_Stream6_IRQHandler
                0x08002e14                DMA1_Stream1_IRQHandler
                0x08002e14                UART4_IRQHandler
                0x08002e14                TIM3_IRQHandler
                0x08002e14                RCC_IRQHandler
                0x08002e14                TIM8_BRK_TIM12_IRQHandler
                0x08002e14                Default_Handler
                0x08002e14                EXTI15_10_IRQHandler
                0x08002e14                ADC_IRQHandler
                0x08002e14                DMA1_Stream7_IRQHandler
                0x08002e14                TIM7_IRQHandler
                0x08002e14                CAN2_TX_IRQHandler
                0x08002e14                TIM5_IRQHandler
                0x08002e14                DMA2_Stream7_IRQHandler
                0x08002e14                I2C3_EV_IRQHandler
                0x08002e14                EXTI9_5_IRQHandler
                0x08002e14                RTC_WKUP_IRQHandler
                0x08002e14                ETH_WKUP_IRQHandler
                0x08002e14                SPI2_IRQHandler
                0x08002e14                OTG_HS_EP1_IN_IRQHandler
                0x08002e14                DMA1_Stream0_IRQHandler
                0x08002e14                CAN1_TX_IRQHandler
                0x08002e14                EXTI4_IRQHandler
                0x08002e14                FSMC_IRQHandler
                0x08002e14                ETH_IRQHandler
                0x08002e14                OTG_HS_EP1_OUT_IRQHandler
                0x08002e14                WWDG_IRQHandler
                0x08002e14                TIM2_IRQHandler
                0x08002e14                OTG_FS_WKUP_IRQHandler
                0x08002e14                TIM1_TRG_COM_TIM11_IRQHandler
                0x08002e14                OTG_HS_IRQHandler
                0x08002e14                EXTI1_IRQHandler
                0x08002e14                USART2_IRQHandler
                0x08002e14                I2C2_ER_IRQHandler
                0x08002e14                DMA2_Stream1_IRQHandler
                0x08002e14                CAN1_SCE_IRQHandler
                0x08002e14                FLASH_IRQHandler
                0x08002e14                DMA2_Stream4_IRQHandler
                0x08002e14                USART1_IRQHandler
                0x08002e14                OTG_FS_IRQHandler
                0x08002e14                SPI3_IRQHandler
                0x08002e14                DMA1_Stream4_IRQHandler
                0x08002e14                I2C1_ER_IRQHandler
                0x08002e14                DMA2_Stream6_IRQHandler
                0x08002e14                DMA1_Stream3_IRQHandler
 *fill*         0x08002e16        0x2 
 .text.HAL_Init
                0x08002e18       0x44 ./Drivers/STM32F4xx_HAL_Driver/Src/stm32f4xx_hal.o
                0x08002e18                HAL_Init
 .text.HAL_IncTick
                0x08002e5c       0x28 ./Drivers/STM32F4xx_HAL_Driver/Src/stm32f4xx_hal.o
                0x08002e5c                HAL_IncTick
 .text.HAL_GetTick
                0x08002e84       0x18 ./Drivers/STM32F4xx_HAL_Driver/Src/stm32f4xx_hal.o
                0x08002e84                HAL_GetTick
 .text.__NVIC_SetPriorityGrouping
                0x08002e9c       0x48 ./Drivers/STM32F4xx_HAL_Driver/Src/stm32f4xx_hal_cortex.o
 .text.__NVIC_GetPriorityGrouping
                0x08002ee4       0x1c ./Drivers/STM32F4xx_HAL_Driver/Src/stm32f4xx_hal_cortex.o
 .text.__NVIC_EnableIRQ
                0x08002f00       0x3c ./Drivers/STM32F4xx_HAL_Driver/Src/stm32f4xx_hal_cortex.o
 .text.__NVIC_SetPriority
                0x08002f3c       0x54 ./Drivers/STM32F4xx_HAL_Driver/Src/stm32f4xx_hal_cortex.o
 .text.NVIC_EncodePriority
                0x08002f90       0x66 ./Drivers/STM32F4xx_HAL_Driver/Src/stm32f4xx_hal_cortex.o
 .text.HAL_NVIC_SetPriorityGrouping
                0x08002ff6       0x16 ./Drivers/STM32F4xx_HAL_Driver/Src/stm32f4xx_hal_cortex.o
                0x08002ff6                HAL_NVIC_SetPriorityGrouping
 .text.HAL_NVIC_SetPriority
                0x0800300c       0x38 ./Drivers/STM32F4xx_HAL_Driver/Src/stm32f4xx_hal_cortex.o
                0x0800300c                HAL_NVIC_SetPriority
 .text.HAL_NVIC_EnableIRQ
                0x08003044       0x1c ./Drivers/STM32F4xx_HAL_Driver/Src/stm32f4xx_hal_cortex.o
                0x08003044                HAL_NVIC_EnableIRQ
 .text.HAL_GPIO_Init
                0x08003060      0x338 ./Drivers/STM32F4xx_HAL_Driver/Src/stm32f4xx_hal_gpio.o
                0x08003060                HAL_GPIO_Init
 .text.HAL_GPIO_ReadPin
                0x08003398       0x30 ./Drivers/STM32F4xx_HAL_Driver/Src/stm32f4xx_hal_gpio.o
                0x08003398                HAL_GPIO_ReadPin
 .text.HAL_GPIO_WritePin
                0x080033c8       0x32 ./Drivers/STM32F4xx_HAL_Driver/Src/stm32f4xx_hal_gpio.o
                0x080033c8                HAL_GPIO_WritePin
 .text.HAL_GPIO_TogglePin
                0x080033fa       0x34 ./Drivers/STM32F4xx_HAL_Driver/Src/stm32f4xx_hal_gpio.o
                0x080033fa                HAL_GPIO_TogglePin
 *fill*         0x0800342e        0x2 
 .text.HAL_RCC_OscConfig
                0x08003430      0x4f0 ./Drivers/STM32F4xx_HAL_Driver/Src/stm32f4xx_hal_rcc.o
                0x08003430                HAL_RCC_OscConfig
 .text.HAL_RCC_ClockConfig
                0x08003920      0x1cc ./Drivers/STM32F4xx_HAL_Driver/Src/stm32f4xx_hal_rcc.o
                0x08003920                HAL_RCC_ClockConfig
 .text.HAL_RCC_GetSysClockFreq
                0x08003aec      0x18c ./Drivers/STM32F4xx_HAL_Driver/Src/stm32f4xx_hal_rcc.o
                0x08003aec                HAL_RCC_GetSysClockFreq
 .text.HAL_RCC_GetHCLKFreq
                0x08003c78       0x18 ./Drivers/STM32F4xx_HAL_Driver/Src/stm32f4xx_hal_rcc.o
                0x08003c78                HAL_RCC_GetHCLKFreq
 .text.HAL_RCC_GetPCLK2Freq
                0x08003c90       0x28 ./Drivers/STM32F4xx_HAL_Driver/Src/stm32f4xx_hal_rcc.o
                0x08003c90                HAL_RCC_GetPCLK2Freq
 .text.HAL_RCC_GetClockConfig
                0x08003cb8       0x64 ./Drivers/STM32F4xx_HAL_Driver/Src/stm32f4xx_hal_rcc.o
                0x08003cb8                HAL_RCC_GetClockConfig
 .text.HAL_TIM_Base_Init
                0x08003d1c       0x9e ./Drivers/STM32F4xx_HAL_Driver/Src/stm32f4xx_hal_tim.o
                0x08003d1c                HAL_TIM_Base_Init
 .text.HAL_TIM_Base_MspInit
                0x08003dba       0x14 ./Drivers/STM32F4xx_HAL_Driver/Src/stm32f4xx_hal_tim.o
                0x08003dba                HAL_TIM_Base_MspInit
 *fill*         0x08003dce        0x2 
 .text.HAL_TIM_Base_Start_IT
                0x08003dd0       0xe0 ./Drivers/STM32F4xx_HAL_Driver/Src/stm32f4xx_hal_tim.o
                0x08003dd0                HAL_TIM_Base_Start_IT
 .text.HAL_TIM_IRQHandler
                0x08003eb0      0x1e0 ./Drivers/STM32F4xx_HAL_Driver/Src/stm32f4xx_hal_tim.o
                0x08003eb0                HAL_TIM_IRQHandler
 .text.HAL_TIM_OC_DelayElapsedCallback
                0x08004090       0x14 ./Drivers/STM32F4xx_HAL_Driver/Src/stm32f4xx_hal_tim.o
                0x08004090                HAL_TIM_OC_DelayElapsedCallback
 .text.HAL_TIM_IC_CaptureCallback
                0x080040a4       0x14 ./Drivers/STM32F4xx_HAL_Driver/Src/stm32f4xx_hal_tim.o
                0x080040a4                HAL_TIM_IC_CaptureCallback
 .text.HAL_TIM_PWM_PulseFinishedCallback
                0x080040b8       0x14 ./Drivers/STM32F4xx_HAL_Driver/Src/stm32f4xx_hal_tim.o
                0x080040b8                HAL_TIM_PWM_PulseFinishedCallback
 .text.HAL_TIM_TriggerCallback
                0x080040cc       0x14 ./Drivers/STM32F4xx_HAL_Driver/Src/stm32f4xx_hal_tim.o
                0x080040cc                HAL_TIM_TriggerCallback
 .text.TIM_Base_SetConfig
                0x080040e0      0x158 ./Drivers/STM32F4xx_HAL_Driver/Src/stm32f4xx_hal_tim.o
                0x080040e0                TIM_Base_SetConfig
 .text.HAL_TIMEx_CommutCallback
                0x08004238       0x14 ./Drivers/STM32F4xx_HAL_Driver/Src/stm32f4xx_hal_tim_ex.o
                0x08004238                HAL_TIMEx_CommutCallback
 .text.HAL_TIMEx_BreakCallback
                0x0800424c       0x14 ./Drivers/STM32F4xx_HAL_Driver/Src/stm32f4xx_hal_tim_ex.o
                0x0800424c                HAL_TIMEx_BreakCallback
 .text.rand     0x08004260       0x7c C:/ST/STM32CubeIDE_1.17.0/STM32CubeIDE/plugins/com.st.stm32cube.ide.mcu.externaltools.gnu-tools-for-stm32.12.3.rel1.win32_1.1.0.202410251130/tools/bin/../lib/gcc/arm-none-eabi/12.3.1/../../../../arm-none-eabi/lib/thumb/v7e-m+fp/hard\libc_nano.a(libc_a-rand.o)
                0x08004260                rand
 .text.std      0x080042dc       0x6c C:/ST/STM32CubeIDE_1.17.0/STM32CubeIDE/plugins/com.st.stm32cube.ide.mcu.externaltools.gnu-tools-for-stm32.12.3.rel1.win32_1.1.0.202410251130/tools/bin/../lib/gcc/arm-none-eabi/12.3.1/../../../../arm-none-eabi/lib/thumb/v7e-m+fp/hard\libc_nano.a(libc_a-findfp.o)
 .text.stdio_exit_handler
                0x08004348       0x18 C:/ST/STM32CubeIDE_1.17.0/STM32CubeIDE/plugins/com.st.stm32cube.ide.mcu.externaltools.gnu-tools-for-stm32.12.3.rel1.win32_1.1.0.202410251130/tools/bin/../lib/gcc/arm-none-eabi/12.3.1/../../../../arm-none-eabi/lib/thumb/v7e-m+fp/hard\libc_nano.a(libc_a-findfp.o)
 .text.cleanup_stdio
                0x08004360       0x40 C:/ST/STM32CubeIDE_1.17.0/STM32CubeIDE/plugins/com.st.stm32cube.ide.mcu.externaltools.gnu-tools-for-stm32.12.3.rel1.win32_1.1.0.202410251130/tools/bin/../lib/gcc/arm-none-eabi/12.3.1/../../../../arm-none-eabi/lib/thumb/v7e-m+fp/hard\libc_nano.a(libc_a-findfp.o)
 .text.global_stdio_init.part.0
                0x080043a0       0x3c C:/ST/STM32CubeIDE_1.17.0/STM32CubeIDE/plugins/com.st.stm32cube.ide.mcu.externaltools.gnu-tools-for-stm32.12.3.rel1.win32_1.1.0.202410251130/tools/bin/../lib/gcc/arm-none-eabi/12.3.1/../../../../arm-none-eabi/lib/thumb/v7e-m+fp/hard\libc_nano.a(libc_a-findfp.o)
 .text.__sfp_lock_acquire
                0x080043dc        0xc C:/ST/STM32CubeIDE_1.17.0/STM32CubeIDE/plugins/com.st.stm32cube.ide.mcu.externaltools.gnu-tools-for-stm32.12.3.rel1.win32_1.1.0.202410251130/tools/bin/../lib/gcc/arm-none-eabi/12.3.1/../../../../arm-none-eabi/lib/thumb/v7e-m+fp/hard\libc_nano.a(libc_a-findfp.o)
                0x080043dc                __sfp_lock_acquire
 .text.__sfp_lock_release
                0x080043e8        0xc C:/ST/STM32CubeIDE_1.17.0/STM32CubeIDE/plugins/com.st.stm32cube.ide.mcu.externaltools.gnu-tools-for-stm32.12.3.rel1.win32_1.1.0.202410251130/tools/bin/../lib/gcc/arm-none-eabi/12.3.1/../../../../arm-none-eabi/lib/thumb/v7e-m+fp/hard\libc_nano.a(libc_a-findfp.o)
                0x080043e8                __sfp_lock_release
 .text.__sinit  0x080043f4       0x30 C:/ST/STM32CubeIDE_1.17.0/STM32CubeIDE/plugins/com.st.stm32cube.ide.mcu.externaltools.gnu-tools-for-stm32.12.3.rel1.win32_1.1.0.202410251130/tools/bin/../lib/gcc/arm-none-eabi/12.3.1/../../../../arm-none-eabi/lib/thumb/v7e-m+fp/hard\libc_nano.a(libc_a-findfp.o)
                0x080043f4                __sinit
 .text._fwalk_sglue
                0x08004424       0x3c C:/ST/STM32CubeIDE_1.17.0/STM32CubeIDE/plugins/com.st.stm32cube.ide.mcu.externaltools.gnu-tools-for-stm32.12.3.rel1.win32_1.1.0.202410251130/tools/bin/../lib/gcc/arm-none-eabi/12.3.1/../../../../arm-none-eabi/lib/thumb/v7e-m+fp/hard\libc_nano.a(libc_a-fwalk.o)
                0x08004424                _fwalk_sglue
 .text.__sread  0x08004460       0x22 C:/ST/STM32CubeIDE_1.17.0/STM32CubeIDE/plugins/com.st.stm32cube.ide.mcu.externaltools.gnu-tools-for-stm32.12.3.rel1.win32_1.1.0.202410251130/tools/bin/../lib/gcc/arm-none-eabi/12.3.1/../../../../arm-none-eabi/lib/thumb/v7e-m+fp/hard\libc_nano.a(libc_a-stdio.o)
                0x08004460                __sread
 .text.__swrite
                0x08004482       0x38 C:/ST/STM32CubeIDE_1.17.0/STM32CubeIDE/plugins/com.st.stm32cube.ide.mcu.externaltools.gnu-tools-for-stm32.12.3.rel1.win32_1.1.0.202410251130/tools/bin/../lib/gcc/arm-none-eabi/12.3.1/../../../../arm-none-eabi/lib/thumb/v7e-m+fp/hard\libc_nano.a(libc_a-stdio.o)
                0x08004482                __swrite
 .text.__sseek  0x080044ba       0x24 C:/ST/STM32CubeIDE_1.17.0/STM32CubeIDE/plugins/com.st.stm32cube.ide.mcu.externaltools.gnu-tools-for-stm32.12.3.rel1.win32_1.1.0.202410251130/tools/bin/../lib/gcc/arm-none-eabi/12.3.1/../../../../arm-none-eabi/lib/thumb/v7e-m+fp/hard\libc_nano.a(libc_a-stdio.o)
                0x080044ba                __sseek
 .text.__sclose
                0x080044de        0x8 C:/ST/STM32CubeIDE_1.17.0/STM32CubeIDE/plugins/com.st.stm32cube.ide.mcu.externaltools.gnu-tools-for-stm32.12.3.rel1.win32_1.1.0.202410251130/tools/bin/../lib/gcc/arm-none-eabi/12.3.1/../../../../arm-none-eabi/lib/thumb/v7e-m+fp/hard\libc_nano.a(libc_a-stdio.o)
                0x080044de                __sclose
 .text.memset   0x080044e6       0x10 C:/ST/STM32CubeIDE_1.17.0/STM32CubeIDE/plugins/com.st.stm32cube.ide.mcu.externaltools.gnu-tools-for-stm32.12.3.rel1.win32_1.1.0.202410251130/tools/bin/../lib/gcc/arm-none-eabi/12.3.1/../../../../arm-none-eabi/lib/thumb/v7e-m+fp/hard\libc_nano.a(libc_a-memset.o)
                0x080044e6                memset
 *fill*         0x080044f6        0x2 
 .text._close_r
                0x080044f8       0x20 C:/ST/STM32CubeIDE_1.17.0/STM32CubeIDE/plugins/com.st.stm32cube.ide.mcu.externaltools.gnu-tools-for-stm32.12.3.rel1.win32_1.1.0.202410251130/tools/bin/../lib/gcc/arm-none-eabi/12.3.1/../../../../arm-none-eabi/lib/thumb/v7e-m+fp/hard\libc_nano.a(libc_a-closer.o)
                0x080044f8                _close_r
 .text._lseek_r
                0x08004518       0x24 C:/ST/STM32CubeIDE_1.17.0/STM32CubeIDE/plugins/com.st.stm32cube.ide.mcu.externaltools.gnu-tools-for-stm32.12.3.rel1.win32_1.1.0.202410251130/tools/bin/../lib/gcc/arm-none-eabi/12.3.1/../../../../arm-none-eabi/lib/thumb/v7e-m+fp/hard\libc_nano.a(libc_a-lseekr.o)
                0x08004518                _lseek_r
 .text._read_r  0x0800453c       0x24 C:/ST/STM32CubeIDE_1.17.0/STM32CubeIDE/plugins/com.st.stm32cube.ide.mcu.externaltools.gnu-tools-for-stm32.12.3.rel1.win32_1.1.0.202410251130/tools/bin/../lib/gcc/arm-none-eabi/12.3.1/../../../../arm-none-eabi/lib/thumb/v7e-m+fp/hard\libc_nano.a(libc_a-readr.o)
                0x0800453c                _read_r
 .text._write_r
                0x08004560       0x24 C:/ST/STM32CubeIDE_1.17.0/STM32CubeIDE/plugins/com.st.stm32cube.ide.mcu.externaltools.gnu-tools-for-stm32.12.3.rel1.win32_1.1.0.202410251130/tools/bin/../lib/gcc/arm-none-eabi/12.3.1/../../../../arm-none-eabi/lib/thumb/v7e-m+fp/hard\libc_nano.a(libc_a-writer.o)
                0x08004560                _write_r
 .text.__errno  0x08004584        0xc C:/ST/STM32CubeIDE_1.17.0/STM32CubeIDE/plugins/com.st.stm32cube.ide.mcu.externaltools.gnu-tools-for-stm32.12.3.rel1.win32_1.1.0.202410251130/tools/bin/../lib/gcc/arm-none-eabi/12.3.1/../../../../arm-none-eabi/lib/thumb/v7e-m+fp/hard\libc_nano.a(libc_a-errno.o)
                0x08004584                __errno
 .text.__libc_init_array
                0x08004590       0x48 C:/ST/STM32CubeIDE_1.17.0/STM32CubeIDE/plugins/com.st.stm32cube.ide.mcu.externaltools.gnu-tools-for-stm32.12.3.rel1.win32_1.1.0.202410251130/tools/bin/../lib/gcc/arm-none-eabi/12.3.1/../../../../arm-none-eabi/lib/thumb/v7e-m+fp/hard\libc_nano.a(libc_a-init.o)
                0x08004590                __libc_init_array
 .text.__retarget_lock_init_recursive
                0x080045d8        0x2 C:/ST/STM32CubeIDE_1.17.0/STM32CubeIDE/plugins/com.st.stm32cube.ide.mcu.externaltools.gnu-tools-for-stm32.12.3.rel1.win32_1.1.0.202410251130/tools/bin/../lib/gcc/arm-none-eabi/12.3.1/../../../../arm-none-eabi/lib/thumb/v7e-m+fp/hard\libc_nano.a(libc_a-lock.o)
                0x080045d8                __retarget_lock_init_recursive
 .text.__retarget_lock_acquire_recursive
                0x080045da        0x2 C:/ST/STM32CubeIDE_1.17.0/STM32CubeIDE/plugins/com.st.stm32cube.ide.mcu.externaltools.gnu-tools-for-stm32.12.3.rel1.win32_1.1.0.202410251130/tools/bin/../lib/gcc/arm-none-eabi/12.3.1/../../../../arm-none-eabi/lib/thumb/v7e-m+fp/hard\libc_nano.a(libc_a-lock.o)
                0x080045da                __retarget_lock_acquire_recursive
 .text.__retarget_lock_release_recursive
                0x080045dc        0x2 C:/ST/STM32CubeIDE_1.17.0/STM32CubeIDE/plugins/com.st.stm32cube.ide.mcu.externaltools.gnu-tools-for-stm32.12.3.rel1.win32_1.1.0.202410251130/tools/bin/../lib/gcc/arm-none-eabi/12.3.1/../../../../arm-none-eabi/lib/thumb/v7e-m+fp/hard\libc_nano.a(libc_a-lock.o)
                0x080045dc                __retarget_lock_release_recursive
 .text.memcpy   0x080045de       0x1c C:/ST/STM32CubeIDE_1.17.0/STM32CubeIDE/plugins/com.st.stm32cube.ide.mcu.externaltools.gnu-tools-for-stm32.12.3.rel1.win32_1.1.0.202410251130/tools/bin/../lib/gcc/arm-none-eabi/12.3.1/../../../../arm-none-eabi/lib/thumb/v7e-m+fp/hard\libc_nano.a(libc_a-memcpy-stub.o)
                0x080045de                memcpy
 *fill*         0x080045fa        0x2 
 .text.__assert_func
                0x080045fc       0x3c C:/ST/STM32CubeIDE_1.17.0/STM32CubeIDE/plugins/com.st.stm32cube.ide.mcu.externaltools.gnu-tools-for-stm32.12.3.rel1.win32_1.1.0.202410251130/tools/bin/../lib/gcc/arm-none-eabi/12.3.1/../../../../arm-none-eabi/lib/thumb/v7e-m+fp/hard\libc_nano.a(libc_a-assert.o)
                0x080045fc                __assert_func
 .text._free_r  0x08004638       0x94 C:/ST/STM32CubeIDE_1.17.0/STM32CubeIDE/plugins/com.st.stm32cube.ide.mcu.externaltools.gnu-tools-for-stm32.12.3.rel1.win32_1.1.0.202410251130/tools/bin/../lib/gcc/arm-none-eabi/12.3.1/../../../../arm-none-eabi/lib/thumb/v7e-m+fp/hard\libc_nano.a(libc_a-freer.o)
                0x08004638                _free_r
 .text.malloc   0x080046cc       0x10 C:/ST/STM32CubeIDE_1.17.0/STM32CubeIDE/plugins/com.st.stm32cube.ide.mcu.externaltools.gnu-tools-for-stm32.12.3.rel1.win32_1.1.0.202410251130/tools/bin/../lib/gcc/arm-none-eabi/12.3.1/../../../../arm-none-eabi/lib/thumb/v7e-m+fp/hard\libc_nano.a(libc_a-malloc.o)
                0x080046cc                malloc
 .text.sbrk_aligned
                0x080046dc       0x44 C:/ST/STM32CubeIDE_1.17.0/STM32CubeIDE/plugins/com.st.stm32cube.ide.mcu.externaltools.gnu-tools-for-stm32.12.3.rel1.win32_1.1.0.202410251130/tools/bin/../lib/gcc/arm-none-eabi/12.3.1/../../../../arm-none-eabi/lib/thumb/v7e-m+fp/hard\libc_nano.a(libc_a-mallocr.o)
 .text._malloc_r
                0x08004720      0x100 C:/ST/STM32CubeIDE_1.17.0/STM32CubeIDE/plugins/com.st.stm32cube.ide.mcu.externaltools.gnu-tools-for-stm32.12.3.rel1.win32_1.1.0.202410251130/tools/bin/../lib/gcc/arm-none-eabi/12.3.1/../../../../arm-none-eabi/lib/thumb/v7e-m+fp/hard\libc_nano.a(libc_a-mallocr.o)
                0x08004720                _malloc_r
 .text.__malloc_lock
                0x08004820        0xc C:/ST/STM32CubeIDE_1.17.0/STM32CubeIDE/plugins/com.st.stm32cube.ide.mcu.externaltools.gnu-tools-for-stm32.12.3.rel1.win32_1.1.0.202410251130/tools/bin/../lib/gcc/arm-none-eabi/12.3.1/../../../../arm-none-eabi/lib/thumb/v7e-m+fp/hard\libc_nano.a(libc_a-mlock.o)
                0x08004820                __malloc_lock
 .text.__malloc_unlock
                0x0800482c        0xc C:/ST/STM32CubeIDE_1.17.0/STM32CubeIDE/plugins/com.st.stm32cube.ide.mcu.externaltools.gnu-tools-for-stm32.12.3.rel1.win32_1.1.0.202410251130/tools/bin/../lib/gcc/arm-none-eabi/12.3.1/../../../../arm-none-eabi/lib/thumb/v7e-m+fp/hard\libc_nano.a(libc_a-mlock.o)
                0x0800482c                __malloc_unlock
 .text.__sflush_r
                0x08004838      0x108 C:/ST/STM32CubeIDE_1.17.0/STM32CubeIDE/plugins/com.st.stm32cube.ide.mcu.externaltools.gnu-tools-for-stm32.12.3.rel1.win32_1.1.0.202410251130/tools/bin/../lib/gcc/arm-none-eabi/12.3.1/../../../../arm-none-eabi/lib/thumb/v7e-m+fp/hard\libc_nano.a(libc_a-fflush.o)
                0x08004838                __sflush_r
 .text._fflush_r
                0x08004940       0x50 C:/ST/STM32CubeIDE_1.17.0/STM32CubeIDE/plugins/com.st.stm32cube.ide.mcu.externaltools.gnu-tools-for-stm32.12.3.rel1.win32_1.1.0.202410251130/tools/bin/../lib/gcc/arm-none-eabi/12.3.1/../../../../arm-none-eabi/lib/thumb/v7e-m+fp/hard\libc_nano.a(libc_a-fflush.o)
                0x08004940                _fflush_r
 .text.fprintf  0x08004990       0x24 C:/ST/STM32CubeIDE_1.17.0/STM32CubeIDE/plugins/com.st.stm32cube.ide.mcu.externaltools.gnu-tools-for-stm32.12.3.rel1.win32_1.1.0.202410251130/tools/bin/../lib/gcc/arm-none-eabi/12.3.1/../../../../arm-none-eabi/lib/thumb/v7e-m+fp/hard\libc_nano.a(libc_a-fprintf.o)
                0x08004990                fiprintf
                0x08004990                fprintf
 .text._sbrk_r  0x080049b4       0x20 C:/ST/STM32CubeIDE_1.17.0/STM32CubeIDE/plugins/com.st.stm32cube.ide.mcu.externaltools.gnu-tools-for-stm32.12.3.rel1.win32_1.1.0.202410251130/tools/bin/../lib/gcc/arm-none-eabi/12.3.1/../../../../arm-none-eabi/lib/thumb/v7e-m+fp/hard\libc_nano.a(libc_a-sbrkr.o)
                0x080049b4                _sbrk_r
 .text.abort    0x080049d4        0xe C:/ST/STM32CubeIDE_1.17.0/STM32CubeIDE/plugins/com.st.stm32cube.ide.mcu.externaltools.gnu-tools-for-stm32.12.3.rel1.win32_1.1.0.202410251130/tools/bin/../lib/gcc/arm-none-eabi/12.3.1/../../../../arm-none-eabi/lib/thumb/v7e-m+fp/hard\libc_nano.a(libc_a-abort.o)
                0x080049d4                abort
 .text.__sfputc_r
                0x080049e2       0x2e C:/ST/STM32CubeIDE_1.17.0/STM32CubeIDE/plugins/com.st.stm32cube.ide.mcu.externaltools.gnu-tools-for-stm32.12.3.rel1.win32_1.1.0.202410251130/tools/bin/../lib/gcc/arm-none-eabi/12.3.1/../../../../arm-none-eabi/lib/thumb/v7e-m+fp/hard\libc_nano.a(libc_a-nano-vfprintf.o)
 .text.__sfputs_r
                0x08004a10       0x24 C:/ST/STM32CubeIDE_1.17.0/STM32CubeIDE/plugins/com.st.stm32cube.ide.mcu.externaltools.gnu-tools-for-stm32.12.3.rel1.win32_1.1.0.202410251130/tools/bin/../lib/gcc/arm-none-eabi/12.3.1/../../../../arm-none-eabi/lib/thumb/v7e-m+fp/hard\libc_nano.a(libc_a-nano-vfprintf.o)
                0x08004a10                __sfputs_r
 .text._vfprintf_r
                0x08004a34      0x230 C:/ST/STM32CubeIDE_1.17.0/STM32CubeIDE/plugins/com.st.stm32cube.ide.mcu.externaltools.gnu-tools-for-stm32.12.3.rel1.win32_1.1.0.202410251130/tools/bin/../lib/gcc/arm-none-eabi/12.3.1/../../../../arm-none-eabi/lib/thumb/v7e-m+fp/hard\libc_nano.a(libc_a-nano-vfprintf.o)
                0x08004a34                _vfprintf_r
                0x08004a34                _vfiprintf_r
 .text._printf_common
                0x08004c64       0xda C:/ST/STM32CubeIDE_1.17.0/STM32CubeIDE/plugins/com.st.stm32cube.ide.mcu.externaltools.gnu-tools-for-stm32.12.3.rel1.win32_1.1.0.202410251130/tools/bin/../lib/gcc/arm-none-eabi/12.3.1/../../../../arm-none-eabi/lib/thumb/v7e-m+fp/hard\libc_nano.a(libc_a-nano-vfprintf_i.o)
                0x08004c64                _printf_common
 *fill*         0x08004d3e        0x2 
 .text._printf_i
                0x08004d40      0x240 C:/ST/STM32CubeIDE_1.17.0/STM32CubeIDE/plugins/com.st.stm32cube.ide.mcu.externaltools.gnu-tools-for-stm32.12.3.rel1.win32_1.1.0.202410251130/tools/bin/../lib/gcc/arm-none-eabi/12.3.1/../../../../arm-none-eabi/lib/thumb/v7e-m+fp/hard\libc_nano.a(libc_a-nano-vfprintf_i.o)
                0x08004d40                _printf_i
 .text.__swbuf_r
                0x08004f80       0x7c C:/ST/STM32CubeIDE_1.17.0/STM32CubeIDE/plugins/com.st.stm32cube.ide.mcu.externaltools.gnu-tools-for-stm32.12.3.rel1.win32_1.1.0.202410251130/tools/bin/../lib/gcc/arm-none-eabi/12.3.1/../../../../arm-none-eabi/lib/thumb/v7e-m+fp/hard\libc_nano.a(libc_a-wbuf.o)
                0x08004f80                __swbuf_r
 .text.__swsetup_r
                0x08004ffc       0xac C:/ST/STM32CubeIDE_1.17.0/STM32CubeIDE/plugins/com.st.stm32cube.ide.mcu.externaltools.gnu-tools-for-stm32.12.3.rel1.win32_1.1.0.202410251130/tools/bin/../lib/gcc/arm-none-eabi/12.3.1/../../../../arm-none-eabi/lib/thumb/v7e-m+fp/hard\libc_nano.a(libc_a-wsetup.o)
                0x08004ffc                __swsetup_r
 .text._raise_r
                0x080050a8       0x50 C:/ST/STM32CubeIDE_1.17.0/STM32CubeIDE/plugins/com.st.stm32cube.ide.mcu.externaltools.gnu-tools-for-stm32.12.3.rel1.win32_1.1.0.202410251130/tools/bin/../lib/gcc/arm-none-eabi/12.3.1/../../../../arm-none-eabi/lib/thumb/v7e-m+fp/hard\libc_nano.a(libc_a-signal.o)
                0x080050a8                _raise_r
 .text.raise    0x080050f8       0x10 C:/ST/STM32CubeIDE_1.17.0/STM32CubeIDE/plugins/com.st.stm32cube.ide.mcu.externaltools.gnu-tools-for-stm32.12.3.rel1.win32_1.1.0.202410251130/tools/bin/../lib/gcc/arm-none-eabi/12.3.1/../../../../arm-none-eabi/lib/thumb/v7e-m+fp/hard\libc_nano.a(libc_a-signal.o)
                0x080050f8                raise
 .text._kill_r  0x08005108       0x24 C:/ST/STM32CubeIDE_1.17.0/STM32CubeIDE/plugins/com.st.stm32cube.ide.mcu.externaltools.gnu-tools-for-stm32.12.3.rel1.win32_1.1.0.202410251130/tools/bin/../lib/gcc/arm-none-eabi/12.3.1/../../../../arm-none-eabi/lib/thumb/v7e-m+fp/hard\libc_nano.a(libc_a-signalr.o)
                0x08005108                _kill_r
 .text._getpid_r
                0x0800512c        0x4 C:/ST/STM32CubeIDE_1.17.0/STM32CubeIDE/plugins/com.st.stm32cube.ide.mcu.externaltools.gnu-tools-for-stm32.12.3.rel1.win32_1.1.0.202410251130/tools/bin/../lib/gcc/arm-none-eabi/12.3.1/../../../../arm-none-eabi/lib/thumb/v7e-m+fp/hard\libc_nano.a(libc_a-signalr.o)
                0x0800512c                _getpid_r
 .text.__swhatbuf_r
                0x08005130       0x4c C:/ST/STM32CubeIDE_1.17.0/STM32CubeIDE/plugins/com.st.stm32cube.ide.mcu.externaltools.gnu-tools-for-stm32.12.3.rel1.win32_1.1.0.202410251130/tools/bin/../lib/gcc/arm-none-eabi/12.3.1/../../../../arm-none-eabi/lib/thumb/v7e-m+fp/hard\libc_nano.a(libc_a-makebuf.o)
                0x08005130                __swhatbuf_r
 .text.__smakebuf_r
                0x0800517c       0x78 C:/ST/STM32CubeIDE_1.17.0/STM32CubeIDE/plugins/com.st.stm32cube.ide.mcu.externaltools.gnu-tools-for-stm32.12.3.rel1.win32_1.1.0.202410251130/tools/bin/../lib/gcc/arm-none-eabi/12.3.1/../../../../arm-none-eabi/lib/thumb/v7e-m+fp/hard\libc_nano.a(libc_a-makebuf.o)
                0x0800517c                __smakebuf_r
 .text._fstat_r
                0x080051f4       0x24 C:/ST/STM32CubeIDE_1.17.0/STM32CubeIDE/plugins/com.st.stm32cube.ide.mcu.externaltools.gnu-tools-for-stm32.12.3.rel1.win32_1.1.0.202410251130/tools/bin/../lib/gcc/arm-none-eabi/12.3.1/../../../../arm-none-eabi/lib/thumb/v7e-m+fp/hard\libc_nano.a(libc_a-fstatr.o)
                0x080051f4                _fstat_r
 .text._isatty_r
                0x08005218       0x20 C:/ST/STM32CubeIDE_1.17.0/STM32CubeIDE/plugins/com.st.stm32cube.ide.mcu.externaltools.gnu-tools-for-stm32.12.3.rel1.win32_1.1.0.202410251130/tools/bin/../lib/gcc/arm-none-eabi/12.3.1/../../../../arm-none-eabi/lib/thumb/v7e-m+fp/hard\libc_nano.a(libc_a-isattyr.o)
                0x08005218                _isatty_r
 *(.glue_7)
 .glue_7        0x08005238        0x0 linker stubs
 *(.glue_7t)
 .glue_7t       0x08005238        0x0 linker stubs
 *(.eh_frame)
 .eh_frame      0x08005238        0x0 C:/ST/STM32CubeIDE_1.17.0/STM32CubeIDE/plugins/com.st.stm32cube.ide.mcu.externaltools.gnu-tools-for-stm32.12.3.rel1.win32_1.1.0.202410251130/tools/bin/../lib/gcc/arm-none-eabi/12.3.1/thumb/v7e-m+fp/hard/crtbegin.o
 *(.init)
 .init          0x08005238        0x4 C:/ST/STM32CubeIDE_1.17.0/STM32CubeIDE/plugins/com.st.stm32cube.ide.mcu.externaltools.gnu-tools-for-stm32.12.3.rel1.win32_1.1.0.202410251130/tools/bin/../lib/gcc/arm-none-eabi/12.3.1/thumb/v7e-m+fp/hard/crti.o
                0x08005238                _init
 .init          0x0800523c        0x8 C:/ST/STM32CubeIDE_1.17.0/STM32CubeIDE/plugins/com.st.stm32cube.ide.mcu.externaltools.gnu-tools-for-stm32.12.3.rel1.win32_1.1.0.202410251130/tools/bin/../lib/gcc/arm-none-eabi/12.3.1/thumb/v7e-m+fp/hard/crtn.o
 *(.fini)
 .fini          0x08005244        0x4 C:/ST/STM32CubeIDE_1.17.0/STM32CubeIDE/plugins/com.st.stm32cube.ide.mcu.externaltools.gnu-tools-for-stm32.12.3.rel1.win32_1.1.0.202410251130/tools/bin/../lib/gcc/arm-none-eabi/12.3.1/thumb/v7e-m+fp/hard/crti.o
                0x08005244                _fini
 .fini          0x08005248        0x8 C:/ST/STM32CubeIDE_1.17.0/STM32CubeIDE/plugins/com.st.stm32cube.ide.mcu.externaltools.gnu-tools-for-stm32.12.3.rel1.win32_1.1.0.202410251130/tools/bin/../lib/gcc/arm-none-eabi/12.3.1/thumb/v7e-m+fp/hard/crtn.o
                0x08005250                        . = ALIGN (0x4)
                0x08005250                        _etext = .

.vfp11_veneer   0x08005250        0x0
 .vfp11_veneer  0x08005250        0x0 linker stubs

.v4_bx          0x08005250        0x0
 .v4_bx         0x08005250        0x0 linker stubs

.iplt           0x08005250        0x0
 .iplt          0x08005250        0x0 C:/ST/STM32CubeIDE_1.17.0/STM32CubeIDE/plugins/com.st.stm32cube.ide.mcu.externaltools.gnu-tools-for-stm32.12.3.rel1.win32_1.1.0.202410251130/tools/bin/../lib/gcc/arm-none-eabi/12.3.1/thumb/v7e-m+fp/hard/crtbegin.o

.rodata         0x08005250      0x120
                0x08005250                        . = ALIGN (0x4)
 *(.rodata)
 .rodata        0x08005250        0x5 ./Core/FreeRTOS-Kernel/tasks.o
 *fill*         0x08005255        0x3 
 .rodata        0x08005258       0x1f ./Core/Src/main.o
 *(.rodata*)
 *fill*         0x08005277        0x1 
 .rodata.AHBPrescTable
                0x08005278       0x10 ./Core/Src/system_stm32f4xx.o
                0x08005278                AHBPrescTable
 .rodata.APBPrescTable
                0x08005288        0x8 ./Core/Src/system_stm32f4xx.o
                0x08005288                APBPrescTable
 .rodata.srand.str1.1
                0x08005290       0x6f C:/ST/STM32CubeIDE_1.17.0/STM32CubeIDE/plugins/com.st.stm32cube.ide.mcu.externaltools.gnu-tools-for-stm32.12.3.rel1.win32_1.1.0.202410251130/tools/bin/../lib/gcc/arm-none-eabi/12.3.1/../../../../arm-none-eabi/lib/thumb/v7e-m+fp/hard\libc_nano.a(libc_a-rand.o)
 .rodata.__assert_func.str1.1
                0x080052ff       0x3c C:/ST/STM32CubeIDE_1.17.0/STM32CubeIDE/plugins/com.st.stm32cube.ide.mcu.externaltools.gnu-tools-for-stm32.12.3.rel1.win32_1.1.0.202410251130/tools/bin/../lib/gcc/arm-none-eabi/12.3.1/../../../../arm-none-eabi/lib/thumb/v7e-m+fp/hard\libc_nano.a(libc_a-assert.o)
                                 0x3d (size before relaxing)
 .rodata._vfprintf_r.str1.1
                0x0800533b       0x11 C:/ST/STM32CubeIDE_1.17.0/STM32CubeIDE/plugins/com.st.stm32cube.ide.mcu.externaltools.gnu-tools-for-stm32.12.3.rel1.win32_1.1.0.202410251130/tools/bin/../lib/gcc/arm-none-eabi/12.3.1/../../../../arm-none-eabi/lib/thumb/v7e-m+fp/hard\libc_nano.a(libc_a-nano-vfprintf.o)
 .rodata._printf_i.str1.1
                0x0800534c       0x22 C:/ST/STM32CubeIDE_1.17.0/STM32CubeIDE/plugins/com.st.stm32cube.ide.mcu.externaltools.gnu-tools-for-stm32.12.3.rel1.win32_1.1.0.202410251130/tools/bin/../lib/gcc/arm-none-eabi/12.3.1/../../../../arm-none-eabi/lib/thumb/v7e-m+fp/hard\libc_nano.a(libc_a-nano-vfprintf_i.o)
                0x08005370                        . = ALIGN (0x4)
 *fill*         0x0800536e        0x2 

.ARM.extab      0x08005370        0x0
                0x08005370                        . = ALIGN (0x4)
 *(.ARM.extab* .gnu.linkonce.armextab.*)
                0x08005370                        . = ALIGN (0x4)

.ARM            0x08005370        0x8
                0x08005370                        . = ALIGN (0x4)
                0x08005370                        __exidx_start = .
 *(.ARM.exidx*)
 .ARM.exidx     0x08005370        0x8 C:/ST/STM32CubeIDE_1.17.0/STM32CubeIDE/plugins/com.st.stm32cube.ide.mcu.externaltools.gnu-tools-for-stm32.12.3.rel1.win32_1.1.0.202410251130/tools/bin/../lib/gcc/arm-none-eabi/12.3.1/../../../../arm-none-eabi/lib/thumb/v7e-m+fp/hard\libc_nano.a(libc_a-memchr.o)
 .ARM.exidx     0x08005378        0x0 C:/ST/STM32CubeIDE_1.17.0/STM32CubeIDE/plugins/com.st.stm32cube.ide.mcu.externaltools.gnu-tools-for-stm32.12.3.rel1.win32_1.1.0.202410251130/tools/bin/../lib/gcc/arm-none-eabi/12.3.1/thumb/v7e-m+fp/hard\libgcc.a(_udivmoddi4.o)
                                  0x8 (size before relaxing)
                0x08005378                        __exidx_end = .
                0x08005378                        . = ALIGN (0x4)

.preinit_array  0x08005378        0x0
                0x08005378                        . = ALIGN (0x4)
                0x08005378                        PROVIDE (__preinit_array_start = .)
 *(.preinit_array*)
                0x08005378                        PROVIDE (__preinit_array_end = .)
                0x08005378                        . = ALIGN (0x4)

.init_array     0x08005378        0x4
                0x08005378                        . = ALIGN (0x4)
                0x08005378                        PROVIDE (__init_array_start = .)
 *(SORT_BY_NAME(.init_array.*))
 *(.init_array*)
 .init_array    0x08005378        0x4 C:/ST/STM32CubeIDE_1.17.0/STM32CubeIDE/plugins/com.st.stm32cube.ide.mcu.externaltools.gnu-tools-for-stm32.12.3.rel1.win32_1.1.0.202410251130/tools/bin/../lib/gcc/arm-none-eabi/12.3.1/thumb/v7e-m+fp/hard/crtbegin.o
                0x0800537c                        PROVIDE (__init_array_end = .)
                0x0800537c                        . = ALIGN (0x4)

.fini_array     0x0800537c        0x4
                0x0800537c                        . = ALIGN (0x4)
                [!provide]                        PROVIDE (__fini_array_start = .)
 *(SORT_BY_NAME(.fini_array.*))
 *(.fini_array*)
 .fini_array    0x0800537c        0x4 C:/ST/STM32CubeIDE_1.17.0/STM32CubeIDE/plugins/com.st.stm32cube.ide.mcu.externaltools.gnu-tools-for-stm32.12.3.rel1.win32_1.1.0.202410251130/tools/bin/../lib/gcc/arm-none-eabi/12.3.1/thumb/v7e-m+fp/hard/crtbegin.o
                [!provide]                        PROVIDE (__fini_array_end = .)
                0x08005380                        . = ALIGN (0x4)
                0x08005380                        _sidata = LOADADDR (.data)

.rel.dyn        0x08005380        0x0
 .rel.iplt      0x08005380        0x0 C:/ST/STM32CubeIDE_1.17.0/STM32CubeIDE/plugins/com.st.stm32cube.ide.mcu.externaltools.gnu-tools-for-stm32.12.3.rel1.win32_1.1.0.202410251130/tools/bin/../lib/gcc/arm-none-eabi/12.3.1/thumb/v7e-m+fp/hard/crtbegin.o

.data           0x20000000       0x70 load address 0x08005380
                0x20000000                        . = ALIGN (0x4)
                0x20000000                        _sdata = .
 *(.data)
 *(.data*)
 .data.uxTopUsedPriority
                0x20000000        0x4 ./Core/FreeRTOS-Kernel/tasks.o
 .data.uxCriticalNesting
                0x20000004        0x4 ./Core/FreeRTOS-Kernel/portable/GCC/ARM_CM4F/port.o
 .data.SystemCoreClock
                0x20000008        0x4 ./Core/Src/system_stm32f4xx.o
                0x20000008                SystemCoreClock
 .data.uwTickPrio
                0x2000000c        0x4 ./Drivers/STM32F4xx_HAL_Driver/Src/stm32f4xx_hal.o
                0x2000000c                uwTickPrio
 .data.uwTickFreq
                0x20000010        0x1 ./Drivers/STM32F4xx_HAL_Driver/Src/stm32f4xx_hal.o
                0x20000010                uwTickFreq
 *fill*         0x20000011        0x3 
 .data.__sglue  0x20000014        0xc C:/ST/STM32CubeIDE_1.17.0/STM32CubeIDE/plugins/com.st.stm32cube.ide.mcu.externaltools.gnu-tools-for-stm32.12.3.rel1.win32_1.1.0.202410251130/tools/bin/../lib/gcc/arm-none-eabi/12.3.1/../../../../arm-none-eabi/lib/thumb/v7e-m+fp/hard\libc_nano.a(libc_a-findfp.o)
                0x20000014                __sglue
 .data._impure_ptr
                0x20000020        0x4 C:/ST/STM32CubeIDE_1.17.0/STM32CubeIDE/plugins/com.st.stm32cube.ide.mcu.externaltools.gnu-tools-for-stm32.12.3.rel1.win32_1.1.0.202410251130/tools/bin/../lib/gcc/arm-none-eabi/12.3.1/../../../../arm-none-eabi/lib/thumb/v7e-m+fp/hard\libc_nano.a(libc_a-impure.o)
                0x20000020                _impure_ptr
 .data._impure_data
                0x20000024       0x4c C:/ST/STM32CubeIDE_1.17.0/STM32CubeIDE/plugins/com.st.stm32cube.ide.mcu.externaltools.gnu-tools-for-stm32.12.3.rel1.win32_1.1.0.202410251130/tools/bin/../lib/gcc/arm-none-eabi/12.3.1/../../../../arm-none-eabi/lib/thumb/v7e-m+fp/hard\libc_nano.a(libc_a-impure.o)
                0x20000024                _impure_data
 *(.RamFunc)
 *(.RamFunc*)
                0x20000070                        . = ALIGN (0x4)
                0x20000070                        _edata = .
                0x080053f0                        _siccmram = LOADADDR (.ccmram)

.igot.plt       0x20000070        0x0 load address 0x080053f0
 .igot.plt      0x20000070        0x0 C:/ST/STM32CubeIDE_1.17.0/STM32CubeIDE/plugins/com.st.stm32cube.ide.mcu.externaltools.gnu-tools-for-stm32.12.3.rel1.win32_1.1.0.202410251130/tools/bin/../lib/gcc/arm-none-eabi/12.3.1/thumb/v7e-m+fp/hard/crtbegin.o

.ccmram         0x10000000        0x0 load address 0x080053f0
                0x10000000                        . = ALIGN (0x4)
                0x10000000                        _sccmram = .
 *(.ccmram)
 *(.ccmram*)
                0x10000000                        . = ALIGN (0x4)
                0x10000000                        _eccmram = .
                0x10000000                        . = ALIGN (0x4)

.bss            0x20000070    0x12ed0
                0x20000070                        _sbss = .
                0x20000070                        __bss_start__ = _sbss
 *(.bss)
 .bss           0x20000070       0x1c C:/ST/STM32CubeIDE_1.17.0/STM32CubeIDE/plugins/com.st.stm32cube.ide.mcu.externaltools.gnu-tools-for-stm32.12.3.rel1.win32_1.1.0.202410251130/tools/bin/../lib/gcc/arm-none-eabi/12.3.1/thumb/v7e-m+fp/hard/crtbegin.o
 *(.bss*)
 .bss.pxCurrentTCB
                0x2000008c        0x4 ./Core/FreeRTOS-Kernel/tasks.o
                0x2000008c                pxCurrentTCB
 .bss.pxReadyTasksLists
                0x20000090       0x64 ./Core/FreeRTOS-Kernel/tasks.o
 .bss.xDelayedTaskList1
                0x200000f4       0x14 ./Core/FreeRTOS-Kernel/tasks.o
 .bss.xDelayedTaskList2
                0x20000108       0x14 ./Core/FreeRTOS-Kernel/tasks.o
 .bss.pxDelayedTaskList
                0x2000011c        0x4 ./Core/FreeRTOS-Kernel/tasks.o
 .bss.pxOverflowDelayedTaskList
                0x20000120        0x4 ./Core/FreeRTOS-Kernel/tasks.o
 .bss.xPendingReadyList
                0x20000124       0x14 ./Core/FreeRTOS-Kernel/tasks.o
 .bss.xTasksWaitingTermination
                0x20000138       0x14 ./Core/FreeRTOS-Kernel/tasks.o
 .bss.uxDeletedTasksWaitingCleanUp
                0x2000014c        0x4 ./Core/FreeRTOS-Kernel/tasks.o
 .bss.xSuspendedTaskList
                0x20000150       0x14 ./Core/FreeRTOS-Kernel/tasks.o
 .bss.uxCurrentNumberOfTasks
                0x20000164        0x4 ./Core/FreeRTOS-Kernel/tasks.o
 .bss.xTickCount
                0x20000168        0x4 ./Core/FreeRTOS-Kernel/tasks.o
 .bss.uxTopReadyPriority
                0x2000016c        0x4 ./Core/FreeRTOS-Kernel/tasks.o
 .bss.xSchedulerRunning
                0x20000170        0x4 ./Core/FreeRTOS-Kernel/tasks.o
 .bss.xPendedTicks
                0x20000174        0x4 ./Core/FreeRTOS-Kernel/tasks.o
 .bss.xYieldPendings
                0x20000178        0x4 ./Core/FreeRTOS-Kernel/tasks.o
 .bss.xNumOfOverflows
                0x2000017c        0x4 ./Core/FreeRTOS-Kernel/tasks.o
 .bss.uxTaskNumber
                0x20000180        0x4 ./Core/FreeRTOS-Kernel/tasks.o
 .bss.xNextTaskUnblockTime
                0x20000184        0x4 ./Core/FreeRTOS-Kernel/tasks.o
 .bss.xIdleTaskHandles
                0x20000188        0x4 ./Core/FreeRTOS-Kernel/tasks.o
 .bss.uxSchedulerSuspended
                0x2000018c        0x4 ./Core/FreeRTOS-Kernel/tasks.o
 .bss.ucMaxSysCallPriority
                0x20000190        0x1 ./Core/FreeRTOS-Kernel/portable/GCC/ARM_CM4F/port.o
 *fill*         0x20000191        0x3 
 .bss.ulMaxPRIGROUPValue
                0x20000194        0x4 ./Core/FreeRTOS-Kernel/portable/GCC/ARM_CM4F/port.o
 .bss.ucHeap    0x20000198    0x12c00 ./Core/FreeRTOS-Kernel/portable/MemMang/heap_1.o
 .bss.xNextFreeByte
                0x20012d98        0x4 ./Core/FreeRTOS-Kernel/portable/MemMang/heap_1.o
 .bss.pucAlignedHeap.0
                0x20012d9c        0x4 ./Core/FreeRTOS-Kernel/portable/MemMang/heap_1.o
 .bss.xQueue    0x20012da0        0x4 ./Core/Src/main.o
 .bss.htim1     0x20012da4       0x48 ./Core/Src/stm32f4xx_hal_timebase_tim.o
                0x20012da4                htim1
 .bss.__sbrk_heap_end
                0x20012dec        0x4 ./Core/Src/sysmem.o
 .bss.uwTick    0x20012df0        0x4 ./Drivers/STM32F4xx_HAL_Driver/Src/stm32f4xx_hal.o
                0x20012df0                uwTick
 .bss.__sf      0x20012df4      0x138 C:/ST/STM32CubeIDE_1.17.0/STM32CubeIDE/plugins/com.st.stm32cube.ide.mcu.externaltools.gnu-tools-for-stm32.12.3.rel1.win32_1.1.0.202410251130/tools/bin/../lib/gcc/arm-none-eabi/12.3.1/../../../../arm-none-eabi/lib/thumb/v7e-m+fp/hard\libc_nano.a(libc_a-findfp.o)
                0x20012df4                __sf
 .bss.__stdio_exit_handler
                0x20012f2c        0x4 C:/ST/STM32CubeIDE_1.17.0/STM32CubeIDE/plugins/com.st.stm32cube.ide.mcu.externaltools.gnu-tools-for-stm32.12.3.rel1.win32_1.1.0.202410251130/tools/bin/../lib/gcc/arm-none-eabi/12.3.1/../../../../arm-none-eabi/lib/thumb/v7e-m+fp/hard\libc_nano.a(libc_a-findfp.o)
                0x20012f2c                __stdio_exit_handler
 .bss.errno     0x20012f30        0x4 C:/ST/STM32CubeIDE_1.17.0/STM32CubeIDE/plugins/com.st.stm32cube.ide.mcu.externaltools.gnu-tools-for-stm32.12.3.rel1.win32_1.1.0.202410251130/tools/bin/../lib/gcc/arm-none-eabi/12.3.1/../../../../arm-none-eabi/lib/thumb/v7e-m+fp/hard\libc_nano.a(libc_a-reent.o)
                0x20012f30                errno
 .bss.__lock___malloc_recursive_mutex
                0x20012f34        0x1 C:/ST/STM32CubeIDE_1.17.0/STM32CubeIDE/plugins/com.st.stm32cube.ide.mcu.externaltools.gnu-tools-for-stm32.12.3.rel1.win32_1.1.0.202410251130/tools/bin/../lib/gcc/arm-none-eabi/12.3.1/../../../../arm-none-eabi/lib/thumb/v7e-m+fp/hard\libc_nano.a(libc_a-lock.o)
                0x20012f34                __lock___malloc_recursive_mutex
 .bss.__lock___sfp_recursive_mutex
                0x20012f35        0x1 C:/ST/STM32CubeIDE_1.17.0/STM32CubeIDE/plugins/com.st.stm32cube.ide.mcu.externaltools.gnu-tools-for-stm32.12.3.rel1.win32_1.1.0.202410251130/tools/bin/../lib/gcc/arm-none-eabi/12.3.1/../../../../arm-none-eabi/lib/thumb/v7e-m+fp/hard\libc_nano.a(libc_a-lock.o)
                0x20012f35                __lock___sfp_recursive_mutex
 *fill*         0x20012f36        0x2 
 .bss.__malloc_sbrk_start
                0x20012f38        0x4 C:/ST/STM32CubeIDE_1.17.0/STM32CubeIDE/plugins/com.st.stm32cube.ide.mcu.externaltools.gnu-tools-for-stm32.12.3.rel1.win32_1.1.0.202410251130/tools/bin/../lib/gcc/arm-none-eabi/12.3.1/../../../../arm-none-eabi/lib/thumb/v7e-m+fp/hard\libc_nano.a(libc_a-mallocr.o)
                0x20012f38                __malloc_sbrk_start
 .bss.__malloc_free_list
                0x20012f3c        0x4 C:/ST/STM32CubeIDE_1.17.0/STM32CubeIDE/plugins/com.st.stm32cube.ide.mcu.externaltools.gnu-tools-for-stm32.12.3.rel1.win32_1.1.0.202410251130/tools/bin/../lib/gcc/arm-none-eabi/12.3.1/../../../../arm-none-eabi/lib/thumb/v7e-m+fp/hard\libc_nano.a(libc_a-mallocr.o)
                0x20012f3c                __malloc_free_list
 *(COMMON)
                0x20012f40                        . = ALIGN (0x4)
                0x20012f40                        _ebss = .
                0x20012f40                        __bss_end__ = _ebss

._user_heap_stack
                0x20012f40      0x600
                0x20012f40                        . = ALIGN (0x8)
                [!provide]                        PROVIDE (end = .)
                0x20012f40                        PROVIDE (_end = .)
                0x20013140                        . = (. + _Min_Heap_Size)
 *fill*         0x20012f40      0x200 
                0x20013540                        . = (. + _Min_Stack_Size)
 *fill*         0x20013140      0x400 
                0x20013540                        . = ALIGN (0x8)

/DISCARD/
 libc.a(*)
 libm.a(*)
 libgcc.a(*)

.ARM.attributes
                0x00000000       0x30
 *(.ARM.attributes)
 .ARM.attributes
                0x00000000       0x22 C:/ST/STM32CubeIDE_1.17.0/STM32CubeIDE/plugins/com.st.stm32cube.ide.mcu.externaltools.gnu-tools-for-stm32.12.3.rel1.win32_1.1.0.202410251130/tools/bin/../lib/gcc/arm-none-eabi/12.3.1/thumb/v7e-m+fp/hard/crti.o
 .ARM.attributes
                0x00000022       0x34 C:/ST/STM32CubeIDE_1.17.0/STM32CubeIDE/plugins/com.st.stm32cube.ide.mcu.externaltools.gnu-tools-for-stm32.12.3.rel1.win32_1.1.0.202410251130/tools/bin/../lib/gcc/arm-none-eabi/12.3.1/thumb/v7e-m+fp/hard/crtbegin.o
 .ARM.attributes
                0x00000056       0x34 ./Core/FreeRTOS-Kernel/list.o
 .ARM.attributes
                0x0000008a       0x34 ./Core/FreeRTOS-Kernel/queue.o
 .ARM.attributes
                0x000000be       0x34 ./Core/FreeRTOS-Kernel/tasks.o
 .ARM.attributes
                0x000000f2       0x34 ./Core/FreeRTOS-Kernel/portable/GCC/ARM_CM4F/port.o
 .ARM.attributes
                0x00000126       0x34 ./Core/FreeRTOS-Kernel/portable/MemMang/heap_1.o
 .ARM.attributes
                0x0000015a       0x34 ./Core/Src/main.o
 .ARM.attributes
                0x0000018e       0x34 ./Core/Src/stm32f4xx_hal_msp.o
 .ARM.attributes
                0x000001c2       0x34 ./Core/Src/stm32f4xx_hal_timebase_tim.o
 .ARM.attributes
                0x000001f6       0x34 ./Core/Src/stm32f4xx_it.o
 .ARM.attributes
                0x0000022a       0x34 ./Core/Src/syscalls.o
 .ARM.attributes
                0x0000025e       0x34 ./Core/Src/sysmem.o
 .ARM.attributes
                0x00000292       0x34 ./Core/Src/system_stm32f4xx.o
 .ARM.attributes
                0x000002c6       0x21 ./Core/Startup/startup_stm32f407vgtx.o
 .ARM.attributes
                0x000002e7       0x34 ./Drivers/STM32F4xx_HAL_Driver/Src/stm32f4xx_hal.o
 .ARM.attributes
                0x0000031b       0x34 ./Drivers/STM32F4xx_HAL_Driver/Src/stm32f4xx_hal_cortex.o
 .ARM.attributes
                0x0000034f       0x34 ./Drivers/STM32F4xx_HAL_Driver/Src/stm32f4xx_hal_gpio.o
 .ARM.attributes
                0x00000383       0x34 ./Drivers/STM32F4xx_HAL_Driver/Src/stm32f4xx_hal_rcc.o
 .ARM.attributes
                0x000003b7       0x34 ./Drivers/STM32F4xx_HAL_Driver/Src/stm32f4xx_hal_tim.o
 .ARM.attributes
                0x000003eb       0x34 ./Drivers/STM32F4xx_HAL_Driver/Src/stm32f4xx_hal_tim_ex.o
 .ARM.attributes
                0x0000041f       0x34 C:/ST/STM32CubeIDE_1.17.0/STM32CubeIDE/plugins/com.st.stm32cube.ide.mcu.externaltools.gnu-tools-for-stm32.12.3.rel1.win32_1.1.0.202410251130/tools/bin/../lib/gcc/arm-none-eabi/12.3.1/../../../../arm-none-eabi/lib/thumb/v7e-m+fp/hard\libc_nano.a(libc_a-rand.o)
 .ARM.attributes
                0x00000453       0x34 C:/ST/STM32CubeIDE_1.17.0/STM32CubeIDE/plugins/com.st.stm32cube.ide.mcu.externaltools.gnu-tools-for-stm32.12.3.rel1.win32_1.1.0.202410251130/tools/bin/../lib/gcc/arm-none-eabi/12.3.1/../../../../arm-none-eabi/lib/thumb/v7e-m+fp/hard\libc_nano.a(libc_a-findfp.o)
 .ARM.attributes
                0x00000487       0x34 C:/ST/STM32CubeIDE_1.17.0/STM32CubeIDE/plugins/com.st.stm32cube.ide.mcu.externaltools.gnu-tools-for-stm32.12.3.rel1.win32_1.1.0.202410251130/tools/bin/../lib/gcc/arm-none-eabi/12.3.1/../../../../arm-none-eabi/lib/thumb/v7e-m+fp/hard\libc_nano.a(libc_a-fwalk.o)
 .ARM.attributes
                0x000004bb       0x34 C:/ST/STM32CubeIDE_1.17.0/STM32CubeIDE/plugins/com.st.stm32cube.ide.mcu.externaltools.gnu-tools-for-stm32.12.3.rel1.win32_1.1.0.202410251130/tools/bin/../lib/gcc/arm-none-eabi/12.3.1/../../../../arm-none-eabi/lib/thumb/v7e-m+fp/hard\libc_nano.a(libc_a-stdio.o)
 .ARM.attributes
                0x000004ef       0x34 C:/ST/STM32CubeIDE_1.17.0/STM32CubeIDE/plugins/com.st.stm32cube.ide.mcu.externaltools.gnu-tools-for-stm32.12.3.rel1.win32_1.1.0.202410251130/tools/bin/../lib/gcc/arm-none-eabi/12.3.1/../../../../arm-none-eabi/lib/thumb/v7e-m+fp/hard\libc_nano.a(libc_a-memset.o)
 .ARM.attributes
                0x00000523       0x34 C:/ST/STM32CubeIDE_1.17.0/STM32CubeIDE/plugins/com.st.stm32cube.ide.mcu.externaltools.gnu-tools-for-stm32.12.3.rel1.win32_1.1.0.202410251130/tools/bin/../lib/gcc/arm-none-eabi/12.3.1/../../../../arm-none-eabi/lib/thumb/v7e-m+fp/hard\libc_nano.a(libc_a-closer.o)
 .ARM.attributes
                0x00000557       0x34 C:/ST/STM32CubeIDE_1.17.0/STM32CubeIDE/plugins/com.st.stm32cube.ide.mcu.externaltools.gnu-tools-for-stm32.12.3.rel1.win32_1.1.0.202410251130/tools/bin/../lib/gcc/arm-none-eabi/12.3.1/../../../../arm-none-eabi/lib/thumb/v7e-m+fp/hard\libc_nano.a(libc_a-reent.o)
 .ARM.attributes
                0x0000058b       0x34 C:/ST/STM32CubeIDE_1.17.0/STM32CubeIDE/plugins/com.st.stm32cube.ide.mcu.externaltools.gnu-tools-for-stm32.12.3.rel1.win32_1.1.0.202410251130/tools/bin/../lib/gcc/arm-none-eabi/12.3.1/../../../../arm-none-eabi/lib/thumb/v7e-m+fp/hard\libc_nano.a(libc_a-impure.o)
 .ARM.attributes
                0x000005bf       0x34 C:/ST/STM32CubeIDE_1.17.0/STM32CubeIDE/plugins/com.st.stm32cube.ide.mcu.externaltools.gnu-tools-for-stm32.12.3.rel1.win32_1.1.0.202410251130/tools/bin/../lib/gcc/arm-none-eabi/12.3.1/../../../../arm-none-eabi/lib/thumb/v7e-m+fp/hard\libc_nano.a(libc_a-lseekr.o)
 .ARM.attributes
                0x000005f3       0x34 C:/ST/STM32CubeIDE_1.17.0/STM32CubeIDE/plugins/com.st.stm32cube.ide.mcu.externaltools.gnu-tools-for-stm32.12.3.rel1.win32_1.1.0.202410251130/tools/bin/../lib/gcc/arm-none-eabi/12.3.1/../../../../arm-none-eabi/lib/thumb/v7e-m+fp/hard\libc_nano.a(libc_a-readr.o)
 .ARM.attributes
                0x00000627       0x34 C:/ST/STM32CubeIDE_1.17.0/STM32CubeIDE/plugins/com.st.stm32cube.ide.mcu.externaltools.gnu-tools-for-stm32.12.3.rel1.win32_1.1.0.202410251130/tools/bin/../lib/gcc/arm-none-eabi/12.3.1/../../../../arm-none-eabi/lib/thumb/v7e-m+fp/hard\libc_nano.a(libc_a-writer.o)
 .ARM.attributes
                0x0000065b       0x34 C:/ST/STM32CubeIDE_1.17.0/STM32CubeIDE/plugins/com.st.stm32cube.ide.mcu.externaltools.gnu-tools-for-stm32.12.3.rel1.win32_1.1.0.202410251130/tools/bin/../lib/gcc/arm-none-eabi/12.3.1/../../../../arm-none-eabi/lib/thumb/v7e-m+fp/hard\libc_nano.a(libc_a-errno.o)
 .ARM.attributes
                0x0000068f       0x34 C:/ST/STM32CubeIDE_1.17.0/STM32CubeIDE/plugins/com.st.stm32cube.ide.mcu.externaltools.gnu-tools-for-stm32.12.3.rel1.win32_1.1.0.202410251130/tools/bin/../lib/gcc/arm-none-eabi/12.3.1/../../../../arm-none-eabi/lib/thumb/v7e-m+fp/hard\libc_nano.a(libc_a-init.o)
 .ARM.attributes
                0x000006c3       0x34 C:/ST/STM32CubeIDE_1.17.0/STM32CubeIDE/plugins/com.st.stm32cube.ide.mcu.externaltools.gnu-tools-for-stm32.12.3.rel1.win32_1.1.0.202410251130/tools/bin/../lib/gcc/arm-none-eabi/12.3.1/../../../../arm-none-eabi/lib/thumb/v7e-m+fp/hard\libc_nano.a(libc_a-lock.o)
 .ARM.attributes
                0x000006f7       0x34 C:/ST/STM32CubeIDE_1.17.0/STM32CubeIDE/plugins/com.st.stm32cube.ide.mcu.externaltools.gnu-tools-for-stm32.12.3.rel1.win32_1.1.0.202410251130/tools/bin/../lib/gcc/arm-none-eabi/12.3.1/../../../../arm-none-eabi/lib/thumb/v7e-m+fp/hard\libc_nano.a(libc_a-memcpy-stub.o)
 .ARM.attributes
                0x0000072b       0x34 C:/ST/STM32CubeIDE_1.17.0/STM32CubeIDE/plugins/com.st.stm32cube.ide.mcu.externaltools.gnu-tools-for-stm32.12.3.rel1.win32_1.1.0.202410251130/tools/bin/../lib/gcc/arm-none-eabi/12.3.1/../../../../arm-none-eabi/lib/thumb/v7e-m+fp/hard\libc_nano.a(libc_a-assert.o)
 .ARM.attributes
                0x0000075f       0x34 C:/ST/STM32CubeIDE_1.17.0/STM32CubeIDE/plugins/com.st.stm32cube.ide.mcu.externaltools.gnu-tools-for-stm32.12.3.rel1.win32_1.1.0.202410251130/tools/bin/../lib/gcc/arm-none-eabi/12.3.1/../../../../arm-none-eabi/lib/thumb/v7e-m+fp/hard\libc_nano.a(libc_a-freer.o)
 .ARM.attributes
                0x00000793       0x34 C:/ST/STM32CubeIDE_1.17.0/STM32CubeIDE/plugins/com.st.stm32cube.ide.mcu.externaltools.gnu-tools-for-stm32.12.3.rel1.win32_1.1.0.202410251130/tools/bin/../lib/gcc/arm-none-eabi/12.3.1/../../../../arm-none-eabi/lib/thumb/v7e-m+fp/hard\libc_nano.a(libc_a-malloc.o)
 .ARM.attributes
                0x000007c7       0x34 C:/ST/STM32CubeIDE_1.17.0/STM32CubeIDE/plugins/com.st.stm32cube.ide.mcu.externaltools.gnu-tools-for-stm32.12.3.rel1.win32_1.1.0.202410251130/tools/bin/../lib/gcc/arm-none-eabi/12.3.1/../../../../arm-none-eabi/lib/thumb/v7e-m+fp/hard\libc_nano.a(libc_a-mallocr.o)
 .ARM.attributes
                0x000007fb       0x34 C:/ST/STM32CubeIDE_1.17.0/STM32CubeIDE/plugins/com.st.stm32cube.ide.mcu.externaltools.gnu-tools-for-stm32.12.3.rel1.win32_1.1.0.202410251130/tools/bin/../lib/gcc/arm-none-eabi/12.3.1/../../../../arm-none-eabi/lib/thumb/v7e-m+fp/hard\libc_nano.a(libc_a-mlock.o)
 .ARM.attributes
                0x0000082f       0x34 C:/ST/STM32CubeIDE_1.17.0/STM32CubeIDE/plugins/com.st.stm32cube.ide.mcu.externaltools.gnu-tools-for-stm32.12.3.rel1.win32_1.1.0.202410251130/tools/bin/../lib/gcc/arm-none-eabi/12.3.1/../../../../arm-none-eabi/lib/thumb/v7e-m+fp/hard\libc_nano.a(libc_a-fflush.o)
 .ARM.attributes
                0x00000863       0x34 C:/ST/STM32CubeIDE_1.17.0/STM32CubeIDE/plugins/com.st.stm32cube.ide.mcu.externaltools.gnu-tools-for-stm32.12.3.rel1.win32_1.1.0.202410251130/tools/bin/../lib/gcc/arm-none-eabi/12.3.1/../../../../arm-none-eabi/lib/thumb/v7e-m+fp/hard\libc_nano.a(libc_a-fprintf.o)
 .ARM.attributes
                0x00000897       0x34 C:/ST/STM32CubeIDE_1.17.0/STM32CubeIDE/plugins/com.st.stm32cube.ide.mcu.externaltools.gnu-tools-for-stm32.12.3.rel1.win32_1.1.0.202410251130/tools/bin/../lib/gcc/arm-none-eabi/12.3.1/../../../../arm-none-eabi/lib/thumb/v7e-m+fp/hard\libc_nano.a(libc_a-sbrkr.o)
 .ARM.attributes
                0x000008cb       0x34 C:/ST/STM32CubeIDE_1.17.0/STM32CubeIDE/plugins/com.st.stm32cube.ide.mcu.externaltools.gnu-tools-for-stm32.12.3.rel1.win32_1.1.0.202410251130/tools/bin/../lib/gcc/arm-none-eabi/12.3.1/../../../../arm-none-eabi/lib/thumb/v7e-m+fp/hard\libc_nano.a(libc_a-abort.o)
 .ARM.attributes
                0x000008ff       0x34 C:/ST/STM32CubeIDE_1.17.0/STM32CubeIDE/plugins/com.st.stm32cube.ide.mcu.externaltools.gnu-tools-for-stm32.12.3.rel1.win32_1.1.0.202410251130/tools/bin/../lib/gcc/arm-none-eabi/12.3.1/../../../../arm-none-eabi/lib/thumb/v7e-m+fp/hard\libc_nano.a(libc_a-nano-vfprintf.o)
 .ARM.attributes
                0x00000933       0x34 C:/ST/STM32CubeIDE_1.17.0/STM32CubeIDE/plugins/com.st.stm32cube.ide.mcu.externaltools.gnu-tools-for-stm32.12.3.rel1.win32_1.1.0.202410251130/tools/bin/../lib/gcc/arm-none-eabi/12.3.1/../../../../arm-none-eabi/lib/thumb/v7e-m+fp/hard\libc_nano.a(libc_a-nano-vfprintf_i.o)
 .ARM.attributes
                0x00000967       0x34 C:/ST/STM32CubeIDE_1.17.0/STM32CubeIDE/plugins/com.st.stm32cube.ide.mcu.externaltools.gnu-tools-for-stm32.12.3.rel1.win32_1.1.0.202410251130/tools/bin/../lib/gcc/arm-none-eabi/12.3.1/../../../../arm-none-eabi/lib/thumb/v7e-m+fp/hard\libc_nano.a(libc_a-wbuf.o)
 .ARM.attributes
                0x0000099b       0x34 C:/ST/STM32CubeIDE_1.17.0/STM32CubeIDE/plugins/com.st.stm32cube.ide.mcu.externaltools.gnu-tools-for-stm32.12.3.rel1.win32_1.1.0.202410251130/tools/bin/../lib/gcc/arm-none-eabi/12.3.1/../../../../arm-none-eabi/lib/thumb/v7e-m+fp/hard\libc_nano.a(libc_a-wsetup.o)
 .ARM.attributes
                0x000009cf       0x34 C:/ST/STM32CubeIDE_1.17.0/STM32CubeIDE/plugins/com.st.stm32cube.ide.mcu.externaltools.gnu-tools-for-stm32.12.3.rel1.win32_1.1.0.202410251130/tools/bin/../lib/gcc/arm-none-eabi/12.3.1/../../../../arm-none-eabi/lib/thumb/v7e-m+fp/hard\libc_nano.a(libc_a-signal.o)
 .ARM.attributes
                0x00000a03       0x34 C:/ST/STM32CubeIDE_1.17.0/STM32CubeIDE/plugins/com.st.stm32cube.ide.mcu.externaltools.gnu-tools-for-stm32.12.3.rel1.win32_1.1.0.202410251130/tools/bin/../lib/gcc/arm-none-eabi/12.3.1/../../../../arm-none-eabi/lib/thumb/v7e-m+fp/hard\libc_nano.a(libc_a-signalr.o)
 .ARM.attributes
                0x00000a37       0x1c C:/ST/STM32CubeIDE_1.17.0/STM32CubeIDE/plugins/com.st.stm32cube.ide.mcu.externaltools.gnu-tools-for-stm32.12.3.rel1.win32_1.1.0.202410251130/tools/bin/../lib/gcc/arm-none-eabi/12.3.1/../../../../arm-none-eabi/lib/thumb/v7e-m+fp/hard\libc_nano.a(libc_a-memchr.o)
 .ARM.attributes
                0x00000a53       0x34 C:/ST/STM32CubeIDE_1.17.0/STM32CubeIDE/plugins/com.st.stm32cube.ide.mcu.externaltools.gnu-tools-for-stm32.12.3.rel1.win32_1.1.0.202410251130/tools/bin/../lib/gcc/arm-none-eabi/12.3.1/../../../../arm-none-eabi/lib/thumb/v7e-m+fp/hard\libc_nano.a(libc_a-makebuf.o)
 .ARM.attributes
                0x00000a87       0x34 C:/ST/STM32CubeIDE_1.17.0/STM32CubeIDE/plugins/com.st.stm32cube.ide.mcu.externaltools.gnu-tools-for-stm32.12.3.rel1.win32_1.1.0.202410251130/tools/bin/../lib/gcc/arm-none-eabi/12.3.1/../../../../arm-none-eabi/lib/thumb/v7e-m+fp/hard\libc_nano.a(libc_a-fstatr.o)
 .ARM.attributes
                0x00000abb       0x34 C:/ST/STM32CubeIDE_1.17.0/STM32CubeIDE/plugins/com.st.stm32cube.ide.mcu.externaltools.gnu-tools-for-stm32.12.3.rel1.win32_1.1.0.202410251130/tools/bin/../lib/gcc/arm-none-eabi/12.3.1/../../../../arm-none-eabi/lib/thumb/v7e-m+fp/hard\libc_nano.a(libc_a-isattyr.o)
 .ARM.attributes
                0x00000aef       0x22 C:/ST/STM32CubeIDE_1.17.0/STM32CubeIDE/plugins/com.st.stm32cube.ide.mcu.externaltools.gnu-tools-for-stm32.12.3.rel1.win32_1.1.0.202410251130/tools/bin/../lib/gcc/arm-none-eabi/12.3.1/thumb/v7e-m+fp/hard\libgcc.a(_aeabi_uldivmod.o)
 .ARM.attributes
                0x00000b11       0x34 C:/ST/STM32CubeIDE_1.17.0/STM32CubeIDE/plugins/com.st.stm32cube.ide.mcu.externaltools.gnu-tools-for-stm32.12.3.rel1.win32_1.1.0.202410251130/tools/bin/../lib/gcc/arm-none-eabi/12.3.1/thumb/v7e-m+fp/hard\libgcc.a(_udivmoddi4.o)
 .ARM.attributes
                0x00000b45       0x22 C:/ST/STM32CubeIDE_1.17.0/STM32CubeIDE/plugins/com.st.stm32cube.ide.mcu.externaltools.gnu-tools-for-stm32.12.3.rel1.win32_1.1.0.202410251130/tools/bin/../lib/gcc/arm-none-eabi/12.3.1/thumb/v7e-m+fp/hard\libgcc.a(_dvmd_tls.o)
 .ARM.attributes
                0x00000b67       0x22 C:/ST/STM32CubeIDE_1.17.0/STM32CubeIDE/plugins/com.st.stm32cube.ide.mcu.externaltools.gnu-tools-for-stm32.12.3.rel1.win32_1.1.0.202410251130/tools/bin/../lib/gcc/arm-none-eabi/12.3.1/thumb/v7e-m+fp/hard/crtn.o
OUTPUT(TestRTOS.elf elf32-littlearm)
LOAD linker stubs
LOAD C:/ST/STM32CubeIDE_1.17.0/STM32CubeIDE/plugins/com.st.stm32cube.ide.mcu.externaltools.gnu-tools-for-stm32.12.3.rel1.win32_1.1.0.202410251130/tools/bin/../lib/gcc/arm-none-eabi/12.3.1/../../../../arm-none-eabi/lib/thumb/v7e-m+fp/hard\libc.a
LOAD C:/ST/STM32CubeIDE_1.17.0/STM32CubeIDE/plugins/com.st.stm32cube.ide.mcu.externaltools.gnu-tools-for-stm32.12.3.rel1.win32_1.1.0.202410251130/tools/bin/../lib/gcc/arm-none-eabi/12.3.1/../../../../arm-none-eabi/lib/thumb/v7e-m+fp/hard\libm.a
LOAD C:/ST/STM32CubeIDE_1.17.0/STM32CubeIDE/plugins/com.st.stm32cube.ide.mcu.externaltools.gnu-tools-for-stm32.12.3.rel1.win32_1.1.0.202410251130/tools/bin/../lib/gcc/arm-none-eabi/12.3.1/thumb/v7e-m+fp/hard\libgcc.a

.debug_info     0x00000000     0xdf5c
 .debug_info    0x00000000      0x2aa ./Core/FreeRTOS-Kernel/list.o
 .debug_info    0x000002aa     0x17b5 ./Core/FreeRTOS-Kernel/queue.o
 .debug_info    0x00001a5f     0x2690 ./Core/FreeRTOS-Kernel/tasks.o
 .debug_info    0x000040ef      0x575 ./Core/FreeRTOS-Kernel/portable/GCC/ARM_CM4F/port.o
 .debug_info    0x00004664      0x1ed ./Core/FreeRTOS-Kernel/portable/MemMang/heap_1.o
 .debug_info    0x00004851     0x1010 ./Core/Src/main.o
 .debug_info    0x00005861      0x269 ./Core/Src/stm32f4xx_hal_msp.o
 .debug_info    0x00005aca      0xbe0 ./Core/Src/stm32f4xx_hal_timebase_tim.o
 .debug_info    0x000066aa      0x6ab ./Core/Src/stm32f4xx_it.o
 .debug_info    0x00006d55      0x6a3 ./Core/Src/syscalls.o
 .debug_info    0x000073f8      0x168 ./Core/Src/sysmem.o
 .debug_info    0x00007560      0x512 ./Core/Src/system_stm32f4xx.o
 .debug_info    0x00007a72       0x30 ./Core/Startup/startup_stm32f407vgtx.o
 .debug_info    0x00007aa2      0x944 ./Drivers/STM32F4xx_HAL_Driver/Src/stm32f4xx_hal.o
 .debug_info    0x000083e6      0xd8c ./Drivers/STM32F4xx_HAL_Driver/Src/stm32f4xx_hal_cortex.o
 .debug_info    0x00009172      0x6c3 ./Drivers/STM32F4xx_HAL_Driver/Src/stm32f4xx_hal_gpio.o
 .debug_info    0x00009835      0x8af ./Drivers/STM32F4xx_HAL_Driver/Src/stm32f4xx_hal_rcc.o
 .debug_info    0x0000a0e4     0x299d ./Drivers/STM32F4xx_HAL_Driver/Src/stm32f4xx_hal_tim.o
 .debug_info    0x0000ca81     0x14db ./Drivers/STM32F4xx_HAL_Driver/Src/stm32f4xx_hal_tim_ex.o

.debug_abbrev   0x00000000     0x2519
 .debug_abbrev  0x00000000       0xee ./Core/FreeRTOS-Kernel/list.o
 .debug_abbrev  0x000000ee      0x322 ./Core/FreeRTOS-Kernel/queue.o
 .debug_abbrev  0x00000410      0x380 ./Core/FreeRTOS-Kernel/tasks.o
 .debug_abbrev  0x00000790      0x235 ./Core/FreeRTOS-Kernel/portable/GCC/ARM_CM4F/port.o
 .debug_abbrev  0x000009c5      0x161 ./Core/FreeRTOS-Kernel/portable/MemMang/heap_1.o
 .debug_abbrev  0x00000b26      0x343 ./Core/Src/main.o
 .debug_abbrev  0x00000e69       0xd8 ./Core/Src/stm32f4xx_hal_msp.o
 .debug_abbrev  0x00000f41      0x1f4 ./Core/Src/stm32f4xx_hal_timebase_tim.o
 .debug_abbrev  0x00001135      0x17d ./Core/Src/stm32f4xx_it.o
 .debug_abbrev  0x000012b2      0x1b6 ./Core/Src/syscalls.o
 .debug_abbrev  0x00001468       0xbc ./Core/Src/sysmem.o
 .debug_abbrev  0x00001524      0x11a ./Core/Src/system_stm32f4xx.o
 .debug_abbrev  0x0000163e       0x24 ./Core/Startup/startup_stm32f407vgtx.o
 .debug_abbrev  0x00001662      0x214 ./Drivers/STM32F4xx_HAL_Driver/Src/stm32f4xx_hal.o
 .debug_abbrev  0x00001876      0x31d ./Drivers/STM32F4xx_HAL_Driver/Src/stm32f4xx_hal_cortex.o
 .debug_abbrev  0x00001b93      0x1d4 ./Drivers/STM32F4xx_HAL_Driver/Src/stm32f4xx_hal_gpio.o
 .debug_abbrev  0x00001d67      0x2b7 ./Drivers/STM32F4xx_HAL_Driver/Src/stm32f4xx_hal_rcc.o
 .debug_abbrev  0x0000201e      0x278 ./Drivers/STM32F4xx_HAL_Driver/Src/stm32f4xx_hal_tim.o
 .debug_abbrev  0x00002296      0x283 ./Drivers/STM32F4xx_HAL_Driver/Src/stm32f4xx_hal_tim_ex.o

.debug_aranges  0x00000000      0xe98
 .debug_aranges
                0x00000000       0x40 ./Core/FreeRTOS-Kernel/list.o
 .debug_aranges
                0x00000040      0x138 ./Core/FreeRTOS-Kernel/queue.o
 .debug_aranges
                0x00000178      0x218 ./Core/FreeRTOS-Kernel/tasks.o
 .debug_aranges
                0x00000390       0x80 ./Core/FreeRTOS-Kernel/portable/GCC/ARM_CM4F/port.o
 .debug_aranges
                0x00000410       0x40 ./Core/FreeRTOS-Kernel/portable/MemMang/heap_1.o
 .debug_aranges
                0x00000450       0x58 ./Core/Src/main.o
 .debug_aranges
                0x000004a8       0x20 ./Core/Src/stm32f4xx_hal_msp.o
 .debug_aranges
                0x000004c8       0x30 ./Core/Src/stm32f4xx_hal_timebase_tim.o
 .debug_aranges
                0x000004f8       0x50 ./Core/Src/stm32f4xx_it.o
 .debug_aranges
                0x00000548       0xa8 ./Core/Src/syscalls.o
 .debug_aranges
                0x000005f0       0x20 ./Core/Src/sysmem.o
 .debug_aranges
                0x00000610       0x28 ./Core/Src/system_stm32f4xx.o
 .debug_aranges
                0x00000638       0x28 ./Core/Startup/startup_stm32f407vgtx.o
 .debug_aranges
                0x00000660       0xf0 ./Drivers/STM32F4xx_HAL_Driver/Src/stm32f4xx_hal.o
 .debug_aranges
                0x00000750      0x130 ./Drivers/STM32F4xx_HAL_Driver/Src/stm32f4xx_hal_cortex.o
 .debug_aranges
                0x00000880       0x58 ./Drivers/STM32F4xx_HAL_Driver/Src/stm32f4xx_hal_gpio.o
 .debug_aranges
                0x000008d8       0x88 ./Drivers/STM32F4xx_HAL_Driver/Src/stm32f4xx_hal_rcc.o
 .debug_aranges
                0x00000960      0x3d0 ./Drivers/STM32F4xx_HAL_Driver/Src/stm32f4xx_hal_tim.o
 .debug_aranges
                0x00000d30      0x168 ./Drivers/STM32F4xx_HAL_Driver/Src/stm32f4xx_hal_tim_ex.o

.debug_rnglists
                0x00000000      0xb3f
 .debug_rnglists
                0x00000000       0x2b ./Core/FreeRTOS-Kernel/list.o
 .debug_rnglists
                0x0000002b       0xf2 ./Core/FreeRTOS-Kernel/queue.o
 .debug_rnglists
                0x0000011d      0x1bb ./Core/FreeRTOS-Kernel/tasks.o
 .debug_rnglists
                0x000002d8       0x5d ./Core/FreeRTOS-Kernel/portable/GCC/ARM_CM4F/port.o
 .debug_rnglists
                0x00000335       0x2c ./Core/FreeRTOS-Kernel/portable/MemMang/heap_1.o
 .debug_rnglists
                0x00000361       0x42 ./Core/Src/main.o
 .debug_rnglists
                0x000003a3       0x13 ./Core/Src/stm32f4xx_hal_msp.o
 .debug_rnglists
                0x000003b6       0x20 ./Core/Src/stm32f4xx_hal_timebase_tim.o
 .debug_rnglists
                0x000003d6       0x37 ./Core/Src/stm32f4xx_it.o
 .debug_rnglists
                0x0000040d       0x79 ./Core/Src/syscalls.o
 .debug_rnglists
                0x00000486       0x13 ./Core/Src/sysmem.o
 .debug_rnglists
                0x00000499       0x1a ./Core/Src/system_stm32f4xx.o
 .debug_rnglists
                0x000004b3       0x19 ./Core/Startup/startup_stm32f407vgtx.o
 .debug_rnglists
                0x000004cc       0xaf ./Drivers/STM32F4xx_HAL_Driver/Src/stm32f4xx_hal.o
 .debug_rnglists
                0x0000057b       0xe0 ./Drivers/STM32F4xx_HAL_Driver/Src/stm32f4xx_hal_cortex.o
 .debug_rnglists
                0x0000065b       0x3f ./Drivers/STM32F4xx_HAL_Driver/Src/stm32f4xx_hal_gpio.o
 .debug_rnglists
                0x0000069a       0x66 ./Drivers/STM32F4xx_HAL_Driver/Src/stm32f4xx_hal_rcc.o
 .debug_rnglists
                0x00000700      0x31a ./Drivers/STM32F4xx_HAL_Driver/Src/stm32f4xx_hal_tim.o
 .debug_rnglists
                0x00000a1a      0x125 ./Drivers/STM32F4xx_HAL_Driver/Src/stm32f4xx_hal_tim_ex.o

.debug_macro    0x00000000    0x20a42
 .debug_macro   0x00000000      0x1a2 ./Core/FreeRTOS-Kernel/list.o
 .debug_macro   0x000001a2      0x239 ./Core/FreeRTOS-Kernel/queue.o
 .debug_macro   0x000003db       0x16 ./Core/FreeRTOS-Kernel/queue.o
 .debug_macro   0x000003f1       0x35 ./Core/FreeRTOS-Kernel/queue.o
 .debug_macro   0x00000426       0x20 ./Core/FreeRTOS-Kernel/queue.o
 .debug_macro   0x00000446       0x80 ./Core/FreeRTOS-Kernel/queue.o
 .debug_macro   0x000004c6      0x2bf ./Core/FreeRTOS-Kernel/tasks.o
 .debug_macro   0x00000785       0x17 ./Core/FreeRTOS-Kernel/tasks.o
 .debug_macro   0x0000079c      0x1cf ./Core/FreeRTOS-Kernel/portable/GCC/ARM_CM4F/port.o
 .debug_macro   0x0000096b      0x1b7 ./Core/FreeRTOS-Kernel/portable/MemMang/heap_1.o
 .debug_macro   0x00000b22      0x2a9 ./Core/Src/main.o
 .debug_macro   0x00000dcb      0x295 ./Core/Src/main.o
 .debug_macro   0x00001060       0x2e ./Core/Src/main.o
 .debug_macro   0x0000108e       0x2f ./Core/Src/main.o
 .debug_macro   0x000010bd       0x1c ./Core/Src/main.o
 .debug_macro   0x000010d9       0x22 ./Core/Src/main.o
 .debug_macro   0x000010fb       0xfb ./Core/Src/main.o
 .debug_macro   0x000011f6     0x1011 ./Core/Src/main.o
 .debug_macro   0x00002207      0x11f ./Core/Src/main.o
 .debug_macro   0x00002326    0x15e97 ./Core/Src/main.o
 .debug_macro   0x000181bd       0x6d ./Core/Src/main.o
 .debug_macro   0x0001822a     0x369a ./Core/Src/main.o
 .debug_macro   0x0001b8c4       0x5c ./Core/Src/main.o
 .debug_macro   0x0001b920      0x980 ./Core/Src/main.o
 .debug_macro   0x0001c2a0      0x9e9 ./Core/Src/main.o
 .debug_macro   0x0001cc89      0x115 ./Core/Src/main.o
 .debug_macro   0x0001cd9e      0x13e ./Core/Src/main.o
 .debug_macro   0x0001cedc       0xa5 ./Core/Src/main.o
 .debug_macro   0x0001cf81      0x174 ./Core/Src/main.o
 .debug_macro   0x0001d0f5      0x287 ./Core/Src/main.o
 .debug_macro   0x0001d37c       0x5f ./Core/Src/main.o
 .debug_macro   0x0001d3db      0x236 ./Core/Src/main.o
 .debug_macro   0x0001d611      0x12c ./Core/Src/main.o
 .debug_macro   0x0001d73d      0x21e ./Core/Src/main.o
 .debug_macro   0x0001d95b       0x2e ./Core/Src/main.o
 .debug_macro   0x0001d989      0x127 ./Core/Src/main.o
 .debug_macro   0x0001dab0       0x7e ./Core/Src/main.o
 .debug_macro   0x0001db2e       0x89 ./Core/Src/main.o
 .debug_macro   0x0001dbb7      0x8ed ./Core/Src/main.o
 .debug_macro   0x0001e4a4       0x4d ./Core/Src/main.o
 .debug_macro   0x0001e4f1      0x12d ./Core/Src/main.o
 .debug_macro   0x0001e61e       0x10 ./Core/Src/main.o
 .debug_macro   0x0001e62e       0xfa ./Core/Src/main.o
 .debug_macro   0x0001e728       0x86 ./Core/Src/main.o
 .debug_macro   0x0001e7ae       0x77 ./Core/Src/main.o
 .debug_macro   0x0001e825      0x1d3 ./Core/Src/stm32f4xx_hal_msp.o
 .debug_macro   0x0001e9f8      0x1c4 ./Core/Src/stm32f4xx_hal_timebase_tim.o
 .debug_macro   0x0001ebbc      0x1dd ./Core/Src/stm32f4xx_it.o
 .debug_macro   0x0001ed99      0x274 ./Core/Src/syscalls.o
 .debug_macro   0x0001f00d       0x10 ./Core/Src/syscalls.o
 .debug_macro   0x0001f01d       0x10 ./Core/Src/syscalls.o
 .debug_macro   0x0001f02d       0x10 ./Core/Src/syscalls.o
 .debug_macro   0x0001f03d       0x10 ./Core/Src/syscalls.o
 .debug_macro   0x0001f04d       0x1c ./Core/Src/syscalls.o
 .debug_macro   0x0001f069       0x52 ./Core/Src/syscalls.o
 .debug_macro   0x0001f0bb       0x22 ./Core/Src/syscalls.o
 .debug_macro   0x0001f0dd       0x10 ./Core/Src/syscalls.o
 .debug_macro   0x0001f0ed       0x52 ./Core/Src/syscalls.o
 .debug_macro   0x0001f13f       0xcf ./Core/Src/syscalls.o
 .debug_macro   0x0001f20e       0x1c ./Core/Src/syscalls.o
 .debug_macro   0x0001f22a       0x3d ./Core/Src/syscalls.o
 .debug_macro   0x0001f267       0x35 ./Core/Src/syscalls.o
 .debug_macro   0x0001f29c      0x12c ./Core/Src/syscalls.o
 .debug_macro   0x0001f3c8       0x10 ./Core/Src/syscalls.o
 .debug_macro   0x0001f3d8      0x242 ./Core/Src/syscalls.o
 .debug_macro   0x0001f61a       0x1c ./Core/Src/syscalls.o
 .debug_macro   0x0001f636       0x10 ./Core/Src/syscalls.o
 .debug_macro   0x0001f646       0x10 ./Core/Src/syscalls.o
 .debug_macro   0x0001f656       0x16 ./Core/Src/syscalls.o
 .debug_macro   0x0001f66c      0x146 ./Core/Src/syscalls.o
 .debug_macro   0x0001f7b2      0x18a ./Core/Src/syscalls.o
 .debug_macro   0x0001f93c       0x16 ./Core/Src/syscalls.o
 .debug_macro   0x0001f952       0xce ./Core/Src/syscalls.o
 .debug_macro   0x0001fa20       0xff ./Core/Src/sysmem.o
 .debug_macro   0x0001fb1f      0x23c ./Core/Src/sysmem.o
 .debug_macro   0x0001fd5b      0x1c4 ./Core/Src/system_stm32f4xx.o
 .debug_macro   0x0001ff1f      0x224 ./Drivers/STM32F4xx_HAL_Driver/Src/stm32f4xx_hal.o
 .debug_macro   0x00020143      0x1c4 ./Drivers/STM32F4xx_HAL_Driver/Src/stm32f4xx_hal_cortex.o
 .debug_macro   0x00020307      0x1ca ./Drivers/STM32F4xx_HAL_Driver/Src/stm32f4xx_hal_gpio.o
 .debug_macro   0x000204d1      0x1e8 ./Drivers/STM32F4xx_HAL_Driver/Src/stm32f4xx_hal_rcc.o
 .debug_macro   0x000206b9      0x1c5 ./Drivers/STM32F4xx_HAL_Driver/Src/stm32f4xx_hal_tim.o
 .debug_macro   0x0002087e      0x1c4 ./Drivers/STM32F4xx_HAL_Driver/Src/stm32f4xx_hal_tim_ex.o

.debug_line     0x00000000    0x10a87
 .debug_line    0x00000000      0x7fa ./Core/FreeRTOS-Kernel/list.o
 .debug_line    0x000007fa     0x163c ./Core/FreeRTOS-Kernel/queue.o
 .debug_line    0x00001e36     0x2107 ./Core/FreeRTOS-Kernel/tasks.o
 .debug_line    0x00003f3d      0x931 ./Core/FreeRTOS-Kernel/portable/GCC/ARM_CM4F/port.o
 .debug_line    0x0000486e      0x7ce ./Core/FreeRTOS-Kernel/portable/MemMang/heap_1.o
 .debug_line    0x0000503c      0xb1f ./Core/Src/main.o
 .debug_line    0x00005b5b      0x72e ./Core/Src/stm32f4xx_hal_msp.o
 .debug_line    0x00006289      0x79c ./Core/Src/stm32f4xx_hal_timebase_tim.o
 .debug_line    0x00006a25      0x7cb ./Core/Src/stm32f4xx_it.o
 .debug_line    0x000071f0      0x8a8 ./Core/Src/syscalls.o
 .debug_line    0x00007a98      0x579 ./Core/Src/sysmem.o
 .debug_line    0x00008011      0x7b3 ./Core/Src/system_stm32f4xx.o
 .debug_line    0x000087c4       0x7a ./Core/Startup/startup_stm32f407vgtx.o
 .debug_line    0x0000883e      0xa1c ./Drivers/STM32F4xx_HAL_Driver/Src/stm32f4xx_hal.o
 .debug_line    0x0000925a      0xd0e ./Drivers/STM32F4xx_HAL_Driver/Src/stm32f4xx_hal_cortex.o
 .debug_line    0x00009f68      0xba8 ./Drivers/STM32F4xx_HAL_Driver/Src/stm32f4xx_hal_gpio.o
 .debug_line    0x0000ab10      0xda5 ./Drivers/STM32F4xx_HAL_Driver/Src/stm32f4xx_hal_rcc.o
 .debug_line    0x0000b8b5     0x37c0 ./Drivers/STM32F4xx_HAL_Driver/Src/stm32f4xx_hal_tim.o
 .debug_line    0x0000f075     0x1a12 ./Drivers/STM32F4xx_HAL_Driver/Src/stm32f4xx_hal_tim_ex.o

.debug_str      0x00000000    0xd9797
 .debug_str     0x00000000    0x10822 ./Core/FreeRTOS-Kernel/list.o
                              0x10a47 (size before relaxing)
 .debug_str     0x00010822     0x28c7 ./Core/FreeRTOS-Kernel/queue.o
                              0x13329 (size before relaxing)
 .debug_str     0x000130e9     0x2006 ./Core/FreeRTOS-Kernel/tasks.o
                              0x14234 (size before relaxing)
 .debug_str     0x000150ef      0x8d0 ./Core/FreeRTOS-Kernel/portable/GCC/ARM_CM4F/port.o
                               0xf578 (size before relaxing)
 .debug_str     0x000159bf       0xf2 ./Core/FreeRTOS-Kernel/portable/MemMang/heap_1.o
                              0x11eb7 (size before relaxing)
 .debug_str     0x00015ab1    0xbeffa ./Core/Src/main.o
                              0xceda6 (size before relaxing)
 .debug_str     0x000d4aab       0x2c ./Core/Src/stm32f4xx_hal_msp.o
                              0xc20c9 (size before relaxing)
 .debug_str     0x000d4ad7      0x5fa ./Core/Src/stm32f4xx_hal_timebase_tim.o
                              0xc2c2a (size before relaxing)
 .debug_str     0x000d50d1       0xbe ./Core/Src/stm32f4xx_it.o
                              0xc257f (size before relaxing)