Archive member included to satisfy reference by file (symbol)

C:/ST/STM32CubeIDE_1.17.0/STM32CubeIDE/plugins/com.st.stm32cube.ide.mcu.externaltools.gnu-tools-for-stm32.12.3.rel1.win32_1.1.0.202410251130/tools/bin/../lib/gcc/arm-none-eabi/12.3.1/../../../../arm-none-eabi/lib/thumb/v7e-m+fp/hard\libc_nano.a(libc_a-exit.o)
                              C:/ST/STM32CubeIDE_1.17.0/STM32CubeIDE/plugins/com.st.stm32cube.ide.mcu.externaltools.gnu-tools-for-stm32.12.3.rel1.win32_1.1.0.202410251130/tools/bin/../lib/gcc/arm-none-eabi/12.3.1/../../../../arm-none-eabi/lib/thumb/v7e-m+fp/hard/crt0.o (exit)
C:/ST/STM32CubeIDE_1.17.0/STM32CubeIDE/plugins/com.st.stm32cube.ide.mcu.externaltools.gnu-tools-for-stm32.12.3.rel1.win32_1.1.0.202410251130/tools/bin/../lib/gcc/arm-none-eabi/12.3.1/../../../../arm-none-eabi/lib/thumb/v7e-m+fp/hard\libc_nano.a(libc_a-rand.o)
                              ./Core/Src/main.o (srand)
C:/ST/STM32CubeIDE_1.17.0/STM32CubeIDE/plugins/com.st.stm32cube.ide.mcu.externaltools.gnu-tools-for-stm32.12.3.rel1.win32_1.1.0.202410251130/tools/bin/../lib/gcc/arm-none-eabi/12.3.1/../../../../arm-none-eabi/lib/thumb/v7e-m+fp/hard\libc_nano.a(libc_a-findfp.o)
                              C:/ST/STM32CubeIDE_1.17.0/STM32CubeIDE/plugins/com.st.stm32cube.ide.mcu.externaltools.gnu-tools-for-stm32.12.3.rel1.win32_1.1.0.202410251130/tools/bin/../lib/gcc/arm-none-eabi/12.3.1/../../../../arm-none-eabi/lib/thumb/v7e-m+fp/hard\libc_nano.a(libc_a-exit.o) (__stdio_exit_handler)
C:/ST/STM32CubeIDE_1.17.0/STM32CubeIDE/plugins/com.st.stm32cube.ide.mcu.externaltools.gnu-tools-for-stm32.12.3.rel1.win32_1.1.0.202410251130/tools/bin/../lib/gcc/arm-none-eabi/12.3.1/../../../../arm-none-eabi/lib/thumb/v7e-m+fp/hard\libc_nano.a(libc_a-fwalk.o)
                              C:/ST/STM32CubeIDE_1.17.0/STM32CubeIDE/plugins/com.st.stm32cube.ide.mcu.externaltools.gnu-tools-for-stm32.12.3.rel1.win32_1.1.0.202410251130/tools/bin/../lib/gcc/arm-none-eabi/12.3.1/../../../../arm-none-eabi/lib/thumb/v7e-m+fp/hard\libc_nano.a(libc_a-findfp.o) (_fwalk_sglue)
C:/ST/STM32CubeIDE_1.17.0/STM32CubeIDE/plugins/com.st.stm32cube.ide.mcu.externaltools.gnu-tools-for-stm32.12.3.rel1.win32_1.1.0.202410251130/tools/bin/../lib/gcc/arm-none-eabi/12.3.1/../../../../arm-none-eabi/lib/thumb/v7e-m+fp/hard\libc_nano.a(libc_a-stdio.o)
                              C:/ST/STM32CubeIDE_1.17.0/STM32CubeIDE/plugins/com.st.stm32cube.ide.mcu.externaltools.gnu-tools-for-stm32.12.3.rel1.win32_1.1.0.202410251130/tools/bin/../lib/gcc/arm-none-eabi/12.3.1/../../../../arm-none-eabi/lib/thumb/v7e-m+fp/hard\libc_nano.a(libc_a-findfp.o) (__sread)
C:/ST/STM32CubeIDE_1.17.0/STM32CubeIDE/plugins/com.st.stm32cube.ide.mcu.externaltools.gnu-tools-for-stm32.12.3.rel1.win32_1.1.0.202410251130/tools/bin/../lib/gcc/arm-none-eabi/12.3.1/../../../../arm-none-eabi/lib/thumb/v7e-m+fp/hard\libc_nano.a(libc_a-memset.o)
                              C:/ST/STM32CubeIDE_1.17.0/STM32CubeIDE/plugins/com.st.stm32cube.ide.mcu.externaltools.gnu-tools-for-stm32.12.3.rel1.win32_1.1.0.202410251130/tools/bin/../lib/gcc/arm-none-eabi/12.3.1/../../../../arm-none-eabi/lib/thumb/v7e-m+fp/hard/crt0.o (memset)
C:/ST/STM32CubeIDE_1.17.0/STM32CubeIDE/plugins/com.st.stm32cube.ide.mcu.externaltools.gnu-tools-for-stm32.12.3.rel1.win32_1.1.0.202410251130/tools/bin/../lib/gcc/arm-none-eabi/12.3.1/../../../../arm-none-eabi/lib/thumb/v7e-m+fp/hard\libc_nano.a(libc_a-time.o)
                              ./Core/Src/main.o (time)
C:/ST/STM32CubeIDE_1.17.0/STM32CubeIDE/plugins/com.st.stm32cube.ide.mcu.externaltools.gnu-tools-for-stm32.12.3.rel1.win32_1.1.0.202410251130/tools/bin/../lib/gcc/arm-none-eabi/12.3.1/../../../../arm-none-eabi/lib/thumb/v7e-m+fp/hard\libc_nano.a(libc_a-closer.o)
                              C:/ST/STM32CubeIDE_1.17.0/STM32CubeIDE/plugins/com.st.stm32cube.ide.mcu.externaltools.gnu-tools-for-stm32.12.3.rel1.win32_1.1.0.202410251130/tools/bin/../lib/gcc/arm-none-eabi/12.3.1/../../../../arm-none-eabi/lib/thumb/v7e-m+fp/hard\libc_nano.a(libc_a-stdio.o) (_close_r)
C:/ST/STM32CubeIDE_1.17.0/STM32CubeIDE/plugins/com.st.stm32cube.ide.mcu.externaltools.gnu-tools-for-stm32.12.3.rel1.win32_1.1.0.202410251130/tools/bin/../lib/gcc/arm-none-eabi/12.3.1/../../../../arm-none-eabi/lib/thumb/v7e-m+fp/hard\libc_nano.a(libc_a-reent.o)
                              C:/ST/STM32CubeIDE_1.17.0/STM32CubeIDE/plugins/com.st.stm32cube.ide.mcu.externaltools.gnu-tools-for-stm32.12.3.rel1.win32_1.1.0.202410251130/tools/bin/../lib/gcc/arm-none-eabi/12.3.1/../../../../arm-none-eabi/lib/thumb/v7e-m+fp/hard\libc_nano.a(libc_a-closer.o) (errno)
C:/ST/STM32CubeIDE_1.17.0/STM32CubeIDE/plugins/com.st.stm32cube.ide.mcu.externaltools.gnu-tools-for-stm32.12.3.rel1.win32_1.1.0.202410251130/tools/bin/../lib/gcc/arm-none-eabi/12.3.1/../../../../arm-none-eabi/lib/thumb/v7e-m+fp/hard\libc_nano.a(libc_a-impure.o)
[...]
Memory Configuration

Name             Origin             Length             Attributes
CCMRAM           0x10000000         0x00010000         xrw
RAM              0x20000000         0x00020000         xrw
FLASH            0x08000000         0x00100000         xr
*default*        0x00000000         0xffffffff

Linker script and memory map

LOAD C:/ST/STM32CubeIDE_1.17.0/STM32CubeIDE/plugins/com.st.stm32cube.ide.mcu.externaltools.gnu-tools-for-stm32.12.3.rel1.win32_1.1.0.202410251130/tools/bin/../lib/gcc/arm-none-eabi/12.3.1/thumb/v7e-m+fp/hard/crti.o
LOAD C:/ST/STM32CubeIDE_1.17.0/STM32CubeIDE/plugins/com.st.stm32cube.ide.mcu.externaltools.gnu-tools-for-stm32.12.3.rel1.win32_1.1.0.202410251130/tools/bin/../lib/gcc/arm-none-eabi/12.3.1/thumb/v7e-m+fp/hard/crtbegin.o
LOAD C:/ST/STM32CubeIDE_1.17.0/STM32CubeIDE/plugins/com.st.stm32cube.ide.mcu.externaltools.gnu-tools-for-stm32.12.3.rel1.win32_1.1.0.202410251130/tools/bin/../lib/gcc/arm-none-eabi/12.3.1/../../../../arm-none-eabi/lib/thumb/v7e-m+fp/hard/crt0.o
LOAD ./Core/FreeRTOS-Kernel/croutine.o
LOAD ./Core/FreeRTOS-Kernel/event_groups.o
LOAD ./Core/FreeRTOS-Kernel/list.o
LOAD ./Core/FreeRTOS-Kernel/queue.o
LOAD ./Core/FreeRTOS-Kernel/stream_buffer.o
LOAD ./Core/FreeRTOS-Kernel/tasks.o
LOAD ./Core/FreeRTOS-Kernel/timers.o
LOAD ./Core/FreeRTOS-Kernel/portable/GCC/ARM_CM4F/port.o
LOAD ./Core/FreeRTOS-Kernel/portable/MemMang/heap_1.o
LOAD ./Core/Src/main.o
LOAD ./Core/Src/stm32f4xx_hal_msp.o
LOAD ./Core/Src/stm32f4xx_hal_timebase_tim.o
LOAD ./Core/Src/stm32f4xx_it.o
LOAD ./Core/Src/syscalls.o
LOAD ./Core/Src/sysmem.o
LOAD ./Core/Src/system_stm32f4xx.o
LOAD ./Core/Startup/startup_stm32f407vgtx.o
LOAD ./Drivers/STM32F4xx_HAL_Driver/Src/stm32f4xx_hal.o
LOAD ./Drivers/STM32F4xx_HAL_Driver/Src/stm32f4xx_hal_cortex.o
LOAD ./Drivers/STM32F4xx_HAL_Driver/Src/stm32f4xx_hal_dma.o
LOAD ./Drivers/STM32F4xx_HAL_Driver/Src/stm32f4xx_hal_dma_ex.o
LOAD ./Drivers/STM32F4xx_HAL_Driver/Src/stm32f4xx_hal_exti.o
LOAD ./Drivers/STM32F4xx_HAL_Driver/Src/stm32f4xx_hal_flash.o
LOAD ./Drivers/STM32F4xx_HAL_Driver/Src/stm32f4xx_hal_flash_ex.o
LOAD ./Drivers/STM32F4xx_HAL_Driver/Src/stm32f4xx_hal_flash_ramfunc.o
LOAD ./Drivers/STM32F4xx_HAL_Driver/Src/stm32f4xx_hal_gpio.o
LOAD ./Drivers/STM32F4xx_HAL_Driver/Src/stm32f4xx_hal_pwr.o
LOAD ./Drivers/STM32F4xx_HAL_Driver/Src/stm32f4xx_hal_pwr_ex.o
LOAD ./Drivers/STM32F4xx_HAL_Driver/Src/stm32f4xx_hal_rcc.o
LOAD ./Drivers/STM32F4xx_HAL_Driver/Src/stm32f4xx_hal_rcc_ex.o
LOAD ./Drivers/STM32F4xx_HAL_Driver/Src/stm32f4xx_hal_tim.o
LOAD ./Drivers/STM32F4xx_HAL_Driver/Src/stm32f4xx_hal_tim_ex.o
START GROUP
LOAD C:/ST/STM32CubeIDE_1.17.0/STM32CubeIDE/plugins/com.st.stm32cube.ide.mcu.externaltools.gnu-tools-for-stm32.12.3.rel1.win32_1.1.0.202410251130/tools/bin/../lib/gcc/arm-none-eabi/12.3.1/../../../../arm-none-eabi/lib/thumb/v7e-m+fp/hard\libc_nano.a
LOAD C:/ST/STM32CubeIDE_1.17.0/STM32CubeIDE/plugins/com.st.stm32cube.ide.mcu.externaltools.gnu-tools-for-stm32.12.3.rel1.win32_1.1.0.202410251130/tools/bin/../lib/gcc/arm-none-eabi/12.3.1/../../../../arm-none-eabi/lib/thumb/v7e-m+fp/hard\libm.a
END GROUP
START GROUP
LOAD C:/ST/STM32CubeIDE_1.17.0/STM32CubeIDE/plugins/com.st.stm32cube.ide.mcu.externaltools.gnu-tools-for-stm32.12.3.rel1.win32_1.1.0.202410251130/tools/bin/../lib/gcc/arm-none-eabi/12.3.1/thumb/v7e-m+fp/hard\libgcc.a
LOAD C:/ST/STM32CubeIDE_1.17.0/STM32CubeIDE/plugins/com.st.stm32cube.ide.mcu.externaltools.gnu-tools-for-stm32.12.3.rel1.win32_1.1.0.202410251130/tools/bin/../lib/gcc/arm-none-eabi/12.3.1/../../../../arm-none-eabi/lib/thumb/v7e-m+fp/hard\libc_nano.a
END GROUP
START GROUP
LOAD C:/ST/STM32CubeIDE_1.17.0/STM32CubeIDE/plugins/com.st.stm32cube.ide.mcu.externaltools.gnu-tools-for-stm32.12.3.rel1.win32_1.1.0.202410251130/tools/bin/../lib/gcc/arm-none-eabi/12.3.1/thumb/v7e-m+fp/hard\libgcc.a
LOAD C:/ST/STM32CubeIDE_1.17.0/STM32CubeIDE/plugins/com.st.stm32cube.ide.mcu.externaltools.gnu-tools-for-stm32.12.3.rel1.win32_1.1.0.202410251130/tools/bin/../lib/gcc/arm-none-eabi/12.3.1/../../../../arm-none-eabi/lib/thumb/v7e-m+fp/hard\libc_nano.a
LOAD C:/ST/STM32CubeIDE_1.17.0/STM32CubeIDE/plugins/com.st.stm32cube.ide.mcu.externaltools.gnu-tools-for-stm32.12.3.rel1.win32_1.1.0.202410251130/tools/bin/../lib/gcc/arm-none-eabi/12.3.1/../../../../arm-none-eabi/lib/thumb/v7e-m+fp/hard\libnosys.a
END GROUP
START GROUP
LOAD C:/ST/STM32CubeIDE_1.17.0/STM32CubeIDE/plugins/com.st.stm32cube.ide.mcu.externaltools.gnu-tools-for-stm32.12.3.rel1.win32_1.1.0.202410251130/tools/bin/../lib/gcc/arm-none-eabi/12.3.1/thumb/v7e-m+fp/hard\libgcc.a
LOAD C:/ST/STM32CubeIDE_1.17.0/STM32CubeIDE/plugins/com.st.stm32cube.ide.mcu.externaltools.gnu-tools-for-stm32.12.3.rel1.win32_1.1.0.202410251130/tools/bin/../lib/gcc/arm-none-eabi/12.3.1/../../../../arm-none-eabi/lib/thumb/v7e-m+fp/hard\libc_nano.a
LOAD C:/ST/STM32CubeIDE_1.17.0/STM32CubeIDE/plugins/com.st.stm32cube.ide.mcu.externaltools.gnu-tools-for-stm32.12.3.rel1.win32_1.1.0.202410251130/tools/bin/../lib/gcc/arm-none-eabi/12.3.1/../../../../arm-none-eabi/lib/thumb/v7e-m+fp/hard\libnosys.a
END GROUP
LOAD C:/ST/STM32CubeIDE_1.17.0/STM32CubeIDE/plugins/com.st.stm32cube.ide.mcu.externaltools.gnu-tools-for-stm32.12.3.rel1.win32_1.1.0.202410251130/tools/bin/../lib/gcc/arm-none-eabi/12.3.1/thumb/v7e-m+fp/hard/crtend.o
LOAD C:/ST/STM32CubeIDE_1.17.0/STM32CubeIDE/plugins/com.st.stm32cube.ide.mcu.externaltools.gnu-tools-for-stm32.12.3.rel1.win32_1.1.0.202410251130/tools/bin/../lib/gcc/arm-none-eabi/12.3.1/thumb/v7e-m+fp/hard/crtn.o
                0x20020000                        _estack = (ORIGIN (RAM) + LENGTH (RAM))
                0x00000200                        _Min_Heap_Size = 0x200
                0x00000400                        _Min_Stack_Size = 0x400

.isr_vector     0x08000000      0x188
                0x08000000                        . = ALIGN (0x4)
 *(.isr_vector)
 .isr_vector    0x08000000      0x188 ./Core/Startup/startup_stm32f407vgtx.o
                0x08000000                g_pfnVectors
                0x08000188                        . = ALIGN (0x4)

.text           0x08000190     0x5284
                0x08000190                        . = ALIGN (0x4)
 *(.text)
 .text          0x08000190       0x40 C:/ST/STM32CubeIDE_1.17.0/STM32CubeIDE/plugins/com.st.stm32cube.ide.mcu.externaltools.gnu-tools-for-stm32.12.3.rel1.win32_1.1.0.202410251130/tools/bin/../lib/gcc/arm-none-eabi/12.3.1/thumb/v7e-m+fp/hard/crtbegin.o
 .text          0x080001d0       0xa0 C:/ST/STM32CubeIDE_1.17.0/STM32CubeIDE/plugins/com.st.stm32cube.ide.mcu.externaltools.gnu-tools-for-stm32.12.3.rel1.win32_1.1.0.202410251130/tools/bin/../lib/gcc/arm-none-eabi/12.3.1/../../../../arm-none-eabi/lib/thumb/v7e-m+fp/hard\libc_nano.a(libc_a-memchr.o)
                0x080001d0                memchr
 .text          0x08000270       0x30 C:/ST/STM32CubeIDE_1.17.0/STM32CubeIDE/plugins/com.st.stm32cube.ide.mcu.externaltools.gnu-tools-for-stm32.12.3.rel1.win32_1.1.0.202410251130/tools/bin/../lib/gcc/arm-none-eabi/12.3.1/thumb/v7e-m+fp/hard\libgcc.a(_aeabi_uldivmod.o)
                0x08000270                __aeabi_uldivmod
 .text          0x080002a0      0x2bc C:/ST/STM32CubeIDE_1.17.0/STM32CubeIDE/plugins/com.st.stm32cube.ide.mcu.externaltools.gnu-tools-for-stm32.12.3.rel1.win32_1.1.0.202410251130/tools/bin/../lib/gcc/arm-none-eabi/12.3.1/thumb/v7e-m+fp/hard\libgcc.a(_udivmoddi4.o)
                0x080002a0                __udivmoddi4
 .text          0x0800055c        0x4 C:/ST/STM32CubeIDE_1.17.0/STM32CubeIDE/plugins/com.st.stm32cube.ide.mcu.externaltools.gnu-tools-for-stm32.12.3.rel1.win32_1.1.0.202410251130/tools/bin/../lib/gcc/arm-none-eabi/12.3.1/thumb/v7e-m+fp/hard\libgcc.a(_dvmd_tls.o)
                0x0800055c                __aeabi_idiv0
                0x0800055c                __aeabi_ldiv0
 *(.text*)
 .text.vListInitialise
                0x08000560       0x40 ./Core/FreeRTOS-Kernel/list.o
                0x08000560                vListInitialise
 .text.vListInitialiseItem
                0x080005a0       0x1a ./Core/FreeRTOS-Kernel/list.o
                0x080005a0                vListInitialiseItem
 .text.vListInsert
                0x080005ba       0x72 ./Core/FreeRTOS-Kernel/list.o
                0x080005ba                vListInsert
 .text.uxListRemove
                0x0800062c       0x54 ./Core/FreeRTOS-Kernel/list.o
                0x0800062c                uxListRemove
 .text.xQueueGenericReset
                0x08000680      0x124 ./Core/FreeRTOS-Kernel/queue.o
                0x08000680                xQueueGenericReset
 .text.xQueueGenericCreate
                0x080007a4       0x9e ./Core/FreeRTOS-Kernel/queue.o
                0x080007a4                xQueueGenericCreate
 .text.prvInitialiseNewQueue
                0x08000842       0x46 ./Core/FreeRTOS-Kernel/queue.o
 .text.xQueueGenericSend
                0x08000888      0x1d4 ./Core/FreeRTOS-Kernel/queue.o
                0x08000888                xQueueGenericSend
 .text.xQueueReceive
                0x08000a5c      0x194 ./Core/FreeRTOS-Kernel/queue.o
                0x08000a5c                xQueueReceive
 .text.prvCopyDataToQueue
                0x08000bf0       0xd4 ./Core/FreeRTOS-Kernel/queue.o
 .text.prvCopyDataFromQueue
                0x08000cc4       0x4c ./Core/FreeRTOS-Kernel/queue.o
 .text.prvUnlockQueue
                0x08000d10       0xa4 ./Core/FreeRTOS-Kernel/queue.o
 .text.prvIsQueueEmpty
                0x08000db4       0x2c ./Core/FreeRTOS-Kernel/queue.o
 .text.prvIsQueueFull
                0x08000de0       0x30 ./Core/FreeRTOS-Kernel/queue.o
 .text.prvCreateTask
                0x08000e10       0x78 ./Core/FreeRTOS-Kernel/tasks.o
 .text.xTaskCreate
                0x08000e88       0x46 ./Core/FreeRTOS-Kernel/tasks.o
                0x08000e88                xTaskCreate
 .text.prvInitialiseNewTask
                0x08000ece      0x120 ./Core/FreeRTOS-Kernel/tasks.o
 *fill*         0x08000fee        0x2 
 .text.prvAddNewTaskToReadyList
                0x08000ff0      0x130 ./Core/FreeRTOS-Kernel/tasks.o
 .text.vTaskDelay
                0x08001120       0x6c ./Core/FreeRTOS-Kernel/tasks.o
                0x08001120                vTaskDelay
 .text.prvCreateIdleTasks
                0x0800118c       0x94 ./Core/FreeRTOS-Kernel/tasks.o
 .text.vTaskStartScheduler
                0x08001220       0x7c ./Core/FreeRTOS-Kernel/tasks.o
                0x08001220                vTaskStartScheduler
 .text.vTaskSuspendAll
                0x0800129c       0x1c ./Core/FreeRTOS-Kernel/tasks.o
                0x0800129c                vTaskSuspendAll
 .text.xTaskResumeAll
                0x080012b8      0x210 ./Core/FreeRTOS-Kernel/tasks.o
                0x080012b8                xTaskResumeAll
 .text.xTaskIncrementTick
                0x080014c8      0x234 ./Core/FreeRTOS-Kernel/tasks.o
                0x080014c8                xTaskIncrementTick
 .text.vTaskSwitchContext
                0x080016fc       0xbc ./Core/FreeRTOS-Kernel/tasks.o
                0x080016fc                vTaskSwitchContext
 .text.vTaskPlaceOnEventList
                0x080017b8       0x4c ./Core/FreeRTOS-Kernel/tasks.o
                0x080017b8                vTaskPlaceOnEventList
 .text.xTaskRemoveFromEventList
                0x08001804      0x1b4 ./Core/FreeRTOS-Kernel/tasks.o
                0x08001804                xTaskRemoveFromEventList
 .text.vTaskInternalSetTimeOutState
                0x080019b8       0x2c ./Core/FreeRTOS-Kernel/tasks.o
                0x080019b8                vTaskInternalSetTimeOutState
 .text.xTaskCheckForTimeOut
                0x080019e4       0xd0 ./Core/FreeRTOS-Kernel/tasks.o
                0x080019e4                xTaskCheckForTimeOut
 .text.vTaskMissedYield
                0x08001ab4       0x18 ./Core/FreeRTOS-Kernel/tasks.o
                0x08001ab4                vTaskMissedYield
 .text.prvIdleTask
                0x08001acc       0x30 ./Core/FreeRTOS-Kernel/tasks.o
 .text.prvInitialiseTaskLists
                0x08001afc       0x80 ./Core/FreeRTOS-Kernel/tasks.o
 .text.prvCheckTasksWaitingTermination
                0x08001b7c       0x5c ./Core/FreeRTOS-Kernel/tasks.o
 .text.prvDeleteTCB
                0x08001bd8       0x20 ./Core/FreeRTOS-Kernel/tasks.o
 .text.prvResetNextTaskUnblockTime
                0x08001bf8       0x38 ./Core/FreeRTOS-Kernel/tasks.o
 .text.xTaskPriorityDisinherit
                0x08001c30      0x150 ./Core/FreeRTOS-Kernel/tasks.o
                0x08001c30                xTaskPriorityDisinherit
 .text.prvAddCurrentTaskToDelayedList
                0x08001d80      0x104 ./Core/FreeRTOS-Kernel/tasks.o
 .text.pxPortInitialiseStack
                0x08001e84       0x68 ./Core/FreeRTOS-Kernel/portable/GCC/ARM_CM4F/port.o
                0x08001e84                pxPortInitialiseStack
 .text.prvTaskExitError
                0x08001eec       0x5c ./Core/FreeRTOS-Kernel/portable/GCC/ARM_CM4F/port.o
 *fill*         0x08001f48        0x8 
 .text.SVC_Handler
                0x08001f50       0x28 ./Core/FreeRTOS-Kernel/portable/GCC/ARM_CM4F/port.o
                0x08001f50                SVC_Handler
 .text.prvPortStartFirstTask
                0x08001f78       0x2c ./Core/FreeRTOS-Kernel/portable/GCC/ARM_CM4F/port.o
 .text.xPortStartScheduler
                0x08001fa4      0x1e0 ./Core/FreeRTOS-Kernel/portable/GCC/ARM_CM4F/port.o
                0x08001fa4                xPortStartScheduler
 .text.vPortEnterCritical
                0x08002184       0x64 ./Core/FreeRTOS-Kernel/portable/GCC/ARM_CM4F/port.o
                0x08002184                vPortEnterCritical
 .text.vPortExitCritical
                0x080021e8       0x54 ./Core/FreeRTOS-Kernel/portable/GCC/ARM_CM4F/port.o
                0x080021e8                vPortExitCritical
 *fill*         0x0800223c        0x4 
 .text.PendSV_Handler
                0x08002240       0x68 ./Core/FreeRTOS-Kernel/portable/GCC/ARM_CM4F/port.o
                0x08002240                PendSV_Handler
 .text.SysTick_Handler
                0x080022a8       0x44 ./Core/FreeRTOS-Kernel/portable/GCC/ARM_CM4F/port.o
                0x080022a8                SysTick_Handler
 .text.vPortSetupTimerInterrupt
                0x080022ec       0x38 ./Core/FreeRTOS-Kernel/portable/GCC/ARM_CM4F/port.o
                0x080022ec                vPortSetupTimerInterrupt
 .text.vPortEnableVFP
                0x08002324       0x18 ./Core/FreeRTOS-Kernel/portable/GCC/ARM_CM4F/port.o
 .text.pvPortMalloc
                0x0800233c       0xa8 ./Core/FreeRTOS-Kernel/portable/MemMang/heap_1.o
                0x0800233c                pvPortMalloc
 .text.vPortFree
                0x080023e4       0x32 ./Core/FreeRTOS-Kernel/portable/MemMang/heap_1.o
                0x080023e4                vPortFree
 *fill*         0x08002416        0x2 
 .text.main     0x08002418       0x94 ./Core/Src/main.o
                0x08002418                main
 .text.SystemClock_Config
                0x080024ac       0xbc ./Core/Src/main.o
                0x080024ac                SystemClock_Config
 .text.MX_GPIO_Init
                0x08002568       0xa4 ./Core/Src/main.o
 .text.idleTask
                0x0800260c       0xdc ./Core/Src/main.o
 .text.gameTask
                0x080026e8      0x478 ./Core/Src/main.o
 .text.HAL_TIM_PeriodElapsedCallback
                0x08002b60       0x24 ./Core/Src/main.o
                0x08002b60                HAL_TIM_PeriodElapsedCallback
 .text.Error_Handler
                0x08002b84        0xc ./Core/Src/main.o
                0x08002b84                Error_Handler
 .text.HAL_MspInit
                0x08002b90       0x50 ./Core/Src/stm32f4xx_hal_msp.o
                0x08002b90                HAL_MspInit
 .text.HAL_InitTick
                0x08002be0       0xe4 ./Core/Src/stm32f4xx_hal_timebase_tim.o
                0x08002be0                HAL_InitTick
 .text.NMI_Handler
                0x08002cc4        0x8 ./Core/Src/stm32f4xx_it.o
                0x08002cc4                NMI_Handler
 .text.HardFault_Handler
                0x08002ccc        0x8 ./Core/Src/stm32f4xx_it.o
                0x08002ccc                HardFault_Handler
 .text.MemManage_Handler
                0x08002cd4        0x8 ./Core/Src/stm32f4xx_it.o
                0x08002cd4                MemManage_Handler
 .text.BusFault_Handler
                0x08002cdc        0x8 ./Core/Src/stm32f4xx_it.o
                0x08002cdc                BusFault_Handler
 .text.UsageFault_Handler
                0x08002ce4        0x8 ./Core/Src/stm32f4xx_it.o
                0x08002ce4                UsageFault_Handler
 .text.DebugMon_Handler
                0x08002cec        0xe ./Core/Src/stm32f4xx_it.o
                0x08002cec                DebugMon_Handler
 *fill*         0x08002cfa        0x2 
 .text.TIM1_UP_TIM10_IRQHandler
                0x08002cfc       0x14 ./Core/Src/stm32f4xx_it.o
                0x08002cfc                TIM1_UP_TIM10_IRQHandler
 .text._getpid  0x08002d10       0x10 ./Core/Src/syscalls.o
                0x08002d10                _getpid
 .text._kill    0x08002d20       0x20 ./Core/Src/syscalls.o
                0x08002d20                _kill
 .text._exit    0x08002d40       0x16 ./Core/Src/syscalls.o
                0x08002d40                _exit
 .text._read    0x08002d56       0x3a ./Core/Src/syscalls.o
                0x08002d56                _read
 .text._write   0x08002d90       0x38 ./Core/Src/syscalls.o
                0x08002d90                _write
 .text._close   0x08002dc8       0x18 ./Core/Src/syscalls.o
                0x08002dc8                _close
 .text._fstat   0x08002de0       0x20 ./Core/Src/syscalls.o
                0x08002de0                _fstat
 .text._isatty  0x08002e00       0x16 ./Core/Src/syscalls.o
                0x08002e00                _isatty
 .text._lseek   0x08002e16       0x1a ./Core/Src/syscalls.o
                0x08002e16                _lseek
 .text._sbrk    0x08002e30       0x6c ./Core/Src/sysmem.o
                0x08002e30                _sbrk
 .text.SystemInit
                0x08002e9c       0x24 ./Core/Src/system_stm32f4xx.o
                0x08002e9c                SystemInit
 .text.Reset_Handler
                0x08002ec0       0x50 ./Core/Startup/startup_stm32f407vgtx.o
                0x08002ec0                Reset_Handler
 .text.Default_Handler
                0x08002f10        0x2 ./Core/Startup/startup_stm32f407vgtx.o
                0x08002f10                RTC_Alarm_IRQHandler
                0x08002f10                HASH_RNG_IRQHandler
                0x08002f10                EXTI2_IRQHandler
                0x08002f10                TIM8_CC_IRQHandler
                0x08002f10                TIM1_CC_IRQHandler
                0x08002f10                DMA2_Stream5_IRQHandler
                0x08002f10                DMA1_Stream5_IRQHandler
                0x08002f10                PVD_IRQHandler
                0x08002f10                SDIO_IRQHandler
                0x08002f10                TAMP_STAMP_IRQHandler
                0x08002f10                CAN2_RX1_IRQHandler
                0x08002f10                EXTI3_IRQHandler
                0x08002f10                TIM8_TRG_COM_TIM14_IRQHandler
                0x08002f10                TIM8_UP_TIM13_IRQHandler
                0x08002f10                I2C3_ER_IRQHandler
                0x08002f10                EXTI0_IRQHandler
                0x08002f10                I2C2_EV_IRQHandler
                0x08002f10                DMA1_Stream2_IRQHandler
                0x08002f10                CAN1_RX0_IRQHandler
                0x08002f10                FPU_IRQHandler
                0x08002f10                OTG_HS_WKUP_IRQHandler
                0x08002f10                CAN2_SCE_IRQHandler
                0x08002f10                DMA2_Stream2_IRQHandler
                0x08002f10                SPI1_IRQHandler
                0x08002f10                TIM6_DAC_IRQHandler
                0x08002f10                TIM1_BRK_TIM9_IRQHandler
                0x08002f10                DCMI_IRQHandler
                0x08002f10                CAN2_RX0_IRQHandler
                0x08002f10                DMA2_Stream3_IRQHandler
                0x08002f10                USART6_IRQHandler
                0x08002f10                USART3_IRQHandler
                0x08002f10                CAN1_RX1_IRQHandler
                0x08002f10                UART5_IRQHandler
                0x08002f10                DMA2_Stream0_IRQHandler
                0x08002f10                TIM4_IRQHandler
                0x08002f10                I2C1_EV_IRQHandler
                0x08002f10                DMA1_Stream6_IRQHandler
                0x08002f10                DMA1_Stream1_IRQHandler
                0x08002f10                UART4_IRQHandler
                0x08002f10                TIM3_IRQHandler
                0x08002f10                RCC_IRQHandler
                0x08002f10                TIM8_BRK_TIM12_IRQHandler
                0x08002f10                Default_Handler
                0x08002f10                EXTI15_10_IRQHandler
                0x08002f10                ADC_IRQHandler
                0x08002f10                DMA1_Stream7_IRQHandler
                0x08002f10                TIM7_IRQHandler
                0x08002f10                CAN2_TX_IRQHandler
                0x08002f10                TIM5_IRQHandler
                0x08002f10                DMA2_Stream7_IRQHandler
                0x08002f10                I2C3_EV_IRQHandler
                0x08002f10                EXTI9_5_IRQHandler
                0x08002f10                RTC_WKUP_IRQHandler
                0x08002f10                ETH_WKUP_IRQHandler
                0x08002f10                SPI2_IRQHandler
                0x08002f10                OTG_HS_EP1_IN_IRQHandler
                0x08002f10                DMA1_Stream0_IRQHandler
                0x08002f10                CAN1_TX_IRQHandler
                0x08002f10                EXTI4_IRQHandler
                0x08002f10                FSMC_IRQHandler
                0x08002f10                ETH_IRQHandler
                0x08002f10                OTG_HS_EP1_OUT_IRQHandler
                0x08002f10                WWDG_IRQHandler
                0x08002f10                TIM2_IRQHandler
                0x08002f10                OTG_FS_WKUP_IRQHandler
                0x08002f10                TIM1_TRG_COM_TIM11_IRQHandler
                0x08002f10                OTG_HS_IRQHandler
                0x08002f10                EXTI1_IRQHandler
                0x08002f10                USART2_IRQHandler
                0x08002f10                I2C2_ER_IRQHandler
                0x08002f10                DMA2_Stream1_IRQHandler
                0x08002f10                CAN1_SCE_IRQHandler
                0x08002f10                FLASH_IRQHandler
                0x08002f10                DMA2_Stream4_IRQHandler
                0x08002f10                USART1_IRQHandler
                0x08002f10                OTG_FS_IRQHandler
                0x08002f10                SPI3_IRQHandler
                0x08002f10                DMA1_Stream4_IRQHandler
                0x08002f10                I2C1_ER_IRQHandler
                0x08002f10                DMA2_Stream6_IRQHandler
                0x08002f10                DMA1_Stream3_IRQHandler
 *fill*         0x08002f12        0x2 
 .text.HAL_Init
                0x08002f14       0x44 ./Drivers/STM32F4xx_HAL_Driver/Src/stm32f4xx_hal.o
                0x08002f14                HAL_Init
 .text.HAL_IncTick
                0x08002f58       0x28 ./Drivers/STM32F4xx_HAL_Driver/Src/stm32f4xx_hal.o
                0x08002f58                HAL_IncTick
 .text.HAL_GetTick
                0x08002f80       0x18 ./Drivers/STM32F4xx_HAL_Driver/Src/stm32f4xx_hal.o
                0x08002f80                HAL_GetTick
 .text.__NVIC_SetPriorityGrouping
                0x08002f98       0x48 ./Drivers/STM32F4xx_HAL_Driver/Src/stm32f4xx_hal_cortex.o
 .text.__NVIC_GetPriorityGrouping
                0x08002fe0       0x1c ./Drivers/STM32F4xx_HAL_Driver/Src/stm32f4xx_hal_cortex.o
 .text.__NVIC_EnableIRQ
                0x08002ffc       0x3c ./Drivers/STM32F4xx_HAL_Driver/Src/stm32f4xx_hal_cortex.o
 .text.__NVIC_SetPriority
                0x08003038       0x54 ./Drivers/STM32F4xx_HAL_Driver/Src/stm32f4xx_hal_cortex.o
 .text.NVIC_EncodePriority
                0x0800308c       0x66 ./Drivers/STM32F4xx_HAL_Driver/Src/stm32f4xx_hal_cortex.o
 .text.HAL_NVIC_SetPriorityGrouping
                0x080030f2       0x16 ./Drivers/STM32F4xx_HAL_Driver/Src/stm32f4xx_hal_cortex.o
                0x080030f2                HAL_NVIC_SetPriorityGrouping
 .text.HAL_NVIC_SetPriority
                0x08003108       0x38 ./Drivers/STM32F4xx_HAL_Driver/Src/stm32f4xx_hal_cortex.o
                0x08003108                HAL_NVIC_SetPriority
 .text.HAL_NVIC_EnableIRQ
                0x08003140       0x1c ./Drivers/STM32F4xx_HAL_Driver/Src/stm32f4xx_hal_cortex.o
                0x08003140                HAL_NVIC_EnableIRQ
 .text.HAL_GPIO_Init
                0x0800315c      0x338 ./Drivers/STM32F4xx_HAL_Driver/Src/stm32f4xx_hal_gpio.o
                0x0800315c                HAL_GPIO_Init
 .text.HAL_GPIO_ReadPin
                0x08003494       0x30 ./Drivers/STM32F4xx_HAL_Driver/Src/stm32f4xx_hal_gpio.o
                0x08003494                HAL_GPIO_ReadPin
 .text.HAL_GPIO_WritePin
                0x080034c4       0x32 ./Drivers/STM32F4xx_HAL_Driver/Src/stm32f4xx_hal_gpio.o
                0x080034c4                HAL_GPIO_WritePin
 .text.HAL_GPIO_TogglePin
                0x080034f6       0x34 ./Drivers/STM32F4xx_HAL_Driver/Src/stm32f4xx_hal_gpio.o
                0x080034f6                HAL_GPIO_TogglePin
 *fill*         0x0800352a        0x2 
 .text.HAL_RCC_OscConfig
                0x0800352c      0x4f0 ./Drivers/STM32F4xx_HAL_Driver/Src/stm32f4xx_hal_rcc.o
                0x0800352c                HAL_RCC_OscConfig
 .text.HAL_RCC_ClockConfig
                0x08003a1c      0x1cc ./Drivers/STM32F4xx_HAL_Driver/Src/stm32f4xx_hal_rcc.o
                0x08003a1c                HAL_RCC_ClockConfig
 .text.HAL_RCC_GetSysClockFreq
                0x08003be8      0x18c ./Drivers/STM32F4xx_HAL_Driver/Src/stm32f4xx_hal_rcc.o
                0x08003be8                HAL_RCC_GetSysClockFreq
 .text.HAL_RCC_GetHCLKFreq
                0x08003d74       0x18 ./Drivers/STM32F4xx_HAL_Driver/Src/stm32f4xx_hal_rcc.o
                0x08003d74                HAL_RCC_GetHCLKFreq
 .text.HAL_RCC_GetPCLK2Freq
                0x08003d8c       0x28 ./Drivers/STM32F4xx_HAL_Driver/Src/stm32f4xx_hal_rcc.o
                0x08003d8c                HAL_RCC_GetPCLK2Freq
 .text.HAL_RCC_GetClockConfig
                0x08003db4       0x64 ./Drivers/STM32F4xx_HAL_Driver/Src/stm32f4xx_hal_rcc.o
                0x08003db4                HAL_RCC_GetClockConfig
 .text.HAL_TIM_Base_Init
                0x08003e18       0x9e ./Drivers/STM32F4xx_HAL_Driver/Src/stm32f4xx_hal_tim.o
                0x08003e18                HAL_TIM_Base_Init
 .text.HAL_TIM_Base_MspInit
                0x08003eb6       0x14 ./Drivers/STM32F4xx_HAL_Driver/Src/stm32f4xx_hal_tim.o
                0x08003eb6                HAL_TIM_Base_MspInit
 *fill*         0x08003eca        0x2 
 .text.HAL_TIM_Base_Start_IT
                0x08003ecc       0xe0 ./Drivers/STM32F4xx_HAL_Driver/Src/stm32f4xx_hal_tim.o
                0x08003ecc                HAL_TIM_Base_Start_IT
 .text.HAL_TIM_IRQHandler
                0x08003fac      0x1e0 ./Drivers/STM32F4xx_HAL_Driver/Src/stm32f4xx_hal_tim.o
                0x08003fac                HAL_TIM_IRQHandler
 .text.HAL_TIM_OC_DelayElapsedCallback
                0x0800418c       0x14 ./Drivers/STM32F4xx_HAL_Driver/Src/stm32f4xx_hal_tim.o
                0x0800418c                HAL_TIM_OC_DelayElapsedCallback
 .text.HAL_TIM_IC_CaptureCallback
                0x080041a0       0x14 ./Drivers/STM32F4xx_HAL_Driver/Src/stm32f4xx_hal_tim.o
                0x080041a0                HAL_TIM_IC_CaptureCallback
 .text.HAL_TIM_PWM_PulseFinishedCallback
                0x080041b4       0x14 ./Drivers/STM32F4xx_HAL_Driver/Src/stm32f4xx_hal_tim.o
                0x080041b4                HAL_TIM_PWM_PulseFinishedCallback
 .text.HAL_TIM_TriggerCallback
                0x080041c8       0x14 ./Drivers/STM32F4xx_HAL_Driver/Src/stm32f4xx_hal_tim.o
                0x080041c8                HAL_TIM_TriggerCallback
 .text.TIM_Base_SetConfig
                0x080041dc      0x158 ./Drivers/STM32F4xx_HAL_Driver/Src/stm32f4xx_hal_tim.o
                0x080041dc                TIM_Base_SetConfig
 .text.HAL_TIMEx_CommutCallback
                0x08004334       0x14 ./Drivers/STM32F4xx_HAL_Driver/Src/stm32f4xx_hal_tim_ex.o
                0x08004334                HAL_TIMEx_CommutCallback
 .text.HAL_TIMEx_BreakCallback
                0x08004348       0x14 ./Drivers/STM32F4xx_HAL_Driver/Src/stm32f4xx_hal_tim_ex.o
                0x08004348                HAL_TIMEx_BreakCallback
 .text.srand    0x0800435c       0x5c C:/ST/STM32CubeIDE_1.17.0/STM32CubeIDE/plugins/com.st.stm32cube.ide.mcu.externaltools.gnu-tools-for-stm32.12.3.rel1.win32_1.1.0.202410251130/tools/bin/../lib/gcc/arm-none-eabi/12.3.1/../../../../arm-none-eabi/lib/thumb/v7e-m+fp/hard\libc_nano.a(libc_a-rand.o)
                0x0800435c                srand
 .text.rand     0x080043b8       0x7c C:/ST/STM32CubeIDE_1.17.0/STM32CubeIDE/plugins/com.st.stm32cube.ide.mcu.externaltools.gnu-tools-for-stm32.12.3.rel1.win32_1.1.0.202410251130/tools/bin/../lib/gcc/arm-none-eabi/12.3.1/../../../../arm-none-eabi/lib/thumb/v7e-m+fp/hard\libc_nano.a(libc_a-rand.o)
                0x080043b8                rand
 .text.std      0x08004434       0x6c C:/ST/STM32CubeIDE_1.17.0/STM32CubeIDE/plugins/com.st.stm32cube.ide.mcu.externaltools.gnu-tools-for-stm32.12.3.rel1.win32_1.1.0.202410251130/tools/bin/../lib/gcc/arm-none-eabi/12.3.1/../../../../arm-none-eabi/lib/thumb/v7e-m+fp/hard\libc_nano.a(libc_a-findfp.o)
 .text.stdio_exit_handler
                0x080044a0       0x18 C:/ST/STM32CubeIDE_1.17.0/STM32CubeIDE/plugins/com.st.stm32cube.ide.mcu.externaltools.gnu-tools-for-stm32.12.3.rel1.win32_1.1.0.202410251130/tools/bin/../lib/gcc/arm-none-eabi/12.3.1/../../../../arm-none-eabi/lib/thumb/v7e-m+fp/hard\libc_nano.a(libc_a-findfp.o)
 .text.cleanup_stdio
                0x080044b8       0x40 C:/ST/STM32CubeIDE_1.17.0/STM32CubeIDE/plugins/com.st.stm32cube.ide.mcu.externaltools.gnu-tools-for-stm32.12.3.rel1.win32_1.1.0.202410251130/tools/bin/../lib/gcc/arm-none-eabi/12.3.1/../../../../arm-none-eabi/lib/thumb/v7e-m+fp/hard\libc_nano.a(libc_a-findfp.o)
 .text.global_stdio_init.part.0
                0x080044f8       0x3c C:/ST/STM32CubeIDE_1.17.0/STM32CubeIDE/plugins/com.st.stm32cube.ide.mcu.externaltools.gnu-tools-for-stm32.12.3.rel1.win32_1.1.0.202410251130/tools/bin/../lib/gcc/arm-none-eabi/12.3.1/../../../../arm-none-eabi/lib/thumb/v7e-m+fp/hard\libc_nano.a(libc_a-findfp.o)
 .text.__sfp_lock_acquire
                0x08004534        0xc C:/ST/STM32CubeIDE_1.17.0/STM32CubeIDE/plugins/com.st.stm32cube.ide.mcu.externaltools.gnu-tools-for-stm32.12.3.rel1.win32_1.1.0.202410251130/tools/bin/../lib/gcc/arm-none-eabi/12.3.1/../../../../arm-none-eabi/lib/thumb/v7e-m+fp/hard\libc_nano.a(libc_a-findfp.o)
                0x08004534                __sfp_lock_acquire
 .text.__sfp_lock_release
                0x08004540        0xc C:/ST/STM32CubeIDE_1.17.0/STM32CubeIDE/plugins/com.st.stm32cube.ide.mcu.externaltools.gnu-tools-for-stm32.12.3.rel1.win32_1.1.0.202410251130/tools/bin/../lib/gcc/arm-none-eabi/12.3.1/../../../../arm-none-eabi/lib/thumb/v7e-m+fp/hard\libc_nano.a(libc_a-findfp.o)
                0x08004540                __sfp_lock_release
 .text.__sinit  0x0800454c       0x30 C:/ST/STM32CubeIDE_1.17.0/STM32CubeIDE/plugins/com.st.stm32cube.ide.mcu.externaltools.gnu-tools-for-stm32.12.3.rel1.win32_1.1.0.202410251130/tools/bin/../lib/gcc/arm-none-eabi/12.3.1/../../../../arm-none-eabi/lib/thumb/v7e-m+fp/hard\libc_nano.a(libc_a-findfp.o)
                0x0800454c                __sinit
 .text._fwalk_sglue
                0x0800457c       0x3c C:/ST/STM32CubeIDE_1.17.0/STM32CubeIDE/plugins/com.st.stm32cube.ide.mcu.externaltools.gnu-tools-for-stm32.12.3.rel1.win32_1.1.0.202410251130/tools/bin/../lib/gcc/arm-none-eabi/12.3.1/../../../../arm-none-eabi/lib/thumb/v7e-m+fp/hard\libc_nano.a(libc_a-fwalk.o)
                0x0800457c                _fwalk_sglue
 .text.__sread  0x080045b8       0x22 C:/ST/STM32CubeIDE_1.17.0/STM32CubeIDE/plugins/com.st.stm32cube.ide.mcu.externaltools.gnu-tools-for-stm32.12.3.rel1.win32_1.1.0.202410251130/tools/bin/../lib/gcc/arm-none-eabi/12.3.1/../../../../arm-none-eabi/lib/thumb/v7e-m+fp/hard\libc_nano.a(libc_a-stdio.o)
                0x080045b8                __sread
 .text.__swrite
                0x080045da       0x38 C:/ST/STM32CubeIDE_1.17.0/STM32CubeIDE/plugins/com.st.stm32cube.ide.mcu.externaltools.gnu-tools-for-stm32.12.3.rel1.win32_1.1.0.202410251130/tools/bin/../lib/gcc/arm-none-eabi/12.3.1/../../../../arm-none-eabi/lib/thumb/v7e-m+fp/hard\libc_nano.a(libc_a-stdio.o)
                0x080045da                __swrite
 .text.__sseek  0x08004612       0x24 C:/ST/STM32CubeIDE_1.17.0/STM32CubeIDE/plugins/com.st.stm32cube.ide.mcu.externaltools.gnu-tools-for-stm32.12.3.rel1.win32_1.1.0.202410251130/tools/bin/../lib/gcc/arm-none-eabi/12.3.1/../../../../arm-none-eabi/lib/thumb/v7e-m+fp/hard\libc_nano.a(libc_a-stdio.o)
                0x08004612                __sseek
 .text.__sclose
                0x08004636        0x8 C:/ST/STM32CubeIDE_1.17.0/STM32CubeIDE/plugins/com.st.stm32cube.ide.mcu.externaltools.gnu-tools-for-stm32.12.3.rel1.win32_1.1.0.202410251130/tools/bin/../lib/gcc/arm-none-eabi/12.3.1/../../../../arm-none-eabi/lib/thumb/v7e-m+fp/hard\libc_nano.a(libc_a-stdio.o)
                0x08004636                __sclose
 .text.memset   0x0800463e       0x10 C:/ST/STM32CubeIDE_1.17.0/STM32CubeIDE/plugins/com.st.stm32cube.ide.mcu.externaltools.gnu-tools-for-stm32.12.3.rel1.win32_1.1.0.202410251130/tools/bin/../lib/gcc/arm-none-eabi/12.3.1/../../../../arm-none-eabi/lib/thumb/v7e-m+fp/hard\libc_nano.a(libc_a-memset.o)
                0x0800463e                memset
 *fill*         0x0800464e        0x2 
 .text.time     0x08004650       0x38 C:/ST/STM32CubeIDE_1.17.0/STM32CubeIDE/plugins/com.st.stm32cube.ide.mcu.externaltools.gnu-tools-for-stm32.12.3.rel1.win32_1.1.0.202410251130/tools/bin/../lib/gcc/arm-none-eabi/12.3.1/../../../../arm-none-eabi/lib/thumb/v7e-m+fp/hard\libc_nano.a(libc_a-time.o)
                0x08004650                time
 .text._close_r
                0x08004688       0x20 C:/ST/STM32CubeIDE_1.17.0/STM32CubeIDE/plugins/com.st.stm32cube.ide.mcu.externaltools.gnu-tools-for-stm32.12.3.rel1.win32_1.1.0.202410251130/tools/bin/../lib/gcc/arm-none-eabi/12.3.1/../../../../arm-none-eabi/lib/thumb/v7e-m+fp/hard\libc_nano.a(libc_a-closer.o)
                0x08004688                _close_r
 .text._gettimeofday_r
                0x080046a8       0x24 C:/ST/STM32CubeIDE_1.17.0/STM32CubeIDE/plugins/com.st.stm32cube.ide.mcu.externaltools.gnu-tools-for-stm32.12.3.rel1.win32_1.1.0.202410251130/tools/bin/../lib/gcc/arm-none-eabi/12.3.1/../../../../arm-none-eabi/lib/thumb/v7e-m+fp/hard\libc_nano.a(libc_a-gettimeofdayr.o)
                0x080046a8                _gettimeofday_r
 .text._lseek_r
                0x080046cc       0x24 C:/ST/STM32CubeIDE_1.17.0/STM32CubeIDE/plugins/com.st.stm32cube.ide.mcu.externaltools.gnu-tools-for-stm32.12.3.rel1.win32_1.1.0.202410251130/tools/bin/../lib/gcc/arm-none-eabi/12.3.1/../../../../arm-none-eabi/lib/thumb/v7e-m+fp/hard\libc_nano.a(libc_a-lseekr.o)
                0x080046cc                _lseek_r
 .text._read_r  0x080046f0       0x24 C:/ST/STM32CubeIDE_1.17.0/STM32CubeIDE/plugins/com.st.stm32cube.ide.mcu.externaltools.gnu-tools-for-stm32.12.3.rel1.win32_1.1.0.202410251130/tools/bin/../lib/gcc/arm-none-eabi/12.3.1/../../../../arm-none-eabi/lib/thumb/v7e-m+fp/hard\libc_nano.a(libc_a-readr.o)
                0x080046f0                _read_r
 .text._write_r
                0x08004714       0x24 C:/ST/STM32CubeIDE_1.17.0/STM32CubeIDE/plugins/com.st.stm32cube.ide.mcu.externaltools.gnu-tools-for-stm32.12.3.rel1.win32_1.1.0.202410251130/tools/bin/../lib/gcc/arm-none-eabi/12.3.1/../../../../arm-none-eabi/lib/thumb/v7e-m+fp/hard\libc_nano.a(libc_a-writer.o)
                0x08004714                _write_r
 .text.__errno  0x08004738        0xc C:/ST/STM32CubeIDE_1.17.0/STM32CubeIDE/plugins/com.st.stm32cube.ide.mcu.externaltools.gnu-tools-for-stm32.12.3.rel1.win32_1.1.0.202410251130/tools/bin/../lib/gcc/arm-none-eabi/12.3.1/../../../../arm-none-eabi/lib/thumb/v7e-m+fp/hard\libc_nano.a(libc_a-errno.o)
                0x08004738                __errno
 .text.__libc_init_array
                0x08004744       0x48 C:/ST/STM32CubeIDE_1.17.0/STM32CubeIDE/plugins/com.st.stm32cube.ide.mcu.externaltools.gnu-tools-for-stm32.12.3.rel1.win32_1.1.0.202410251130/tools/bin/../lib/gcc/arm-none-eabi/12.3.1/../../../../arm-none-eabi/lib/thumb/v7e-m+fp/hard\libc_nano.a(libc_a-init.o)
                0x08004744                __libc_init_array
 .text.__retarget_lock_init_recursive
                0x0800478c        0x2 C:/ST/STM32CubeIDE_1.17.0/STM32CubeIDE/plugins/com.st.stm32cube.ide.mcu.externaltools.gnu-tools-for-stm32.12.3.rel1.win32_1.1.0.202410251130/tools/bin/../lib/gcc/arm-none-eabi/12.3.1/../../../../arm-none-eabi/lib/thumb/v7e-m+fp/hard\libc_nano.a(libc_a-lock.o)
                0x0800478c                __retarget_lock_init_recursive
 .text.__retarget_lock_acquire_recursive
                0x0800478e        0x2 C:/ST/STM32CubeIDE_1.17.0/STM32CubeIDE/plugins/com.st.stm32cube.ide.mcu.externaltools.gnu-tools-for-stm32.12.3.rel1.win32_1.1.0.202410251130/tools/bin/../lib/gcc/arm-none-eabi/12.3.1/../../../../arm-none-eabi/lib/thumb/v7e-m+fp/hard\libc_nano.a(libc_a-lock.o)
                0x0800478e                __retarget_lock_acquire_recursive
 .text.__retarget_lock_release_recursive
                0x08004790        0x2 C:/ST/STM32CubeIDE_1.17.0/STM32CubeIDE/plugins/com.st.stm32cube.ide.mcu.externaltools.gnu-tools-for-stm32.12.3.rel1.win32_1.1.0.202410251130/tools/bin/../lib/gcc/arm-none-eabi/12.3.1/../../../../arm-none-eabi/lib/thumb/v7e-m+fp/hard\libc_nano.a(libc_a-lock.o)
                0x08004790                __retarget_lock_release_recursive
 .text.memcpy   0x08004792       0x1c C:/ST/STM32CubeIDE_1.17.0/STM32CubeIDE/plugins/com.st.stm32cube.ide.mcu.externaltools.gnu-tools-for-stm32.12.3.rel1.win32_1.1.0.202410251130/tools/bin/../lib/gcc/arm-none-eabi/12.3.1/../../../../arm-none-eabi/lib/thumb/v7e-m+fp/hard\libc_nano.a(libc_a-memcpy-stub.o)
                0x08004792                memcpy
 *fill*         0x080047ae        0x2 
 .text.__assert_func
                0x080047b0       0x3c C:/ST/STM32CubeIDE_1.17.0/STM32CubeIDE/plugins/com.st.stm32cube.ide.mcu.externaltools.gnu-tools-for-stm32.12.3.rel1.win32_1.1.0.202410251130/tools/bin/../lib/gcc/arm-none-eabi/12.3.1/../../../../arm-none-eabi/lib/thumb/v7e-m+fp/hard\libc_nano.a(libc_a-assert.o)
                0x080047b0                __assert_func
 .text._free_r  0x080047ec       0x94 C:/ST/STM32CubeIDE_1.17.0/STM32CubeIDE/plugins/com.st.stm32cube.ide.mcu.externaltools.gnu-tools-for-stm32.12.3.rel1.win32_1.1.0.202410251130/tools/bin/../lib/gcc/arm-none-eabi/12.3.1/../../../../arm-none-eabi/lib/thumb/v7e-m+fp/hard\libc_nano.a(libc_a-freer.o)
                0x080047ec                _free_r
 .text.malloc   0x08004880       0x10 C:/ST/STM32CubeIDE_1.17.0/STM32CubeIDE/plugins/com.st.stm32cube.ide.mcu.externaltools.gnu-tools-for-stm32.12.3.rel1.win32_1.1.0.202410251130/tools/bin/../lib/gcc/arm-none-eabi/12.3.1/../../../../arm-none-eabi/lib/thumb/v7e-m+fp/hard\libc_nano.a(libc_a-malloc.o)
                0x08004880                malloc
 .text.sbrk_aligned
                0x08004890       0x44 C:/ST/STM32CubeIDE_1.17.0/STM32CubeIDE/plugins/com.st.stm32cube.ide.mcu.externaltools.gnu-tools-for-stm32.12.3.rel1.win32_1.1.0.202410251130/tools/bin/../lib/gcc/arm-none-eabi/12.3.1/../../../../arm-none-eabi/lib/thumb/v7e-m+fp/hard\libc_nano.a(libc_a-mallocr.o)
 .text._malloc_r
                0x080048d4      0x100 C:/ST/STM32CubeIDE_1.17.0/STM32CubeIDE/plugins/com.st.stm32cube.ide.mcu.externaltools.gnu-tools-for-stm32.12.3.rel1.win32_1.1.0.202410251130/tools/bin/../lib/gcc/arm-none-eabi/12.3.1/../../../../arm-none-eabi/lib/thumb/v7e-m+fp/hard\libc_nano.a(libc_a-mallocr.o)
                0x080048d4                _malloc_r
 .text.__malloc_lock
                0x080049d4        0xc C:/ST/STM32CubeIDE_1.17.0/STM32CubeIDE/plugins/com.st.stm32cube.ide.mcu.externaltools.gnu-tools-for-stm32.12.3.rel1.win32_1.1.0.202410251130/tools/bin/../lib/gcc/arm-none-eabi/12.3.1/../../../../arm-none-eabi/lib/thumb/v7e-m+fp/hard\libc_nano.a(libc_a-mlock.o)
                0x080049d4                __malloc_lock
 .text.__malloc_unlock
                0x080049e0        0xc C:/ST/STM32CubeIDE_1.17.0/STM32CubeIDE/plugins/com.st.stm32cube.ide.mcu.externaltools.gnu-tools-for-stm32.12.3.rel1.win32_1.1.0.202410251130/tools/bin/../lib/gcc/arm-none-eabi/12.3.1/../../../../arm-none-eabi/lib/thumb/v7e-m+fp/hard\libc_nano.a(libc_a-mlock.o)
                0x080049e0                __malloc_unlock
 .text.__sflush_r
                0x080049ec      0x108 C:/ST/STM32CubeIDE_1.17.0/STM32CubeIDE/plugins/com.st.stm32cube.ide.mcu.externaltools.gnu-tools-for-stm32.12.3.rel1.win32_1.1.0.202410251130/tools/bin/../lib/gcc/arm-none-eabi/12.3.1/../../../../arm-none-eabi/lib/thumb/v7e-m+fp/hard\libc_nano.a(libc_a-fflush.o)
                0x080049ec                __sflush_r
 .text._fflush_r
                0x08004af4       0x50 C:/ST/STM32CubeIDE_1.17.0/STM32CubeIDE/plugins/com.st.stm32cube.ide.mcu.externaltools.gnu-tools-for-stm32.12.3.rel1.win32_1.1.0.202410251130/tools/bin/../lib/gcc/arm-none-eabi/12.3.1/../../../../arm-none-eabi/lib/thumb/v7e-m+fp/hard\libc_nano.a(libc_a-fflush.o)
                0x08004af4                _fflush_r
 .text.fprintf  0x08004b44       0x24 C:/ST/STM32CubeIDE_1.17.0/STM32CubeIDE/plugins/com.st.stm32cube.ide.mcu.externaltools.gnu-tools-for-stm32.12.3.rel1.win32_1.1.0.202410251130/tools/bin/../lib/gcc/arm-none-eabi/12.3.1/../../../../arm-none-eabi/lib/thumb/v7e-m+fp/hard\libc_nano.a(libc_a-fprintf.o)
                0x08004b44                fiprintf
                0x08004b44                fprintf
 .text._sbrk_r  0x08004b68       0x20 C:/ST/STM32CubeIDE_1.17.0/STM32CubeIDE/plugins/com.st.stm32cube.ide.mcu.externaltools.gnu-tools-for-stm32.12.3.rel1.win32_1.1.0.202410251130/tools/bin/../lib/gcc/arm-none-eabi/12.3.1/../../../../arm-none-eabi/lib/thumb/v7e-m+fp/hard\libc_nano.a(libc_a-sbrkr.o)
                0x08004b68                _sbrk_r
 .text.abort    0x08004b88        0xe C:/ST/STM32CubeIDE_1.17.0/STM32CubeIDE/plugins/com.st.stm32cube.ide.mcu.externaltools.gnu-tools-for-stm32.12.3.rel1.win32_1.1.0.202410251130/tools/bin/../lib/gcc/arm-none-eabi/12.3.1/../../../../arm-none-eabi/lib/thumb/v7e-m+fp/hard\libc_nano.a(libc_a-abort.o)
                0x08004b88                abort
 .text.__sfputc_r
                0x08004b96       0x2e C:/ST/STM32CubeIDE_1.17.0/STM32CubeIDE/plugins/com.st.stm32cube.ide.mcu.externaltools.gnu-tools-for-stm32.12.3.rel1.win32_1.1.0.202410251130/tools/bin/../lib/gcc/arm-none-eabi/12.3.1/../../../../arm-none-eabi/lib/thumb/v7e-m+fp/hard\libc_nano.a(libc_a-nano-vfprintf.o)
 .text.__sfputs_r
                0x08004bc4       0x24 C:/ST/STM32CubeIDE_1.17.0/STM32CubeIDE/plugins/com.st.stm32cube.ide.mcu.externaltools.gnu-tools-for-stm32.12.3.rel1.win32_1.1.0.202410251130/tools/bin/../lib/gcc/arm-none-eabi/12.3.1/../../../../arm-none-eabi/lib/thumb/v7e-m+fp/hard\libc_nano.a(libc_a-nano-vfprintf.o)
                0x08004bc4                __sfputs_r
 .text._vfprintf_r
                0x08004be8      0x230 C:/ST/STM32CubeIDE_1.17.0/STM32CubeIDE/plugins/com.st.stm32cube.ide.mcu.externaltools.gnu-tools-for-stm32.12.3.rel1.win32_1.1.0.202410251130/tools/bin/../lib/gcc/arm-none-eabi/12.3.1/../../../../arm-none-eabi/lib/thumb/v7e-m+fp/hard\libc_nano.a(libc_a-nano-vfprintf.o)
                0x08004be8                _vfprintf_r
                0x08004be8                _vfiprintf_r
 .text._printf_common
                0x08004e18       0xda C:/ST/STM32CubeIDE_1.17.0/STM32CubeIDE/plugins/com.st.stm32cube.ide.mcu.externaltools.gnu-tools-for-stm32.12.3.rel1.win32_1.1.0.202410251130/tools/bin/../lib/gcc/arm-none-eabi/12.3.1/../../../../arm-none-eabi/lib/thumb/v7e-m+fp/hard\libc_nano.a(libc_a-nano-vfprintf_i.o)
                0x08004e18                _printf_common
 *fill*         0x08004ef2        0x2 
 .text._printf_i
                0x08004ef4      0x240 C:/ST/STM32CubeIDE_1.17.0/STM32CubeIDE/plugins/com.st.stm32cube.ide.mcu.externaltools.gnu-tools-for-stm32.12.3.rel1.win32_1.1.0.202410251130/tools/bin/../lib/gcc/arm-none-eabi/12.3.1/../../../../arm-none-eabi/lib/thumb/v7e-m+fp/hard\libc_nano.a(libc_a-nano-vfprintf_i.o)
                0x08004ef4                _printf_i
 .text.__swbuf_r
                0x08005134       0x7c C:/ST/STM32CubeIDE_1.17.0/STM32CubeIDE/plugins/com.st.stm32cube.ide.mcu.externaltools.gnu-tools-for-stm32.12.3.rel1.win32_1.1.0.202410251130/tools/bin/../lib/gcc/arm-none-eabi/12.3.1/../../../../arm-none-eabi/lib/thumb/v7e-m+fp/hard\libc_nano.a(libc_a-wbuf.o)
                0x08005134                __swbuf_r
 .text.__swsetup_r
                0x080051b0       0xac C:/ST/STM32CubeIDE_1.17.0/STM32CubeIDE/plugins/com.st.stm32cube.ide.mcu.externaltools.gnu-tools-for-stm32.12.3.rel1.win32_1.1.0.202410251130/tools/bin/../lib/gcc/arm-none-eabi/12.3.1/../../../../arm-none-eabi/lib/thumb/v7e-m+fp/hard\libc_nano.a(libc_a-wsetup.o)
                0x080051b0                __swsetup_r
 .text._raise_r
                0x0800525c       0x50 C:/ST/STM32CubeIDE_1.17.0/STM32CubeIDE/plugins/com.st.stm32cube.ide.mcu.externaltools.gnu-tools-for-stm32.12.3.rel1.win32_1.1.0.202410251130/tools/bin/../lib/gcc/arm-none-eabi/12.3.1/../../../../arm-none-eabi/lib/thumb/v7e-m+fp/hard\libc_nano.a(libc_a-signal.o)
                0x0800525c                _raise_r
 .text.raise    0x080052ac       0x10 C:/ST/STM32CubeIDE_1.17.0/STM32CubeIDE/plugins/com.st.stm32cube.ide.mcu.externaltools.gnu-tools-for-stm32.12.3.rel1.win32_1.1.0.202410251130/tools/bin/../lib/gcc/arm-none-eabi/12.3.1/../../../../arm-none-eabi/lib/thumb/v7e-m+fp/hard\libc_nano.a(libc_a-signal.o)
                0x080052ac                raise
 .text._kill_r  0x080052bc       0x24 C:/ST/STM32CubeIDE_1.17.0/STM32CubeIDE/plugins/com.st.stm32cube.ide.mcu.externaltools.gnu-tools-for-stm32.12.3.rel1.win32_1.1.0.202410251130/tools/bin/../lib/gcc/arm-none-eabi/12.3.1/../../../../arm-none-eabi/lib/thumb/v7e-m+fp/hard\libc_nano.a(libc_a-signalr.o)
                0x080052bc                _kill_r
 .text._getpid_r
                0x080052e0        0x4 C:/ST/STM32CubeIDE_1.17.0/STM32CubeIDE/plugins/com.st.stm32cube.ide.mcu.externaltools.gnu-tools-for-stm32.12.3.rel1.win32_1.1.0.202410251130/tools/bin/../lib/gcc/arm-none-eabi/12.3.1/../../../../arm-none-eabi/lib/thumb/v7e-m+fp/hard\libc_nano.a(libc_a-signalr.o)
                0x080052e0                _getpid_r
 .text.__swhatbuf_r
                0x080052e4       0x4c C:/ST/STM32CubeIDE_1.17.0/STM32CubeIDE/plugins/com.st.stm32cube.ide.mcu.externaltools.gnu-tools-for-stm32.12.3.rel1.win32_1.1.0.202410251130/tools/bin/../lib/gcc/arm-none-eabi/12.3.1/../../../../arm-none-eabi/lib/thumb/v7e-m+fp/hard\libc_nano.a(libc_a-makebuf.o)
                0x080052e4                __swhatbuf_r
 .text.__smakebuf_r
                0x08005330       0x78 C:/ST/STM32CubeIDE_1.17.0/STM32CubeIDE/plugins/com.st.stm32cube.ide.mcu.externaltools.gnu-tools-for-stm32.12.3.rel1.win32_1.1.0.202410251130/tools/bin/../lib/gcc/arm-none-eabi/12.3.1/../../../../arm-none-eabi/lib/thumb/v7e-m+fp/hard\libc_nano.a(libc_a-makebuf.o)
                0x08005330                __smakebuf_r
 .text._fstat_r
                0x080053a8       0x24 C:/ST/STM32CubeIDE_1.17.0/STM32CubeIDE/plugins/com.st.stm32cube.ide.mcu.externaltools.gnu-tools-for-stm32.12.3.rel1.win32_1.1.0.202410251130/tools/bin/../lib/gcc/arm-none-eabi/12.3.1/../../../../arm-none-eabi/lib/thumb/v7e-m+fp/hard\libc_nano.a(libc_a-fstatr.o)
                0x080053a8                _fstat_r
 .text._isatty_r
                0x080053cc       0x20 C:/ST/STM32CubeIDE_1.17.0/STM32CubeIDE/plugins/com.st.stm32cube.ide.mcu.externaltools.gnu-tools-for-stm32.12.3.rel1.win32_1.1.0.202410251130/tools/bin/../lib/gcc/arm-none-eabi/12.3.1/../../../../arm-none-eabi/lib/thumb/v7e-m+fp/hard\libc_nano.a(libc_a-isattyr.o)
                0x080053cc                _isatty_r
 .text._gettimeofday
                0x080053ec       0x10 C:/ST/STM32CubeIDE_1.17.0/STM32CubeIDE/plugins/com.st.stm32cube.ide.mcu.externaltools.gnu-tools-for-stm32.12.3.rel1.win32_1.1.0.202410251130/tools/bin/../lib/gcc/arm-none-eabi/12.3.1/../../../../arm-none-eabi/lib/thumb/v7e-m+fp/hard\libnosys.a(gettod.o)
                0x080053ec                _gettimeofday
 *(.glue_7)
 .glue_7        0x080053fc        0x0 linker stubs
 *(.glue_7t)
 .glue_7t       0x080053fc        0x0 linker stubs
 *(.eh_frame)
 .eh_frame      0x080053fc        0x0 C:/ST/STM32CubeIDE_1.17.0/STM32CubeIDE/plugins/com.st.stm32cube.ide.mcu.externaltools.gnu-tools-for-stm32.12.3.rel1.win32_1.1.0.202410251130/tools/bin/../lib/gcc/arm-none-eabi/12.3.1/thumb/v7e-m+fp/hard/crtbegin.o
 *(.init)
 .init          0x080053fc        0x4 C:/ST/STM32CubeIDE_1.17.0/STM32CubeIDE/plugins/com.st.stm32cube.ide.mcu.externaltools.gnu-tools-for-stm32.12.3.rel1.win32_1.1.0.202410251130/tools/bin/../lib/gcc/arm-none-eabi/12.3.1/thumb/v7e-m+fp/hard/crti.o
                0x080053fc                _init
 .init          0x08005400        0x8 C:/ST/STM32CubeIDE_1.17.0/STM32CubeIDE/plugins/com.st.stm32cube.ide.mcu.externaltools.gnu-tools-for-stm32.12.3.rel1.win32_1.1.0.202410251130/tools/bin/../lib/gcc/arm-none-eabi/12.3.1/thumb/v7e-m+fp/hard/crtn.o
 *(.fini)
 .fini          0x08005408        0x4 C:/ST/STM32CubeIDE_1.17.0/STM32CubeIDE/plugins/com.st.stm32cube.ide.mcu.externaltools.gnu-tools-for-stm32.12.3.rel1.win32_1.1.0.202410251130/tools/bin/../lib/gcc/arm-none-eabi/12.3.1/thumb/v7e-m+fp/hard/crti.o
                0x08005408                _fini
 .fini          0x0800540c        0x8 C:/ST/STM32CubeIDE_1.17.0/STM32CubeIDE/plugins/com.st.stm32cube.ide.mcu.externaltools.gnu-tools-for-stm32.12.3.rel1.win32_1.1.0.202410251130/tools/bin/../lib/gcc/arm-none-eabi/12.3.1/thumb/v7e-m+fp/hard/crtn.o
                0x08005414                        . = ALIGN (0x4)
                0x08005414                        _etext = .

.vfp11_veneer   0x08005414        0x0
 .vfp11_veneer  0x08005414        0x0 linker stubs

.v4_bx          0x08005414        0x0
 .v4_bx         0x08005414        0x0 linker stubs

.iplt           0x08005414        0x0
 .iplt          0x08005414        0x0 C:/ST/STM32CubeIDE_1.17.0/STM32CubeIDE/plugins/com.st.stm32cube.ide.mcu.externaltools.gnu-tools-for-stm32.12.3.rel1.win32_1.1.0.202410251130/tools/bin/../lib/gcc/arm-none-eabi/12.3.1/thumb/v7e-m+fp/hard/crtbegin.o

.rodata         0x08005414      0x118
                0x08005414                        . = ALIGN (0x4)
 *(.rodata)
 .rodata        0x08005414        0x5 ./Core/FreeRTOS-Kernel/tasks.o
 *fill*         0x08005419        0x3 
 .rodata        0x0800541c       0x15 ./Core/Src/main.o
 *(.rodata*)
 *fill*         0x08005431        0x3 
 .rodata.AHBPrescTable
                0x08005434       0x10 ./Core/Src/system_stm32f4xx.o
                0x08005434                AHBPrescTable
 .rodata.APBPrescTable
                0x08005444        0x8 ./Core/Src/system_stm32f4xx.o
                0x08005444                APBPrescTable
 .rodata.srand.str1.1
                0x0800544c       0x6f C:/ST/STM32CubeIDE_1.17.0/STM32CubeIDE/plugins/com.st.stm32cube.ide.mcu.externaltools.gnu-tools-for-stm32.12.3.rel1.win32_1.1.0.202410251130/tools/bin/../lib/gcc/arm-none-eabi/12.3.1/../../../../arm-none-eabi/lib/thumb/v7e-m+fp/hard\libc_nano.a(libc_a-rand.o)
 .rodata.__assert_func.str1.1
                0x080054bb       0x3c C:/ST/STM32CubeIDE_1.17.0/STM32CubeIDE/plugins/com.st.stm32cube.ide.mcu.externaltools.gnu-tools-for-stm32.12.3.rel1.win32_1.1.0.202410251130/tools/bin/../lib/gcc/arm-none-eabi/12.3.1/../../../../arm-none-eabi/lib/thumb/v7e-m+fp/hard\libc_nano.a(libc_a-assert.o)
                                 0x3d (size before relaxing)
 .rodata._vfprintf_r.str1.1
                0x080054f7       0x11 C:/ST/STM32CubeIDE_1.17.0/STM32CubeIDE/plugins/com.st.stm32cube.ide.mcu.externaltools.gnu-tools-for-stm32.12.3.rel1.win32_1.1.0.202410251130/tools/bin/../lib/gcc/arm-none-eabi/12.3.1/../../../../arm-none-eabi/lib/thumb/v7e-m+fp/hard\libc_nano.a(libc_a-nano-vfprintf.o)
 .rodata._printf_i.str1.1
                0x08005508       0x22 C:/ST/STM32CubeIDE_1.17.0/STM32CubeIDE/plugins/com.st.stm32cube.ide.mcu.externaltools.gnu-tools-for-stm32.12.3.rel1.win32_1.1.0.202410251130/tools/bin/../lib/gcc/arm-none-eabi/12.3.1/../../../../arm-none-eabi/lib/thumb/v7e-m+fp/hard\libc_nano.a(libc_a-nano-vfprintf_i.o)
                0x0800552c                        . = ALIGN (0x4)
 *fill*         0x0800552a        0x2 

.ARM.extab      0x0800552c        0x0
                0x0800552c                        . = ALIGN (0x4)
 *(.ARM.extab* .gnu.linkonce.armextab.*)
                0x0800552c                        . = ALIGN (0x4)

.ARM            0x0800552c        0x8
                0x0800552c                        . = ALIGN (0x4)
                0x0800552c                        __exidx_start = .
 *(.ARM.exidx*)
 .ARM.exidx     0x0800552c        0x8 C:/ST/STM32CubeIDE_1.17.0/STM32CubeIDE/plugins/com.st.stm32cube.ide.mcu.externaltools.gnu-tools-for-stm32.12.3.rel1.win32_1.1.0.202410251130/tools/bin/../lib/gcc/arm-none-eabi/12.3.1/../../../../arm-none-eabi/lib/thumb/v7e-m+fp/hard\libc_nano.a(libc_a-memchr.o)
 .ARM.exidx     0x08005534        0x0 C:/ST/STM32CubeIDE_1.17.0/STM32CubeIDE/plugins/com.st.stm32cube.ide.mcu.externaltools.gnu-tools-for-stm32.12.3.rel1.win32_1.1.0.202410251130/tools/bin/../lib/gcc/arm-none-eabi/12.3.1/thumb/v7e-m+fp/hard\libgcc.a(_udivmoddi4.o)
                                  0x8 (size before relaxing)
                0x08005534                        __exidx_end = .
                0x08005534                        . = ALIGN (0x4)

.preinit_array  0x08005534        0x0
                0x08005534                        . = ALIGN (0x4)
                0x08005534                        PROVIDE (__preinit_array_start = .)
 *(.preinit_array*)
                0x08005534                        PROVIDE (__preinit_array_end = .)
                0x08005534                        . = ALIGN (0x4)

.init_array     0x08005534        0x4
                0x08005534                        . = ALIGN (0x4)
                0x08005534                        PROVIDE (__init_array_start = .)
 *(SORT_BY_NAME(.init_array.*))
 *(.init_array*)
 .init_array    0x08005534        0x4 C:/ST/STM32CubeIDE_1.17.0/STM32CubeIDE/plugins/com.st.stm32cube.ide.mcu.externaltools.gnu-tools-for-stm32.12.3.rel1.win32_1.1.0.202410251130/tools/bin/../lib/gcc/arm-none-eabi/12.3.1/thumb/v7e-m+fp/hard/crtbegin.o
                0x08005538                        PROVIDE (__init_array_end = .)
                0x08005538                        . = ALIGN (0x4)

.fini_array     0x08005538        0x4
                0x08005538                        . = ALIGN (0x4)
                [!provide]                        PROVIDE (__fini_array_start = .)
 *(SORT_BY_NAME(.fini_array.*))
 *(.fini_array*)
 .fini_array    0x08005538        0x4 C:/ST/STM32CubeIDE_1.17.0/STM32CubeIDE/plugins/com.st.stm32cube.ide.mcu.externaltools.gnu-tools-for-stm32.12.3.rel1.win32_1.1.0.202410251130/tools/bin/../lib/gcc/arm-none-eabi/12.3.1/thumb/v7e-m+fp/hard/crtbegin.o
                [!provide]                        PROVIDE (__fini_array_end = .)
                0x0800553c                        . = ALIGN (0x4)
                0x0800553c                        _sidata = LOADADDR (.data)

.rel.dyn        0x0800553c        0x0
 .rel.iplt      0x0800553c        0x0 C:/ST/STM32CubeIDE_1.17.0/STM32CubeIDE/plugins/com.st.stm32cube.ide.mcu.externaltools.gnu-tools-for-stm32.12.3.rel1.win32_1.1.0.202410251130/tools/bin/../lib/gcc/arm-none-eabi/12.3.1/thumb/v7e-m+fp/hard/crtbegin.o

.data           0x20000000       0x70 load address 0x0800553c
                0x20000000                        . = ALIGN (0x4)
                0x20000000                        _sdata = .
 *(.data)
 *(.data*)
 .data.uxTopUsedPriority
                0x20000000        0x4 ./Core/FreeRTOS-Kernel/tasks.o
 .data.uxCriticalNesting
                0x20000004        0x4 ./Core/FreeRTOS-Kernel/portable/GCC/ARM_CM4F/port.o
 .data.SystemCoreClock
                0x20000008        0x4 ./Core/Src/system_stm32f4xx.o
                0x20000008                SystemCoreClock
 .data.uwTickPrio
                0x2000000c        0x4 ./Drivers/STM32F4xx_HAL_Driver/Src/stm32f4xx_hal.o
                0x2000000c                uwTickPrio
 .data.uwTickFreq
                0x20000010        0x1 ./Drivers/STM32F4xx_HAL_Driver/Src/stm32f4xx_hal.o
                0x20000010                uwTickFreq
 *fill*         0x20000011        0x3 
 .data.__sglue  0x20000014        0xc C:/ST/STM32CubeIDE_1.17.0/STM32CubeIDE/plugins/com.st.stm32cube.ide.mcu.externaltools.gnu-tools-for-stm32.12.3.rel1.win32_1.1.0.202410251130/tools/bin/../lib/gcc/arm-none-eabi/12.3.1/../../../../arm-none-eabi/lib/thumb/v7e-m+fp/hard\libc_nano.a(libc_a-findfp.o)
                0x20000014                __sglue
 .data._impure_ptr
                0x20000020        0x4 C:/ST/STM32CubeIDE_1.17.0/STM32CubeIDE/plugins/com.st.stm32cube.ide.mcu.externaltools.gnu-tools-for-stm32.12.3.rel1.win32_1.1.0.202410251130/tools/bin/../lib/gcc/arm-none-eabi/12.3.1/../../../../arm-none-eabi/lib/thumb/v7e-m+fp/hard\libc_nano.a(libc_a-impure.o)
                0x20000020                _impure_ptr
 .data._impure_data
                0x20000024       0x4c C:/ST/STM32CubeIDE_1.17.0/STM32CubeIDE/plugins/com.st.stm32cube.ide.mcu.externaltools.gnu-tools-for-stm32.12.3.rel1.win32_1.1.0.202410251130/tools/bin/../lib/gcc/arm-none-eabi/12.3.1/../../../../arm-none-eabi/lib/thumb/v7e-m+fp/hard\libc_nano.a(libc_a-impure.o)
                0x20000024                _impure_data
 *(.RamFunc)
 *(.RamFunc*)
                0x20000070                        . = ALIGN (0x4)
                0x20000070                        _edata = .
                0x080055ac                        _siccmram = LOADADDR (.ccmram)

.igot.plt       0x20000070        0x0 load address 0x080055ac
 .igot.plt      0x20000070        0x0 C:/ST/STM32CubeIDE_1.17.0/STM32CubeIDE/plugins/com.st.stm32cube.ide.mcu.externaltools.gnu-tools-for-stm32.12.3.rel1.win32_1.1.0.202410251130/tools/bin/../lib/gcc/arm-none-eabi/12.3.1/thumb/v7e-m+fp/hard/crtbegin.o

.ccmram         0x10000000        0x0 load address 0x080055ac
                0x10000000                        . = ALIGN (0x4)
                0x10000000                        _sccmram = .
 *(.ccmram)
 *(.ccmram*)
                0x10000000                        . = ALIGN (0x4)
                0x10000000                        _eccmram = .
                0x10000000                        . = ALIGN (0x4)

.bss            0x20000070    0x12ed0
                0x20000070                        _sbss = .
                0x20000070                        __bss_start__ = _sbss
 *(.bss)
 .bss           0x20000070       0x1c C:/ST/STM32CubeIDE_1.17.0/STM32CubeIDE/plugins/com.st.stm32cube.ide.mcu.externaltools.gnu-tools-for-stm32.12.3.rel1.win32_1.1.0.202410251130/tools/bin/../lib/gcc/arm-none-eabi/12.3.1/thumb/v7e-m+fp/hard/crtbegin.o
 *(.bss*)
 .bss.pxCurrentTCB
                0x2000008c        0x4 ./Core/FreeRTOS-Kernel/tasks.o
                0x2000008c                pxCurrentTCB
 .bss.pxReadyTasksLists
                0x20000090       0x64 ./Core/FreeRTOS-Kernel/tasks.o
 .bss.xDelayedTaskList1
                0x200000f4       0x14 ./Core/FreeRTOS-Kernel/tasks.o
 .bss.xDelayedTaskList2
                0x20000108       0x14 ./Core/FreeRTOS-Kernel/tasks.o
 .bss.pxDelayedTaskList
                0x2000011c        0x4 ./Core/FreeRTOS-Kernel/tasks.o
 .bss.pxOverflowDelayedTaskList
                0x20000120        0x4 ./Core/FreeRTOS-Kernel/tasks.o
 .bss.xPendingReadyList
                0x20000124       0x14 ./Core/FreeRTOS-Kernel/tasks.o
 .bss.xTasksWaitingTermination
                0x20000138       0x14 ./Core/FreeRTOS-Kernel/tasks.o
 .bss.uxDeletedTasksWaitingCleanUp
                0x2000014c        0x4 ./Core/FreeRTOS-Kernel/tasks.o
 .bss.xSuspendedTaskList
                0x20000150       0x14 ./Core/FreeRTOS-Kernel/tasks.o
 .bss.uxCurrentNumberOfTasks
                0x20000164        0x4 ./Core/FreeRTOS-Kernel/tasks.o
 .bss.xTickCount
                0x20000168        0x4 ./Core/FreeRTOS-Kernel/tasks.o
 .bss.uxTopReadyPriority
                0x2000016c        0x4 ./Core/FreeRTOS-Kernel/tasks.o
 .bss.xSchedulerRunning
                0x20000170        0x4 ./Core/FreeRTOS-Kernel/tasks.o
 .bss.xPendedTicks
                0x20000174        0x4 ./Core/FreeRTOS-Kernel/tasks.o
 .bss.xYieldPendings
                0x20000178        0x4 ./Core/FreeRTOS-Kernel/tasks.o
 .bss.xNumOfOverflows
                0x2000017c        0x4 ./Core/FreeRTOS-Kernel/tasks.o
 .bss.uxTaskNumber
                0x20000180        0x4 ./Core/FreeRTOS-Kernel/tasks.o
 .bss.xNextTaskUnblockTime
                0x20000184        0x4 ./Core/FreeRTOS-Kernel/tasks.o
 .bss.xIdleTaskHandles
                0x20000188        0x4 ./Core/FreeRTOS-Kernel/tasks.o
 .bss.uxSchedulerSuspended
                0x2000018c        0x4 ./Core/FreeRTOS-Kernel/tasks.o
 .bss.ucMaxSysCallPriority
                0x20000190        0x1 ./Core/FreeRTOS-Kernel/portable/GCC/ARM_CM4F/port.o
 *fill*         0x20000191        0x3 
 .bss.ulMaxPRIGROUPValue
                0x20000194        0x4 ./Core/FreeRTOS-Kernel/portable/GCC/ARM_CM4F/port.o
 .bss.ucHeap    0x20000198    0x12c00 ./Core/FreeRTOS-Kernel/portable/MemMang/heap_1.o
 .bss.xNextFreeByte
                0x20012d98        0x4 ./Core/FreeRTOS-Kernel/portable/MemMang/heap_1.o
 .bss.pucAlignedHeap.0
                0x20012d9c        0x4 ./Core/FreeRTOS-Kernel/portable/MemMang/heap_1.o
 .bss.xQueue    0x20012da0        0x4 ./Core/Src/main.o
 .bss.htim1     0x20012da4       0x48 ./Core/Src/stm32f4xx_hal_timebase_tim.o
                0x20012da4                htim1
 .bss.__sbrk_heap_end
                0x20012dec        0x4 ./Core/Src/sysmem.o
 .bss.uwTick    0x20012df0        0x4 ./Drivers/STM32F4xx_HAL_Driver/Src/stm32f4xx_hal.o
                0x20012df0                uwTick
 .bss.__sf      0x20012df4      0x138 C:/ST/STM32CubeIDE_1.17.0/STM32CubeIDE/plugins/com.st.stm32cube.ide.mcu.externaltools.gnu-tools-for-stm32.12.3.rel1.win32_1.1.0.202410251130/tools/bin/../lib/gcc/arm-none-eabi/12.3.1/../../../../arm-none-eabi/lib/thumb/v7e-m+fp/hard\libc_nano.a(libc_a-findfp.o)
                0x20012df4                __sf
 .bss.__stdio_exit_handler
                0x20012f2c        0x4 C:/ST/STM32CubeIDE_1.17.0/STM32CubeIDE/plugins/com.st.stm32cube.ide.mcu.externaltools.gnu-tools-for-stm32.12.3.rel1.win32_1.1.0.202410251130/tools/bin/../lib/gcc/arm-none-eabi/12.3.1/../../../../arm-none-eabi/lib/thumb/v7e-m+fp/hard\libc_nano.a(libc_a-findfp.o)
                0x20012f2c                __stdio_exit_handler
 .bss.errno     0x20012f30        0x4 C:/ST/STM32CubeIDE_1.17.0/STM32CubeIDE/plugins/com.st.stm32cube.ide.mcu.externaltools.gnu-tools-for-stm32.12.3.rel1.win32_1.1.0.202410251130/tools/bin/../lib/gcc/arm-none-eabi/12.3.1/../../../../arm-none-eabi/lib/thumb/v7e-m+fp/hard\libc_nano.a(libc_a-reent.o)
                0x20012f30                errno
 .bss.__lock___malloc_recursive_mutex
                0x20012f34        0x1 C:/ST/STM32CubeIDE_1.17.0/STM32CubeIDE/plugins/com.st.stm32cube.ide.mcu.externaltools.gnu-tools-for-stm32.12.3.rel1.win32_1.1.0.202410251130/tools/bin/../lib/gcc/arm-none-eabi/12.3.1/../../../../arm-none-eabi/lib/thumb/v7e-m+fp/hard\libc_nano.a(libc_a-lock.o)
                0x20012f34                __lock___malloc_recursive_mutex
 .bss.__lock___sfp_recursive_mutex
                0x20012f35        0x1 C:/ST/STM32CubeIDE_1.17.0/STM32CubeIDE/plugins/com.st.stm32cube.ide.mcu.externaltools.gnu-tools-for-stm32.12.3.rel1.win32_1.1.0.202410251130/tools/bin/../lib/gcc/arm-none-eabi/12.3.1/../../../../arm-none-eabi/lib/thumb/v7e-m+fp/hard\libc_nano.a(libc_a-lock.o)
                0x20012f35                __lock___sfp_recursive_mutex
 *fill*         0x20012f36        0x2 
 .bss.__malloc_sbrk_start
                0x20012f38        0x4 C:/ST/STM32CubeIDE_1.17.0/STM32CubeIDE/plugins/com.st.stm32cube.ide.mcu.externaltools.gnu-tools-for-stm32.12.3.rel1.win32_1.1.0.202410251130/tools/bin/../lib/gcc/arm-none-eabi/12.3.1/../../../../arm-none-eabi/lib/thumb/v7e-m+fp/hard\libc_nano.a(libc_a-mallocr.o)
                0x20012f38                __malloc_sbrk_start
 .bss.__malloc_free_list
                0x20012f3c        0x4 C:/ST/STM32CubeIDE_1.17.0/STM32CubeIDE/plugins/com.st.stm32cube.ide.mcu.externaltools.gnu-tools-for-stm32.12.3.rel1.win32_1.1.0.202410251130/tools/bin/../lib/gcc/arm-none-eabi/12.3.1/../../../../arm-none-eabi/lib/thumb/v7e-m+fp/hard\libc_nano.a(libc_a-mallocr.o)
                0x20012f3c                __malloc_free_list
 *(COMMON)
                0x20012f40                        . = ALIGN (0x4)
                0x20012f40                        _ebss = .
                0x20012f40                        __bss_end__ = _ebss

._user_heap_stack
                0x20012f40      0x600
                0x20012f40                        . = ALIGN (0x8)
                [!provide]                        PROVIDE (end = .)
                0x20012f40                        PROVIDE (_end = .)
                0x20013140                        . = (. + _Min_Heap_Size)
 *fill*         0x20012f40      0x200 
                0x20013540                        . = (. + _Min_Stack_Size)
 *fill*         0x20013140      0x400 
                0x20013540                        . = ALIGN (0x8)

/DISCARD/
 libc.a(*)
 libm.a(*)
 libgcc.a(*)

.ARM.attributes
                0x00000000       0x30
 *(.ARM.attributes)
 .ARM.attributes
                0x00000000       0x22 C:/ST/STM32CubeIDE_1.17.0/STM32CubeIDE/plugins/com.st.stm32cube.ide.mcu.externaltools.gnu-tools-for-stm32.12.3.rel1.win32_1.1.0.202410251130/tools/bin/../lib/gcc/arm-none-eabi/12.3.1/thumb/v7e-m+fp/hard/crti.o
 .ARM.attributes
                0x00000022       0x34 C:/ST/STM32CubeIDE_1.17.0/STM32CubeIDE/plugins/com.st.stm32cube.ide.mcu.externaltools.gnu-tools-for-stm32.12.3.rel1.win32_1.1.0.202410251130/tools/bin/../lib/gcc/arm-none-eabi/12.3.1/thumb/v7e-m+fp/hard/crtbegin.o
 .ARM.attributes
                0x00000056       0x34 ./Core/FreeRTOS-Kernel/list.o
 .ARM.attributes
                0x0000008a       0x34 ./Core/FreeRTOS-Kernel/queue.o
 .ARM.attributes
                0x000000be       0x34 ./Core/FreeRTOS-Kernel/tasks.o
 .ARM.attributes
                0x000000f2       0x34 ./Core/FreeRTOS-Kernel/portable/GCC/ARM_CM4F/port.o
 .ARM.attributes
                0x00000126       0x34 ./Core/FreeRTOS-Kernel/portable/MemMang/heap_1.o
 .ARM.attributes
                0x0000015a       0x34 ./Core/Src/main.o
 .ARM.attributes
                0x0000018e       0x34 ./Core/Src/stm32f4xx_hal_msp.o
 .ARM.attributes
                0x000001c2       0x34 ./Core/Src/stm32f4xx_hal_timebase_tim.o
 .ARM.attributes
                0x000001f6       0x34 ./Core/Src/stm32f4xx_it.o
 .ARM.attributes
                0x0000022a       0x34 ./Core/Src/syscalls.o
 .ARM.attributes
                0x0000025e       0x34 ./Core/Src/sysmem.o
 .ARM.attributes
                0x00000292       0x34 ./Core/Src/system_stm32f4xx.o
 .ARM.attributes
                0x000002c6       0x21 ./Core/Startup/startup_stm32f407vgtx.o
 .ARM.attributes
                0x000002e7       0x34 ./Drivers/STM32F4xx_HAL_Driver/Src/stm32f4xx_hal.o
 .ARM.attributes
                0x0000031b       0x34 ./Drivers/STM32F4xx_HAL_Driver/Src/stm32f4xx_hal_cortex.o
 .ARM.attributes
                0x0000034f       0x34 ./Drivers/STM32F4xx_HAL_Driver/Src/stm32f4xx_hal_gpio.o
 .ARM.attributes
                0x00000383       0x34 ./Drivers/STM32F4xx_HAL_Driver/Src/stm32f4xx_hal_rcc.o
 .ARM.attributes
                0x000003b7       0x34 ./Drivers/STM32F4xx_HAL_Driver/Src/stm32f4xx_hal_tim.o
 .ARM.attributes
                0x000003eb       0x34 ./Drivers/STM32F4xx_HAL_Driver/Src/stm32f4xx_hal_tim_ex.o
 .ARM.attributes
                0x0000041f       0x34 C:/ST/STM32CubeIDE_1.17.0/STM32CubeIDE/plugins/com.st.stm32cube.ide.mcu.externaltools.gnu-tools-for-stm32.12.3.rel1.win32_1.1.0.202410251130/tools/bin/../lib/gcc/arm-none-eabi/12.3.1/../../../../arm-none-eabi/lib/thumb/v7e-m+fp/hard\libc_nano.a(libc_a-rand.o)
 .ARM.attributes
                0x00000453       0x34 C:/ST/STM32CubeIDE_1.17.0/STM32CubeIDE/plugins/com.st.stm32cube.ide.mcu.externaltools.gnu-tools-for-stm32.12.3.rel1.win32_1.1.0.202410251130/tools/bin/../lib/gcc/arm-none-eabi/12.3.1/../../../../arm-none-eabi/lib/thumb/v7e-m+fp/hard\libc_nano.a(libc_a-findfp.o)
 .ARM.attributes
                0x00000487       0x34 C:/ST/STM32CubeIDE_1.17.0/STM32CubeIDE/plugins/com.st.stm32cube.ide.mcu.externaltools.gnu-tools-for-stm32.12.3.rel1.win32_1.1.0.202410251130/tools/bin/../lib/gcc/arm-none-eabi/12.3.1/../../../../arm-none-eabi/lib/thumb/v7e-m+fp/hard\libc_nano.a(libc_a-fwalk.o)
 .ARM.attributes
                0x000004bb       0x34 C:/ST/STM32CubeIDE_1.17.0/STM32CubeIDE/plugins/com.st.stm32cube.ide.mcu.externaltools.gnu-tools-for-stm32.12.3.rel1.win32_1.1.0.202410251130/tools/bin/../lib/gcc/arm-none-eabi/12.3.1/../../../../arm-none-eabi/lib/thumb/v7e-m+fp/hard\libc_nano.a(libc_a-stdio.o)
 .ARM.attributes
                0x000004ef       0x34 C:/ST/STM32CubeIDE_1.17.0/STM32CubeIDE/plugins/com.st.stm32cube.ide.mcu.externaltools.gnu-tools-for-stm32.12.3.rel1.win32_1.1.0.202410251130/tools/bin/../lib/gcc/arm-none-eabi/12.3.1/../../../../arm-none-eabi/lib/thumb/v7e-m+fp/hard\libc_nano.a(libc_a-memset.o)
 .ARM.attributes
                0x00000523       0x34 C:/ST/STM32CubeIDE_1.17.0/STM32CubeIDE/plugins/com.st.stm32cube.ide.mcu.externaltools.gnu-tools-for-stm32.12.3.rel1.win32_1.1.0.202410251130/tools/bin/../lib/gcc/arm-none-eabi/12.3.1/../../../../arm-none-eabi/lib/thumb/v7e-m+fp/hard\libc_nano.a(libc_a-time.o)
 .ARM.attributes
                0x00000557       0x34 C:/ST/STM32CubeIDE_1.17.0/STM32CubeIDE/plugins/com.st.stm32cube.ide.mcu.externaltools.gnu-tools-for-stm32.12.3.rel1.win32_1.1.0.202410251130/tools/bin/../lib/gcc/arm-none-eabi/12.3.1/../../../../arm-none-eabi/lib/thumb/v7e-m+fp/hard\libc_nano.a(libc_a-closer.o)
 .ARM.attributes
                0x0000058b       0x34 C:/ST/STM32CubeIDE_1.17.0/STM32CubeIDE/plugins/com.st.stm32cube.ide.mcu.externaltools.gnu-tools-for-stm32.12.3.rel1.win32_1.1.0.202410251130/tools/bin/../lib/gcc/arm-none-eabi/12.3.1/../../../../arm-none-eabi/lib/thumb/v7e-m+fp/hard\libc_nano.a(libc_a-reent.o)
 .ARM.attributes
                0x000005bf       0x34 C:/ST/STM32CubeIDE_1.17.0/STM32CubeIDE/plugins/com.st.stm32cube.ide.mcu.externaltools.gnu-tools-for-stm32.12.3.rel1.win32_1.1.0.202410251130/tools/bin/../lib/gcc/arm-none-eabi/12.3.1/../../../../arm-none-eabi/lib/thumb/v7e-m+fp/hard\libc_nano.a(libc_a-impure.o)
 .ARM.attributes
                0x000005f3       0x34 C:/ST/STM32CubeIDE_1.17.0/STM32CubeIDE/plugins/com.st.stm32cube.ide.mcu.externaltools.gnu-tools-for-stm32.12.3.rel1.win32_1.1.0.202410251130/tools/bin/../lib/gcc/arm-none-eabi/12.3.1/../../../../arm-none-eabi/lib/thumb/v7e-m+fp/hard\libc_nano.a(libc_a-gettimeofdayr.o)
 .ARM.attributes
                0x00000627       0x34 C:/ST/STM32CubeIDE_1.17.0/STM32CubeIDE/plugins/com.st.stm32cube.ide.mcu.externaltools.gnu-tools-for-stm32.12.3.rel1.win32_1.1.0.202410251130/tools/bin/../lib/gcc/arm-none-eabi/12.3.1/../../../../arm-none-eabi/lib/thumb/v7e-m+fp/hard\libc_nano.a(libc_a-lseekr.o)
 .ARM.attributes
                0x0000065b       0x34 C:/ST/STM32CubeIDE_1.17.0/STM32CubeIDE/plugins/com.st.stm32cube.ide.mcu.externaltools.gnu-tools-for-stm32.12.3.rel1.win32_1.1.0.202410251130/tools/bin/../lib/gcc/arm-none-eabi/12.3.1/../../../../arm-none-eabi/lib/thumb/v7e-m+fp/hard\libc_nano.a(libc_a-readr.o)
 .ARM.attributes
                0x0000068f       0x34 C:/ST/STM32CubeIDE_1.17.0/STM32CubeIDE/plugins/com.st.stm32cube.ide.mcu.externaltools.gnu-tools-for-stm32.12.3.rel1.win32_1.1.0.202410251130/tools/bin/../lib/gcc/arm-none-eabi/12.3.1/../../../../arm-none-eabi/lib/thumb/v7e-m+fp/hard\libc_nano.a(libc_a-writer.o)
 .ARM.attributes
                0x000006c3       0x34 C:/ST/STM32CubeIDE_1.17.0/STM32CubeIDE/plugins/com.st.stm32cube.ide.mcu.externaltools.gnu-tools-for-stm32.12.3.rel1.win32_1.1.0.202410251130/tools/bin/../lib/gcc/arm-none-eabi/12.3.1/../../../../arm-none-eabi/lib/thumb/v7e-m+fp/hard\libc_nano.a(libc_a-errno.o)
 .ARM.attributes
                0x000006f7       0x34 C:/ST/STM32CubeIDE_1.17.0/STM32CubeIDE/plugins/com.st.stm32cube.ide.mcu.externaltools.gnu-tools-for-stm32.12.3.rel1.win32_1.1.0.202410251130/tools/bin/../lib/gcc/arm-none-eabi/12.3.1/../../../../arm-none-eabi/lib/thumb/v7e-m+fp/hard\libc_nano.a(libc_a-init.o)
 .ARM.attributes
                0x0000072b       0x34 C:/ST/STM32CubeIDE_1.17.0/STM32CubeIDE/plugins/com.st.stm32cube.ide.mcu.externaltools.gnu-tools-for-stm32.12.3.rel1.win32_1.1.0.202410251130/tools/bin/../lib/gcc/arm-none-eabi/12.3.1/../../../../arm-none-eabi/lib/thumb/v7e-m+fp/hard\libc_nano.a(libc_a-lock.o)
 .ARM.attributes
                0x0000075f       0x34 C:/ST/STM32CubeIDE_1.17.0/STM32CubeIDE/plugins/com.st.stm32cube.ide.mcu.externaltools.gnu-tools-for-stm32.12.3.rel1.win32_1.1.0.202410251130/tools/bin/../lib/gcc/arm-none-eabi/12.3.1/../../../../arm-none-eabi/lib/thumb/v7e-m+fp/hard\libc_nano.a(libc_a-memcpy-stub.o)
 .ARM.attributes
                0x00000793       0x34 C:/ST/STM32CubeIDE_1.17.0/STM32CubeIDE/plugins/com.st.stm32cube.ide.mcu.externaltools.gnu-tools-for-stm32.12.3.rel1.win32_1.1.0.202410251130/tools/bin/../lib/gcc/arm-none-eabi/12.3.1/../../../../arm-none-eabi/lib/thumb/v7e-m+fp/hard\libc_nano.a(libc_a-assert.o)
 .ARM.attributes
                0x000007c7       0x34 C:/ST/STM32CubeIDE_1.17.0/STM32CubeIDE/plugins/com.st.stm32cube.ide.mcu.externaltools.gnu-tools-for-stm32.12.3.rel1.win32_1.1.0.202410251130/tools/bin/../lib/gcc/arm-none-eabi/12.3.1/../../../../arm-none-eabi/lib/thumb/v7e-m+fp/hard\libc_nano.a(libc_a-freer.o)
 .ARM.attributes
                0x000007fb       0x34 C:/ST/STM32CubeIDE_1.17.0/STM32CubeIDE/plugins/com.st.stm32cube.ide.mcu.externaltools.gnu-tools-for-stm32.12.3.rel1.win32_1.1.0.202410251130/tools/bin/../lib/gcc/arm-none-eabi/12.3.1/../../../../arm-none-eabi/lib/thumb/v7e-m+fp/hard\libc_nano.a(libc_a-malloc.o)
 .ARM.attributes
                0x0000082f       0x34 C:/ST/STM32CubeIDE_1.17.0/STM32CubeIDE/plugins/com.st.stm32cube.ide.mcu.externaltools.gnu-tools-for-stm32.12.3.rel1.win32_1.1.0.202410251130/tools/bin/../lib/gcc/arm-none-eabi/12.3.1/../../../../arm-none-eabi/lib/thumb/v7e-m+fp/hard\libc_nano.a(libc_a-mallocr.o)
 .ARM.attributes
                0x00000863       0x34 C:/ST/STM32CubeIDE_1.17.0/STM32CubeIDE/plugins/com.st.stm32cube.ide.mcu.externaltools.gnu-tools-for-stm32.12.3.rel1.win32_1.1.0.202410251130/tools/bin/../lib/gcc/arm-none-eabi/12.3.1/../../../../arm-none-eabi/lib/thumb/v7e-m+fp/hard\libc_nano.a(libc_a-mlock.o)
 .ARM.attributes
                0x00000897       0x34 C:/ST/STM32CubeIDE_1.17.0/STM32CubeIDE/plugins/com.st.stm32cube.ide.mcu.externaltools.gnu-tools-for-stm32.12.3.rel1.win32_1.1.0.202410251130/tools/bin/../lib/gcc/arm-none-eabi/12.3.1/../../../../arm-none-eabi/lib/thumb/v7e-m+fp/hard\libc_nano.a(libc_a-fflush.o)
 .ARM.attributes
                0x000008cb       0x34 C:/ST/STM32CubeIDE_1.17.0/STM32CubeIDE/plugins/com.st.stm32cube.ide.mcu.externaltools.gnu-tools-for-stm32.12.3.rel1.win32_1.1.0.202410251130/tools/bin/../lib/gcc/arm-none-eabi/12.3.1/../../../../arm-none-eabi/lib/thumb/v7e-m+fp/hard\libc_nano.a(libc_a-fprintf.o)
 .ARM.attributes
                0x000008ff       0x34 C:/ST/STM32CubeIDE_1.17.0/STM32CubeIDE/plugins/com.st.stm32cube.ide.mcu.externaltools.gnu-tools-for-stm32.12.3.rel1.win32_1.1.0.202410251130/tools/bin/../lib/gcc/arm-none-eabi/12.3.1/../../../../arm-none-eabi/lib/thumb/v7e-m+fp/hard\libc_nano.a(libc_a-sbrkr.o)
 .ARM.attributes
                0x00000933       0x34 C:/ST/STM32CubeIDE_1.17.0/STM32CubeIDE/plugins/com.st.stm32cube.ide.mcu.externaltools.gnu-tools-for-stm32.12.3.rel1.win32_1.1.0.202410251130/tools/bin/../lib/gcc/arm-none-eabi/12.3.1/../../../../arm-none-eabi/lib/thumb/v7e-m+fp/hard\libc_nano.a(libc_a-abort.o)
 .ARM.attributes
                0x00000967       0x34 C:/ST/STM32CubeIDE_1.17.0/STM32CubeIDE/plugins/com.st.stm32cube.ide.mcu.externaltools.gnu-tools-for-stm32.12.3.rel1.win32_1.1.0.202410251130/tools/bin/../lib/gcc/arm-none-eabi/12.3.1/../../../../arm-none-eabi/lib/thumb/v7e-m+fp/hard\libc_nano.a(libc_a-nano-vfprintf.o)
 .ARM.attributes
                0x0000099b       0x34 C:/ST/STM32CubeIDE_1.17.0/STM32CubeIDE/plugins/com.st.stm32cube.ide.mcu.externaltools.gnu-tools-for-stm32.12.3.rel1.win32_1.1.0.202410251130/tools/bin/../lib/gcc/arm-none-eabi/12.3.1/../../../../arm-none-eabi/lib/thumb/v7e-m+fp/hard\libc_nano.a(libc_a-nano-vfprintf_i.o)
 .ARM.attributes
                0x000009cf       0x34 C:/ST/STM32CubeIDE_1.17.0/STM32CubeIDE/plugins/com.st.stm32cube.ide.mcu.externaltools.gnu-tools-for-stm32.12.3.rel1.win32_1.1.0.202410251130/tools/bin/../lib/gcc/arm-none-eabi/12.3.1/../../../../arm-none-eabi/lib/thumb/v7e-m+fp/hard\libc_nano.a(libc_a-wbuf.o)
 .ARM.attributes
                0x00000a03       0x34 C:/ST/STM32CubeIDE_1.17.0/STM32CubeIDE/plugins/com.st.stm32cube.ide.mcu.externaltools.gnu-tools-for-stm32.12.3.rel1.win32_1.1.0.202410251130/tools/bin/../lib/gcc/arm-none-eabi/12.3.1/../../../../arm-none-eabi/lib/thumb/v7e-m+fp/hard\libc_nano.a(libc_a-wsetup.o)
 .ARM.attributes
                0x00000a37       0x34 C:/ST/STM32CubeIDE_1.17.0/STM32CubeIDE/plugins/com.st.stm32cube.ide.mcu.externaltools.gnu-tools-for-stm32.12.3.rel1.win32_1.1.0.202410251130/tools/bin/../lib/gcc/arm-none-eabi/12.3.1/../../../../arm-none-eabi/lib/thumb/v7e-m+fp/hard\libc_nano.a(libc_a-signal.o)
 .ARM.attributes
                0x00000a6b       0x34 C:/ST/STM32CubeIDE_1.17.0/STM32CubeIDE/plugins/com.st.stm32cube.ide.mcu.externaltools.gnu-tools-for-stm32.12.3.rel1.win32_1.1.0.202410251130/tools/bin/../lib/gcc/arm-none-eabi/12.3.1/../../../../arm-none-eabi/lib/thumb/v7e-m+fp/hard\libc_nano.a(libc_a-signalr.o)
 .ARM.attributes
                0x00000a9f       0x1c C:/ST/STM32CubeIDE_1.17.0/STM32CubeIDE/plugins/com.st.stm32cube.ide.mcu.externaltools.gnu-tools-for-stm32.12.3.rel1.win32_1.1.0.202410251130/tools/bin/../lib/gcc/arm-none-eabi/12.3.1/../../../../arm-none-eabi/lib/thumb/v7e-m+fp/hard\libc_nano.a(libc_a-memchr.o)
 .ARM.attributes
                0x00000abb       0x34 C:/ST/STM32CubeIDE_1.17.0/STM32CubeIDE/plugins/com.st.stm32cube.ide.mcu.externaltools.gnu-tools-for-stm32.12.3.rel1.win32_1.1.0.202410251130/tools/bin/../lib/gcc/arm-none-eabi/12.3.1/../../../../arm-none-eabi/lib/thumb/v7e-m+fp/hard\libc_nano.a(libc_a-makebuf.o)
 .ARM.attributes
                0x00000aef       0x34 C:/ST/STM32CubeIDE_1.17.0/STM32CubeIDE/plugins/com.st.stm32cube.ide.mcu.externaltools.gnu-tools-for-stm32.12.3.rel1.win32_1.1.0.202410251130/tools/bin/../lib/gcc/arm-none-eabi/12.3.1/../../../../arm-none-eabi/lib/thumb/v7e-m+fp/hard\libc_nano.a(libc_a-fstatr.o)
 .ARM.attributes
                0x00000b23       0x34 C:/ST/STM32CubeIDE_1.17.0/STM32CubeIDE/plugins/com.st.stm32cube.ide.mcu.externaltools.gnu-tools-for-stm32.12.3.rel1.win32_1.1.0.202410251130/tools/bin/../lib/gcc/arm-none-eabi/12.3.1/../../../../arm-none-eabi/lib/thumb/v7e-m+fp/hard\libc_nano.a(libc_a-isattyr.o)
 .ARM.attributes
                0x00000b57       0x22 C:/ST/STM32CubeIDE_1.17.0/STM32CubeIDE/plugins/com.st.stm32cube.ide.mcu.externaltools.gnu-tools-for-stm32.12.3.rel1.win32_1.1.0.202410251130/tools/bin/../lib/gcc/arm-none-eabi/12.3.1/thumb/v7e-m+fp/hard\libgcc.a(_aeabi_uldivmod.o)
 .ARM.attributes
                0x00000b79       0x34 C:/ST/STM32CubeIDE_1.17.0/STM32CubeIDE/plugins/com.st.stm32cube.ide.mcu.externaltools.gnu-tools-for-stm32.12.3.rel1.win32_1.1.0.202410251130/tools/bin/../lib/gcc/arm-none-eabi/12.3.1/thumb/v7e-m+fp/hard\libgcc.a(_udivmoddi4.o)
 .ARM.attributes
                0x00000bad       0x22 C:/ST/STM32CubeIDE_1.17.0/STM32CubeIDE/plugins/com.st.stm32cube.ide.mcu.externaltools.gnu-tools-for-stm32.12.3.rel1.win32_1.1.0.202410251130/tools/bin/../lib/gcc/arm-none-eabi/12.3.1/thumb/v7e-m+fp/hard\libgcc.a(_dvmd_tls.o)
 .ARM.attributes
                0x00000bcf       0x34 C:/ST/STM32CubeIDE_1.17.0/STM32CubeIDE/plugins/com.st.stm32cube.ide.mcu.externaltools.gnu-tools-for-stm32.12.3.rel1.win32_1.1.0.202410251130/tools/bin/../lib/gcc/arm-none-eabi/12.3.1/../../../../arm-none-eabi/lib/thumb/v7e-m+fp/hard\libnosys.a(gettod.o)
 .ARM.attributes
                0x00000c03       0x22 C:/ST/STM32CubeIDE_1.17.0/STM32CubeIDE/plugins/com.st.stm32cube.ide.mcu.externaltools.gnu-tools-for-stm32.12.3.rel1.win32_1.1.0.202410251130/tools/bin/../lib/gcc/arm-none-eabi/12.3.1/thumb/v7e-m+fp/hard/crtn.o
OUTPUT(TestRTOS.elf elf32-littlearm)
LOAD linker stubs
LOAD C:/ST/STM32CubeIDE_1.17.0/STM32CubeIDE/plugins/com.st.stm32cube.ide.mcu.externaltools.gnu-tools-for-stm32.12.3.rel1.win32_1.1.0.202410251130/tools/bin/../lib/gcc/arm-none-eabi/12.3.1/../../../../arm-none-eabi/lib/thumb/v7e-m+fp/hard\libc.a
LOAD C:/ST/STM32CubeIDE_1.17.0/STM32CubeIDE/plugins/com.st.stm32cube.ide.mcu.externaltools.gnu-tools-for-stm32.12.3.rel1.win32_1.1.0.202410251130/tools/bin/../lib/gcc/arm-none-eabi/12.3.1/../../../../arm-none-eabi/lib/thumb/v7e-m+fp/hard\libm.a
LOAD C:/ST/STM32CubeIDE_1.17.0/STM32CubeIDE/plugins/com.st.stm32cube.ide.mcu.externaltools.gnu-tools-for-stm32.12.3.rel1.win32_1.1.0.202410251130/tools/bin/../lib/gcc/arm-none-eabi/12.3.1/thumb/v7e-m+fp/hard\libgcc.a

.debug_info     0x00000000     0xdfa2
 .debug_info    0x00000000      0x2aa ./Core/FreeRTOS-Kernel/list.o
 .debug_info    0x000002aa     0x17b5 ./Core/FreeRTOS-Kernel/queue.o
 .debug_info    0x00001a5f     0x2690 ./Core/FreeRTOS-Kernel/tasks.o
 .debug_info    0x000040ef      0x575 ./Core/FreeRTOS-Kernel/portable/GCC/ARM_CM4F/port.o
 .debug_info    0x00004664      0x1ed ./Core/FreeRTOS-Kernel/portable/MemMang/heap_1.o
 .debug_info    0x00004851     0x1056 ./Core/Src/main.o
 .debug_info    0x000058a7      0x269 ./Core/Src/stm32f4xx_hal_msp.o
 .debug_info    0x00005b10      0xbe0 ./Core/Src/stm32f4xx_hal_timebase_tim.o
 .debug_info    0x000066f0      0x6ab ./Core/Src/stm32f4xx_it.o
 .debug_info    0x00006d9b      0x6a3 ./Core/Src/syscalls.o
 .debug_info    0x0000743e      0x168 ./Core/Src/sysmem.o
 .debug_info    0x000075a6      0x512 ./Core/Src/system_stm32f4xx.o
 .debug_info    0x00007ab8       0x30 ./Core/Startup/startup_stm32f407vgtx.o
 .debug_info    0x00007ae8      0x944 ./Drivers/STM32F4xx_HAL_Driver/Src/stm32f4xx_hal.o
 .debug_info    0x0000842c      0xd8c ./Drivers/STM32F4xx_HAL_Driver/Src/stm32f4xx_hal_cortex.o
 .debug_info    0x000091b8      0x6c3 ./Drivers/STM32F4xx_HAL_Driver/Src/stm32f4xx_hal_gpio.o
 .debug_info    0x0000987b      0x8af ./Drivers/STM32F4xx_HAL_Driver/Src/stm32f4xx_hal_rcc.o
 .debug_info    0x0000a12a     0x299d ./Drivers/STM32F4xx_HAL_Driver/Src/stm32f4xx_hal_tim.o
 .debug_info    0x0000cac7     0x14db ./Drivers/STM32F4xx_HAL_Driver/Src/stm32f4xx_hal_tim_ex.o

.debug_abbrev   0x00000000     0x2518
 .debug_abbrev  0x00000000       0xee ./Core/FreeRTOS-Kernel/list.o
 .debug_abbrev  0x000000ee      0x322 ./Core/FreeRTOS-Kernel/queue.o
 .debug_abbrev  0x00000410      0x380 ./Core/FreeRTOS-Kernel/tasks.o
 .debug_abbrev  0x00000790      0x235 ./Core/FreeRTOS-Kernel/portable/GCC/ARM_CM4F/port.o
 .debug_abbrev  0x000009c5      0x161 ./Core/FreeRTOS-Kernel/portable/MemMang/heap_1.o
 .debug_abbrev  0x00000b26      0x342 ./Core/Src/main.o
 .debug_abbrev  0x00000e68       0xd8 ./Core/Src/stm32f4xx_hal_msp.o
 .debug_abbrev  0x00000f40      0x1f4 ./Core/Src/stm32f4xx_hal_timebase_tim.o
 .debug_abbrev  0x00001134      0x17d ./Core/Src/stm32f4xx_it.o
 .debug_abbrev  0x000012b1      0x1b6 ./Core/Src/syscalls.o
 .debug_abbrev  0x00001467       0xbc ./Core/Src/sysmem.o
 .debug_abbrev  0x00001523      0x11a ./Core/Src/system_stm32f4xx.o
 .debug_abbrev  0x0000163d       0x24 ./Core/Startup/startup_stm32f407vgtx.o
 .debug_abbrev  0x00001661      0x214 ./Drivers/STM32F4xx_HAL_Driver/Src/stm32f4xx_hal.o
 .debug_abbrev  0x00001875      0x31d ./Drivers/STM32F4xx_HAL_Driver/Src/stm32f4xx_hal_cortex.o
 .debug_abbrev  0x00001b92      0x1d4 ./Drivers/STM32F4xx_HAL_Driver/Src/stm32f4xx_hal_gpio.o
 .debug_abbrev  0x00001d66      0x2b7 ./Drivers/STM32F4xx_HAL_Driver/Src/stm32f4xx_hal_rcc.o
 .debug_abbrev  0x0000201d      0x278 ./Drivers/STM32F4xx_HAL_Driver/Src/stm32f4xx_hal_tim.o
 .debug_abbrev  0x00002295      0x283 ./Drivers/STM32F4xx_HAL_Driver/Src/stm32f4xx_hal_tim_ex.o

.debug_aranges  0x00000000      0xe90
 .debug_aranges
                0x00000000       0x40 ./Core/FreeRTOS-Kernel/list.o
 .debug_aranges
                0x00000040      0x138 ./Core/FreeRTOS-Kernel/queue.o
 .debug_aranges
                0x00000178      0x218 ./Core/FreeRTOS-Kernel/tasks.o
 .debug_aranges
                0x00000390       0x80 ./Core/FreeRTOS-Kernel/portable/GCC/ARM_CM4F/port.o
 .debug_aranges
                0x00000410       0x40 ./Core/FreeRTOS-Kernel/portable/MemMang/heap_1.o
 .debug_aranges
                0x00000450       0x50 ./Core/Src/main.o
 .debug_aranges
                0x000004a0       0x20 ./Core/Src/stm32f4xx_hal_msp.o
 .debug_aranges
                0x000004c0       0x30 ./Core/Src/stm32f4xx_hal_timebase_tim.o
 .debug_aranges
                0x000004f0       0x50 ./Core/Src/stm32f4xx_it.o
 .debug_aranges
                0x00000540       0xa8 ./Core/Src/syscalls.o
 .debug_aranges
                0x000005e8       0x20 ./Core/Src/sysmem.o
 .debug_aranges
                0x00000608       0x28 ./Core/Src/system_stm32f4xx.o
 .debug_aranges
                0x00000630       0x28 ./Core/Startup/startup_stm32f407vgtx.o
 .debug_aranges
                0x00000658       0xf0 ./Drivers/STM32F4xx_HAL_Driver/Src/stm32f4xx_hal.o
 .debug_aranges
                0x00000748      0x130 ./Drivers/STM32F4xx_HAL_Driver/Src/stm32f4xx_hal_cortex.o
 .debug_aranges
                0x00000878       0x58 ./Drivers/STM32F4xx_HAL_Driver/Src/stm32f4xx_hal_gpio.o
 .debug_aranges
                0x000008d0       0x88 ./Drivers/STM32F4xx_HAL_Driver/Src/stm32f4xx_hal_rcc.o
 .debug_aranges
                0x00000958      0x3d0 ./Drivers/STM32F4xx_HAL_Driver/Src/stm32f4xx_hal_tim.o
 .debug_aranges
                0x00000d28      0x168 ./Drivers/STM32F4xx_HAL_Driver/Src/stm32f4xx_hal_tim_ex.o

.debug_rnglists
                0x00000000      0xb39
 .debug_rnglists
                0x00000000       0x2b ./Core/FreeRTOS-Kernel/list.o
 .debug_rnglists
                0x0000002b       0xf2 ./Core/FreeRTOS-Kernel/queue.o
 .debug_rnglists
                0x0000011d      0x1bb ./Core/FreeRTOS-Kernel/tasks.o
 .debug_rnglists
                0x000002d8       0x5d ./Core/FreeRTOS-Kernel/portable/GCC/ARM_CM4F/port.o
 .debug_rnglists
                0x00000335       0x2c ./Core/FreeRTOS-Kernel/portable/MemMang/heap_1.o
 .debug_rnglists
                0x00000361       0x3c ./Core/Src/main.o
 .debug_rnglists
                0x0000039d       0x13 ./Core/Src/stm32f4xx_hal_msp.o
 .debug_rnglists
                0x000003b0       0x20 ./Core/Src/stm32f4xx_hal_timebase_tim.o
 .debug_rnglists
                0x000003d0       0x37 ./Core/Src/stm32f4xx_it.o
 .debug_rnglists
                0x00000407       0x79 ./Core/Src/syscalls.o
 .debug_rnglists
                0x00000480       0x13 ./Core/Src/sysmem.o
 .debug_rnglists
                0x00000493       0x1a ./Core/Src/system_stm32f4xx.o
 .debug_rnglists
                0x000004ad       0x19 ./Core/Startup/startup_stm32f407vgtx.o
 .debug_rnglists
                0x000004c6       0xaf ./Drivers/STM32F4xx_HAL_Driver/Src/stm32f4xx_hal.o
 .debug_rnglists
                0x00000575       0xe0 ./Drivers/STM32F4xx_HAL_Driver/Src/stm32f4xx_hal_cortex.o
 .debug_rnglists
                0x00000655       0x3f ./Drivers/STM32F4xx_HAL_Driver/Src/stm32f4xx_hal_gpio.o
 .debug_rnglists
                0x00000694       0x66 ./Drivers/STM32F4xx_HAL_Driver/Src/stm32f4xx_hal_rcc.o
 .debug_rnglists
                0x000006fa      0x31a ./Drivers/STM32F4xx_HAL_Driver/Src/stm32f4xx_hal_tim.o
 .debug_rnglists
                0x00000a14      0x125 ./Drivers/STM32F4xx_HAL_Driver/Src/stm32f4xx_hal_tim_ex.o

.debug_macro    0x00000000    0x20a3c
 .debug_macro   0x00000000      0x1a2 ./Core/FreeRTOS-Kernel/list.o
 .debug_macro   0x000001a2      0x239 ./Core/FreeRTOS-Kernel/queue.o
 .debug_macro   0x000003db       0x16 ./Core/FreeRTOS-Kernel/queue.o
 .debug_macro   0x000003f1       0x35 ./Core/FreeRTOS-Kernel/queue.o
 .debug_macro   0x00000426       0x20 ./Core/FreeRTOS-Kernel/queue.o
 .debug_macro   0x00000446       0x80 ./Core/FreeRTOS-Kernel/queue.o
 .debug_macro   0x000004c6      0x2bf ./Core/FreeRTOS-Kernel/tasks.o
 .debug_macro   0x00000785       0x17 ./Core/FreeRTOS-Kernel/tasks.o
 .debug_macro   0x0000079c      0x1cf ./Core/FreeRTOS-Kernel/portable/GCC/ARM_CM4F/port.o
 .debug_macro   0x0000096b      0x1b7 ./Core/FreeRTOS-Kernel/portable/MemMang/heap_1.o
 .debug_macro   0x00000b22      0x2a3 ./Core/Src/main.o
 .debug_macro   0x00000dc5      0x295 ./Core/Src/main.o
 .debug_macro   0x0000105a       0x2e ./Core/Src/main.o
 .debug_macro   0x00001088       0x2f ./Core/Src/main.o
 .debug_macro   0x000010b7       0x1c ./Core/Src/main.o
 .debug_macro   0x000010d3       0x22 ./Core/Src/main.o
 .debug_macro   0x000010f5       0xfb ./Core/Src/main.o
 .debug_macro   0x000011f0     0x1011 ./Core/Src/main.o
 .debug_macro   0x00002201      0x11f ./Core/Src/main.o
 .debug_macro   0x00002320    0x15e97 ./Core/Src/main.o
 .debug_macro   0x000181b7       0x6d ./Core/Src/main.o
 .debug_macro   0x00018224     0x369a ./Core/Src/main.o
 .debug_macro   0x0001b8be       0x5c ./Core/Src/main.o
 .debug_macro   0x0001b91a      0x980 ./Core/Src/main.o
 .debug_macro   0x0001c29a      0x9e9 ./Core/Src/main.o
 .debug_macro   0x0001cc83      0x115 ./Core/Src/main.o
 .debug_macro   0x0001cd98      0x13e ./Core/Src/main.o
 .debug_macro   0x0001ced6       0xa5 ./Core/Src/main.o
 .debug_macro   0x0001cf7b      0x174 ./Core/Src/main.o
 .debug_macro   0x0001d0ef      0x287 ./Core/Src/main.o
 .debug_macro   0x0001d376       0x5f ./Core/Src/main.o
 .debug_macro   0x0001d3d5      0x236 ./Core/Src/main.o
 .debug_macro   0x0001d60b      0x12c ./Core/Src/main.o
 .debug_macro   0x0001d737      0x21e ./Core/Src/main.o
 .debug_macro   0x0001d955       0x2e ./Core/Src/main.o
 .debug_macro   0x0001d983      0x127 ./Core/Src/main.o
 .debug_macro   0x0001daaa       0x7e ./Core/Src/main.o
 .debug_macro   0x0001db28       0x89 ./Core/Src/main.o
 .debug_macro   0x0001dbb1      0x8ed ./Core/Src/main.o
 .debug_macro   0x0001e49e       0x4d ./Core/Src/main.o
 .debug_macro   0x0001e4eb      0x12d ./Core/Src/main.o
 .debug_macro   0x0001e618       0x10 ./Core/Src/main.o
 .debug_macro   0x0001e628       0xfa ./Core/Src/main.o
 .debug_macro   0x0001e722       0x86 ./Core/Src/main.o
 .debug_macro   0x0001e7a8       0x77 ./Core/Src/main.o
 .debug_macro   0x0001e81f      0x1d3 ./Core/Src/stm32f4xx_hal_msp.o
 .debug_macro   0x0001e9f2      0x1c4 ./Core/Src/stm32f4xx_hal_timebase_tim.o
 .debug_macro   0x0001ebb6      0x1dd ./Core/Src/stm32f4xx_it.o
 .debug_macro   0x0001ed93      0x274 ./Core/Src/syscalls.o
 .debug_macro   0x0001f007       0x10 ./Core/Src/syscalls.o
 .debug_macro   0x0001f017       0x10 ./Core/Src/syscalls.o
 .debug_macro   0x0001f027       0x10 ./Core/Src/syscalls.o
 .debug_macro   0x0001f037       0x10 ./Core/Src/syscalls.o
 .debug_macro   0x0001f047       0x1c ./Core/Src/syscalls.o
 .debug_macro   0x0001f063       0x52 ./Core/Src/syscalls.o
 .debug_macro   0x0001f0b5       0x22 ./Core/Src/syscalls.o
 .debug_macro   0x0001f0d7       0x10 ./Core/Src/syscalls.o
 .debug_macro   0x0001f0e7       0x52 ./Core/Src/syscalls.o
 .debug_macro   0x0001f139       0xcf ./Core/Src/syscalls.o
 .debug_macro   0x0001f208       0x1c ./Core/Src/syscalls.o
 .debug_macro   0x0001f224       0x3d ./Core/Src/syscalls.o
 .debug_macro   0x0001f261       0x35 ./Core/Src/syscalls.o
 .debug_macro   0x0001f296      0x12c ./Core/Src/syscalls.o
 .debug_macro   0x0001f3c2       0x10 ./Core/Src/syscalls.o
 .debug_macro   0x0001f3d2      0x242 ./Core/Src/syscalls.o
 .debug_macro   0x0001f614       0x1c ./Core/Src/syscalls.o
 .debug_macro   0x0001f630       0x10 ./Core/Src/syscalls.o
 .debug_macro   0x0001f640       0x10 ./Core/Src/syscalls.o
 .debug_macro   0x0001f650       0x16 ./Core/Src/syscalls.o
 .debug_macro   0x0001f666      0x146 ./Core/Src/syscalls.o
 .debug_macro   0x0001f7ac      0x18a ./Core/Src/syscalls.o
 .debug_macro   0x0001f936       0x16 ./Core/Src/syscalls.o
 .debug_macro   0x0001f94c       0xce ./Core/Src/syscalls.o
 .debug_macro   0x0001fa1a       0xff ./Core/Src/sysmem.o
 .debug_macro   0x0001fb19      0x23c ./Core/Src/sysmem.o
 .debug_macro   0x0001fd55      0x1c4 ./Core/Src/system_stm32f4xx.o
 .debug_macro   0x0001ff19      0x224 ./Drivers/STM32F4xx_HAL_Driver/Src/stm32f4xx_hal.o
 .debug_macro   0x0002013d      0x1c4 ./Drivers/STM32F4xx_HAL_Driver/Src/stm32f4xx_hal_cortex.o
 .debug_macro   0x00020301      0x1ca ./Drivers/STM32F4xx_HAL_Driver/Src/stm32f4xx_hal_gpio.o
 .debug_macro   0x000204cb      0x1e8 ./Drivers/STM32F4xx_HAL_Driver/Src/stm32f4xx_hal_rcc.o
 .debug_macro   0x000206b3      0x1c5 ./Drivers/STM32F4xx_HAL_Driver/Src/stm32f4xx_hal_tim.o
 .debug_macro   0x00020878      0x1c4 ./Drivers/STM32F4xx_HAL_Driver/Src/stm32f4xx_hal_tim_ex.o

.debug_line     0x00000000    0x10abc
 .debug_line    0x00000000      0x7fa ./Core/FreeRTOS-Kernel/list.o
 .debug_line    0x000007fa     0x163c ./Core/FreeRTOS-Kernel/queue.o
 .debug_line    0x00001e36     0x2107 ./Core/FreeRTOS-Kernel/tasks.o
 .debug_line    0x00003f3d      0x931 ./Core/FreeRTOS-Kernel/portable/GCC/ARM_CM4F/port.o
 .debug_line    0x0000486e      0x7ce ./Core/FreeRTOS-Kernel/portable/MemMang/heap_1.o